Information: Setting timing_save_pin_arrival_and_slack to TRUE and updating timing. (PTE-076)
Information: It is recommended that the variable timing_save_pin_arrival_and_slack be set before the initial timing update for optimal performance of this command. (PTE-077)
****************************************
Report : si_bottleneck
	-cost_type delta_delay
	-slack_lesser_than 10
	-all_nets
	-significant_digits 4
	-nosplit
	-minimum_active_aggressors 1
	-min
	-max
Design : user_project_wrapper
Version: T-2022.03-SP3
Date   : Sun Dec 11 06:24:28 2022
****************************************

 Bottleneck Cost:  delta_delay
 net                                                         cost
 ---------------------------------------------------------------------
 la_data_in[12]                                                3.4929
 la_data_out[13]                                               3.1824
 la_data_out[17]                                               3.1623
 la_data_out[16]                                               3.0327
 io_oeb[1]                                                     2.9894
 la_data_out[15]                                               2.9807
 la_data_in[0]                                                 2.4840
 la_oenb[4]                                                    2.3551
 wbs_dat_i[7]                                                  2.1905
 la_oenb[7]                                                    1.9097
 io_out[26]                                                    1.8488
 io_out[25]                                                    1.8025
 la_oenb[0]                                                    1.7378
 la_data_in[22]                                                1.7114
 la_data_out[14]                                               1.7053
 la_data_in[26]                                                1.6928
 la_oenb[20]                                                   1.6772
 la_data_in[8]                                                 1.6678
 io_out[0]                                                     1.6645
 la_oenb[21]                                                   1.6427
 la_data_in[21]                                                1.6195
 la_oenb[37]                                                   1.6109
 la_oenb[25]                                                   1.5979
 la_oenb[22]                                                   1.5908
 la_oenb[36]                                                   1.5791
 la_data_out[24]                                               1.5455
 la_data_out[19]                                               1.5155
 la_oenb[11]                                                   1.4572
 la_oenb[41]                                                   1.4460
 io_in[24]                                                     1.4066
 la_data_out[18]                                               1.3939
 la_data_out[20]                                               1.3815
 la_data_out[36]                                               1.3386
 la_data_out[23]                                               1.3347
 la_data_out[27]                                               1.3329
 la_oenb[23]                                                   1.3192
 la_data_out[25]                                               1.3187
 io_oeb[15]                                                    1.3141
 la_oenb[26]                                                   1.2970
 wbs_dat_o[8]                                                  1.2443
 wbs_dat_o[30]                                                 1.2276
 io_in[10]                                                     1.2216
 wbs_dat_o[6]                                                  1.2197
 io_in[22]                                                     1.2176
 io_oeb[37]                                                    1.1888
 io_in[30]                                                     1.1280
 la_data_in[60]                                                1.0930
 wbs_adr_i[1]                                                  1.0371
 la_data_in[3]                                                 0.9805
 wbs_adr_i[15]                                                 0.9719
 io_oeb[28]                                                    0.9173
 la_data_out[4]                                                0.9131
 io_out[27]                                                    0.9116
 la_data_in[15]                                                0.8998
 la_data_out[51]                                               0.8973
 io_in[9]                                                      0.8695
 la_data_in[13]                                                0.8665
 la_oenb[18]                                                   0.8613
 la_data_in[16]                                                0.8549
 io_in[15]                                                     0.8536
 io_out[33]                                                    0.8459
 wbs_adr_i[13]                                                 0.8353
 la_oenb[12]                                                   0.8203
 la_data_in[17]                                                0.8180
 la_data_out[6]                                                0.8153
 wbs_adr_i[14]                                                 0.8088
 la_data_out[3]                                                0.7967
 la_oenb[15]                                                   0.7857
 la_oenb[16]                                                   0.7832
 wbs_adr_i[16]                                                 0.7799
 wbs_adr_i[18]                                                 0.7751
 wbs_adr_i[10]                                                 0.7746
 la_oenb[14]                                                   0.7731
 io_in[28]                                                     0.7634
 wbs_adr_i[2]                                                  0.7574
 wbs_adr_i[20]                                                 0.7461
 io_out[23]                                                    0.7450
 wbs_dat_i[6]                                                  0.7449
 la_oenb[35]                                                   0.7410
 wbs_dat_i[20]                                                 0.7239
 io_out[28]                                                    0.7226
 la_oenb[13]                                                   0.7211
 la_data_out[63]                                               0.7137
 wbs_adr_i[9]                                                  0.6991
 io_out[29]                                                    0.6990
 wbs_adr_i[12]                                                 0.6969
 wbs_dat_i[17]                                                 0.6908
 la_data_out[50]                                               0.6773
 wbs_dat_o[19]                                                 0.6740
 io_oeb[9]                                                     0.6714
 la_data_in[49]                                                0.6669
 io_in[33]                                                     0.6655
 wbs_dat_i[13]                                                 0.6635
 wbs_dat_o[2]                                                  0.6588
 la_data_in[51]                                                0.6527
 la_data_out[11]                                               0.6502
 la_data_out[2]                                                0.6427
 wbs_adr_i[5]                                                  0.6394
 wbs_dat_i[9]                                                  0.6213
 wbs_adr_i[4]                                                  0.6128
 la_data_in[55]                                                0.6110
 la_data_out[9]                                                0.6089
 la_data_in[52]                                                0.6067
 la_oenb[63]                                                   0.6053
 la_data_in[48]                                                0.6037
 la_data_out[57]                                               0.6016
 la_oenb[19]                                                   0.5953
 la_data_in[39]                                                0.5822
 la_data_in[47]                                                0.5802
 la_data_in[57]                                                0.5738
 wbs_dat_o[27]                                                 0.5729
 la_data_in[24]                                                0.5692
 io_oeb[4]                                                     0.5661
 la_data_in[27]                                                0.5632
 wbs_dat_i[30]                                                 0.5605
 la_data_out[49]                                               0.5595
 wbs_dat_i[3]                                                  0.5593
 la_data_out[61]                                               0.5569
 wbs_dat_o[1]                                                  0.5564
 la_data_in[25]                                                0.5522
 wbs_dat_o[16]                                                 0.5485
 la_data_in[45]                                                0.5465
 la_data_in[34]                                                0.5430
 la_data_out[62]                                               0.5396
 wbs_dat_i[31]                                                 0.5381
 la_data_in[50]                                                0.5357
 wbs_adr_i[31]                                                 0.5339
 la_data_in[23]                                                0.5263
 io_in[5]                                                      0.5206
 la_data_in[44]                                                0.5142
 wbs_sel_i[3]                                                  0.5140
 wbs_adr_i[30]                                                 0.5133
 wbs_adr_i[17]                                                 0.5080
 wbs_dat_i[16]                                                 0.5010
 la_data_in[42]                                                0.4985
 io_oeb[3]                                                     0.4969
 wbs_dat_i[2]                                                  0.4920
 wbs_ack_o                                                     0.4872
 la_oenb[1]                                                    0.4863
 io_out[3]                                                     0.4796
 io_in[32]                                                     0.4763
 wbs_dat_i[12]                                                 0.4738
 la_data_in[54]                                                0.4721
 user_irq[0]                                                   0.4704
 la_data_in[19]                                                0.4702
 io_oeb[31]                                                    0.4675
 io_in[0]                                                      0.4662
 io_out[37]                                                    0.4635
 wbs_adr_i[8]                                                  0.4619
 la_data_out[40]                                               0.4597
 io_oeb[5]                                                     0.4591
 la_data_out[54]                                               0.4573
 la_data_out[33]                                               0.4553
 wbs_dat_i[1]                                                  0.4539
 wbs_dat_i[14]                                                 0.4535
 io_in[21]                                                     0.4506
 io_oeb[27]                                                    0.4505
 la_data_in[58]                                                0.4484
 io_in[23]                                                     0.4478
 io_oeb[8]                                                     0.4422
 la_data_out[45]                                               0.4407
 wbs_adr_i[0]                                                  0.4254
 la_data_in[10]                                                0.4249
 la_data_out[39]                                               0.4109
 la_data_out[46]                                               0.4104
 wbs_dat_o[11]                                                 0.4081
 wbs_adr_i[27]                                                 0.4061
 la_data_out[52]                                               0.4001
 wbs_adr_i[21]                                                 0.3998
 la_oenb[59]                                                   0.3971
 la_data_out[60]                                               0.3952
 la_oenb[39]                                                   0.3950
 wbs_dat_i[4]                                                  0.3946
 io_out[9]                                                     0.3878
 la_data_out[28]                                               0.3876
 wbs_dat_i[10]                                                 0.3857
 wbs_dat_i[28]                                                 0.3853
 wbs_adr_i[23]                                                 0.3844
 la_data_in[20]                                                0.3829
 la_data_out[8]                                                0.3731
 wbs_adr_i[22]                                                 0.3721
 la_data_out[47]                                               0.3707
 wbs_sel_i[2]                                                  0.3684
 wbs_dat_o[29]                                                 0.3614
 la_oenb[49]                                                   0.3612
 la_data_in[62]                                                0.3605
 io_out[8]                                                     0.3584
 wbs_adr_i[3]                                                  0.3532
 wbs_dat_o[23]                                                 0.3498
 la_data_out[32]                                               0.3432
 wbs_dat_i[0]                                                  0.3421
 la_data_out[31]                                               0.3401
 la_data_out[12]                                               0.3382
 la_oenb[5]                                                    0.3337
 io_oeb[10]                                                    0.3336
 la_data_out[7]                                                0.3325
 wbs_stb_i                                                     0.3317
 io_in[14]                                                     0.3289
 la_data_out[44]                                               0.3271
 la_data_out[53]                                               0.3265
 la_data_in[56]                                                0.3250
 la_data_in[11]                                                0.3191
 io_in[13]                                                     0.3159
 wbs_adr_i[6]                                                  0.3154
 wbs_dat_i[23]                                                 0.3143
 la_data_in[29]                                                0.3065
 la_data_out[10]                                               0.3058
 wbs_adr_i[7]                                                  0.3024
 wbs_dat_i[24]                                                 0.3019
 la_oenb[43]                                                   0.3015
 la_data_out[43]                                               0.2992
 io_out[11]                                                    0.2988
 la_data_in[1]                                                 0.2979
 wbs_dat_i[25]                                                 0.2905
 wbs_dat_o[28]                                                 0.2902
 wbs_adr_i[26]                                                 0.2845
 io_oeb[0]                                                     0.2824
 la_data_out[0]                                                0.2761
 wbs_dat_i[27]                                                 0.2748
 wbs_dat_o[18]                                                 0.2703
 la_data_out[1]                                                0.2680
 wbs_adr_i[25]                                                 0.2679
 wbs_dat_i[8]                                                  0.2670
 wbs_adr_i[24]                                                 0.2654
 wbs_adr_i[29]                                                 0.2651
 la_oenb[38]                                                   0.2601
 io_oeb[14]                                                    0.2597
 la_data_in[5]                                                 0.2581
 la_oenb[61]                                                   0.2566
 la_oenb[8]                                                    0.2555
 wbs_dat_o[20]                                                 0.2554
 la_data_in[38]                                                0.2550
 la_data_in[41]                                                0.2539
 la_data_out[56]                                               0.2539
 io_out[36]                                                    0.2525
 la_oenb[10]                                                   0.2502
 io_out[35]                                                    0.2501
 la_data_in[2]                                                 0.2456
 la_data_out[58]                                               0.2445
 la_data_out[5]                                                0.2441
 io_in[29]                                                     0.2439
 la_data_out[41]                                               0.2430
 la_data_in[59]                                                0.2384
 wbs_adr_i[28]                                                 0.2376
 io_out[22]                                                    0.2351
 la_data_in[35]                                                0.2324
 la_oenb[2]                                                    0.2309
 wbs_dat_i[11]                                                 0.2307
 la_data_out[22]                                               0.2258
 la_data_in[53]                                                0.2196
 io_in[16]                                                     0.2177
 la_data_out[30]                                               0.2170
 la_data_out[59]                                               0.2147
 la_data_in[36]                                                0.2141
 la_data_out[21]                                               0.2140
 la_data_in[46]                                                0.2127
 la_oenb[9]                                                    0.2119
 la_oenb[55]                                                   0.2109
 la_data_in[37]                                                0.2080
 user_irq[1]                                                   0.2070
 la_data_out[42]                                               0.2061
 wbs_dat_i[15]                                                 0.2060
 io_in[17]                                                     0.2050
 la_data_in[33]                                                0.2037
 wbs_dat_o[26]                                                 0.2036
 wbs_adr_i[19]                                                 0.1970
 la_data_in[43]                                                0.1963
 io_oeb[33]                                                    0.1928
 wbs_adr_i[11]                                                 0.1927
 wbs_dat_o[10]                                                 0.1870
 la_data_out[26]                                               0.1867
 la_data_in[6]                                                 0.1802
 la_data_out[55]                                               0.1766
 la_data_out[38]                                               0.1744
 la_oenb[54]                                                   0.1742
 wbs_dat_o[17]                                                 0.1680
 la_data_out[37]                                               0.1679
 io_out[30]                                                    0.1678
 wbs_we_i                                                      0.1640
 la_data_out[35]                                               0.1581
 la_data_in[14]                                                0.1564
 io_oeb[12]                                                    0.1554
 wbs_dat_o[25]                                                 0.1548
 la_oenb[27]                                                   0.1495
 io_in[27]                                                     0.1470
 la_data_in[30]                                                0.1468
 io_in[11]                                                     0.1465
 la_oenb[62]                                                   0.1455
 la_oenb[34]                                                   0.1431
 wbs_dat_o[24]                                                 0.1402
 la_data_in[61]                                                0.1382
 la_oenb[6]                                                    0.1379
 io_out[18]                                                    0.1363
 mprj/o_q_dly[95]                                              0.1341
 io_oeb[23]                                                    0.1318
 wbs_dat_o[21]                                                 0.1312
 io_out[21]                                                    0.1280
 io_oeb[19]                                                    0.1268
 la_oenb[3]                                                    0.1264
 user_irq[2]                                                   0.1228
 la_oenb[45]                                                   0.1228
 la_data_out[34]                                               0.1218
 la_oenb[28]                                                   0.1209
 io_oeb[36]                                                    0.1209
 la_oenb[52]                                                   0.1192
 la_data_in[28]                                                0.1185
 la_data_in[31]                                                0.1136
 wbs_cyc_i                                                     0.1107
 io_in[1]                                                      0.1092
 io_oeb[26]                                                    0.1029
 wbs_dat_o[4]                                                  0.1008
 wbs_dat_o[14]                                                 0.1003
 mprj/o_q_dly[121]                                             0.0996
 la_data_in[4]                                                 0.0987
 io_oeb[11]                                                    0.0980
 wbs_dat_o[15]                                                 0.0956
 la_oenb[46]                                                   0.0955
 la_data_in[32]                                                0.0925
 la_oenb[51]                                                   0.0885
 la_oenb[24]                                                   0.0884
 mprj/o_q[173]                                                 0.0871
 wbs_dat_o[12]                                                 0.0856
 la_oenb[30]                                                   0.0854
 la_data_out[29]                                               0.0824
 mprj/o_q_dly[92]                                              0.0805
 wbs_sel_i[0]                                                  0.0777
 la_data_in[63]                                                0.0767
 la_data_in[40]                                                0.0752
 mprj/o_q[91]                                                  0.0732
 la_oenb[44]                                                   0.0730
 wbs_dat_o[22]                                                 0.0704
 wbs_dat_o[5]                                                  0.0679
 mprj/o_q[84]                                                  0.0668
 mprj/o_q_dly[57]                                              0.0641
 io_oeb[32]                                                    0.0633
 io_in[12]                                                     0.0605
 io_oeb[17]                                                    0.0592
 wbs_dat_o[13]                                                 0.0587
 io_oeb[34]                                                    0.0570
 mprj/o_q_dly[112]                                             0.0566
 la_oenb[53]                                                   0.0560
 mprj/o_q[135]                                                 0.0550
 io_oeb[16]                                                    0.0543
 mprj/o_q_dly[104]                                             0.0519
 mprj/o_q_dly[88]                                              0.0506
 io_in[8]                                                      0.0505
 mprj/o_q_dly[91]                                              0.0498
 wbs_dat_o[0]                                                  0.0485
 mprj/o_q_dly[142]                                             0.0478
 wbs_dat_i[5]                                                  0.0470
 mprj/o_q_dly[15]                                              0.0464
 io_out[19]                                                    0.0450
 la_data_out[48]                                               0.0448
 io_oeb[22]                                                    0.0433
 mprj/o_q_dly[71]                                              0.0420
 io_oeb[30]                                                    0.0411
 mprj/o_q_dly[123]                                             0.0406
 mprj/o_q_dly[2]                                               0.0406
 mprj/o_q_dly[162]                                             0.0380
 mprj/buf_i[188]                                               0.0378
 io_oeb[18]                                                    0.0378
 wbs_dat_o[7]                                                  0.0373
 wbs_dat_o[9]                                                  0.0370
 mprj/o_q_dly[17]                                              0.0362
 mprj/o_q_dly[133]                                             0.0359
 mprj/o_q_dly[79]                                              0.0351
 io_oeb[24]                                                    0.0326
 mprj/o_q_dly[1]                                               0.0323
 mprj/buf_i[126]                                               0.0317
 mprj/o_q_dly[6]                                               0.0312
 la_oenb[40]                                                   0.0308
 mprj/buf_i[171]                                               0.0303
 la_data_in[7]                                                 0.0301
 mprj/o_q_dly[8]                                               0.0288
 mprj/buf_i[154]                                               0.0287
 io_out[24]                                                    0.0282
 mprj/o_q_dly[173]                                             0.0282
 mprj/o_q[57]                                                  0.0280
 mprj/o_q_dly[89]                                              0.0278
 mprj/o_q_dly[53]                                              0.0274
 mprj/o_q[86]                                                  0.0271
 la_oenb[29]                                                   0.0267
 mprj/buf_i[120]                                               0.0265
 mprj/o_q_dly[130]                                             0.0265
 wbs_dat_i[22]                                                 0.0262
 mprj/o_q_dly[129]                                             0.0262
 mprj/buf_i[183]                                               0.0255
 mprj/o_q_dly[3]                                               0.0253
 mprj/o_q[55]                                                  0.0252
 mprj/buf_i[156]                                               0.0248
 mprj/o_q_dly[84]                                              0.0244
 mprj/o_q_dly[10]                                              0.0242
 wbs_dat_i[26]                                                 0.0241
 mprj/o_q_dly[128]                                             0.0239
 mprj/buf_i[158]                                               0.0238
 wbs_dat_i[21]                                                 0.0237
 mprj/o_q_dly[169]                                             0.0236
 mprj/o_q_dly[124]                                             0.0235
 mprj/o_q_dly[158]                                             0.0234
 mprj/o_q_dly[122]                                             0.0230
 mprj/o_q_dly[54]                                              0.0223
 mprj/buf_i[92]                                                0.0222
 mprj/o_q_dly[160]                                             0.0221
 mprj/o_q[29]                                                  0.0213
 mprj/o_q_dly[69]                                              0.0212
 mprj/o_q[102]                                                 0.0210
 mprj/o_q_dly[16]                                              0.0203
 mprj/buf_i[109]                                               0.0202
 mprj/o_q_dly[120]                                             0.0202
 mprj/buf_i[175]                                               0.0201
 mprj/buf_i[9]                                                 0.0201
 wbs_dat_i[19]                                                 0.0199
 mprj/buf_i[114]                                               0.0199
 mprj/o_q_dly[77]                                              0.0198
 mprj/buf_i[152]                                               0.0196
 mprj/o_q_dly[52]                                              0.0195
 mprj/buf_i[34]                                                0.0194
 mprj/o_q_dly[65]                                              0.0194
 mprj/buf_i[48]                                                0.0190
 mprj/buf_i[185]                                               0.0189
 mprj/o_q_dly[81]                                              0.0187
 mprj/buf_i[187]                                               0.0186
 mprj/buf_i[216]                                               0.0179
 mprj/o_q_dly[135]                                             0.0177
 wbs_dat_i[18]                                                 0.0177
 mprj/o_q_dly[0]                                               0.0177
 mprj/o_q_dly[85]                                              0.0175
 mprj/buf_i[110]                                               0.0174
 mprj/buf_i[35]                                                0.0171
 mprj/buf_i[160]                                               0.0170
 mprj/o_q[19]                                                  0.0169
 mprj/buf_i[182]                                               0.0169
 mprj/buf_i[123]                                               0.0166
 mprj/buf_i[190]                                               0.0166
 mprj/o_q[7]                                                   0.0165
 mprj/o_q_dly[131]                                             0.0162
 mprj/o_q_dly[170]                                             0.0161
 mprj/o_q_dly[146]                                             0.0161
 mprj/o_q[16]                                                  0.0160
 mprj/buf_i[224]                                               0.0159
 mprj/o_q_dly[83]                                              0.0158
 mprj/buf_i[38]                                                0.0154
 mprj/o_q_dly[5]                                               0.0154
 mprj/buf_i[102]                                               0.0152
 mprj/o_q_dly[163]                                             0.0152
 mprj/o_q_dly[132]                                             0.0152
 mprj/o_q[5]                                                   0.0152
 mprj/buf_i[32]                                                0.0151
 mprj/o_q[129]                                                 0.0150
 mprj/buf_i[184]                                               0.0149
 mprj/o_q[52]                                                  0.0148
 mprj/o_q_dly[127]                                             0.0147
 mprj/buf_i[235]                                               0.0147
 mprj/o_q_dly[165]                                             0.0147
 mprj/o_q_dly[168]                                             0.0146
 mprj/buf_i[111]                                               0.0145
 mprj/o_q[56]                                                  0.0144
 mprj/buf_i[41]                                                0.0144
 la_oenb[31]                                                   0.0144
 mprj/buf_i[89]                                                0.0143
 mprj/o_q_dly[119]                                             0.0142
 mprj/buf_i[118]                                               0.0140
 mprj/o_q_dly[157]                                             0.0139
 mprj/o_q_dly[78]                                              0.0134
 mprj/o_q[169]                                                 0.0133
 mprj/o_q_dly[66]                                              0.0133
 mprj/o_q[134]                                                 0.0132
 mprj/buf_i[16]                                                0.0132
 mprj/buf_i[79]                                                0.0132
 mprj/buf_i[179]                                               0.0131
 mprj/o_q_dly[67]                                              0.0131
 mprj/buf_i[0]                                                 0.0130
 mprj/o_q_dly[90]                                              0.0130
 mprj/o_q[21]                                                  0.0129
 mprj/buf_i[33]                                                0.0128
 mprj/buf_i[113]                                               0.0126
 mprj/buf_i[223]                                               0.0126
 mprj/o_q[168]                                                 0.0124
 mprj/o_q[54]                                                  0.0124
 mprj/buf_i[108]                                               0.0124
 mprj/o_q_dly[94]                                              0.0122
 mprj/o_q[22]                                                  0.0118
 mprj/buf_i[93]                                                0.0114
 mprj/buf_i[178]                                               0.0113
 mprj/buf_i[215]                                               0.0112
 mprj/buf_i[155]                                               0.0111
 mprj/buf_i[176]                                               0.0110
 mprj/buf_i[2]                                                 0.0109
 mprj/buf_i[227]                                               0.0102
 mprj/o_q[94]                                                  0.0099
 mprj/o_q[20]                                                  0.0098
 mprj/o_q[137]                                                 0.0098
 mprj/buf_i[105]                                               0.0095
 mprj/buf_i[122]                                               0.0093
 mprj/buf_i[103]                                               0.0093
 mprj/buf_i[90]                                                0.0090
 mprj/o_q[172]                                                 0.0090
 mprj/o_q_dly[60]                                              0.0090
 mprj/o_q_dly[93]                                              0.0089
 mprj/o_q[95]                                                  0.0089
 mprj/buf_i[116]                                               0.0088
 mprj/buf_i[186]                                               0.0087
 mprj/buf_i[157]                                               0.0086
 mprj/buf_i[99]                                                0.0084
 mprj/buf_i[87]                                                0.0083
 mprj/buf_i[8]                                                 0.0081
 mprj/buf_i[205]                                               0.0080
 mprj/o_q[93]                                                  0.0080
 mprj/o_q[130]                                                 0.0079
 mprj/buf_i[153]                                               0.0079
 mprj/buf_i[232]                                               0.0078
 mprj/o_q[9]                                                   0.0076
 mprj/buf_i[177]                                               0.0076
 mprj/buf_i[88]                                                0.0075
 mprj/buf_i[231]                                               0.0074
 mprj/buf_i[167]                                               0.0073
 mprj/buf_i[14]                                                0.0073
 mprj/o_q[23]                                                  0.0072
 mprj/buf_i[230]                                               0.0072
 mprj/buf_i[15]                                                0.0072
 mprj/buf_i[169]                                               0.0071
 mprj/buf_i[191]                                               0.0069
 mprj/buf_i[127]                                               0.0068
 mprj/buf_i[197]                                               0.0066
 mprj/o_q[132]                                                 0.0065
 mprj/o_q[92]                                                  0.0065
 mprj/o_q[46]                                                  0.0065
 mprj/buf_i[189]                                               0.0064
 la_oenb[33]                                                   0.0063
 mprj/o_q_dly[164]                                             0.0062
 mprj/buf_i[144]                                               0.0061
 mprj/buf_i[91]                                                0.0059
 mprj/buf_i[115]                                               0.0058
 mprj/o_q[30]                                                  0.0056
 mprj/o_q_dly[76]                                              0.0055
 mprj/buf_i[4]                                                 0.0051
 mprj/o_q_dly[48]                                              0.0050
 mprj/buf_i[7]                                                 0.0049
 mprj/buf_i[119]                                               0.0048
 la_oenb[56]                                                   0.0047
 mprj/o_q[28]                                                  0.0046
 mprj/buf_i[159]                                               0.0046
 mprj/buf_i[112]                                               0.0044
 mprj/o_q_dly[64]                                              0.0044
 mprj/o_q[101]                                                 0.0044
 mprj/o_q[47]                                                  0.0042
 mprj/buf_i[12]                                                0.0041
 mprj/buf_i[94]                                                0.0040
 mprj/buf_i[225]                                               0.0038
 mprj/buf_i[125]                                               0.0038
 mprj/buf_i[5]                                                 0.0038
 mprj/o_q_dly[58]                                              0.0037
 mprj/o_q_dly[14]                                              0.0036
 la_oenb[50]                                                   0.0034
 mprj/o_q_dly[75]                                              0.0034
 mprj/buf_i[214]                                               0.0033
 mprj/buf_i[45]                                                0.0032
 mprj/buf_i[234]                                               0.0032
 mprj/o_q[100]                                                 0.0032
 mprj/o_q[142]                                                 0.0031
 mprj/buf_i[131]                                               0.0031
 io_in[6]                                                      0.0030
 mprj/o_q[122]                                                 0.0030
 mprj/buf_i[124]                                               0.0030
 mprj/buf_i[47]                                                0.0028
 mprj/o_q_dly[20]                                              0.0026
 mprj/buf_i[165]                                               0.0026
 mprj/buf_i[180]                                               0.0026
 mprj/buf_i[39]                                                0.0025
 mprj/buf_i[164]                                               0.0025
 mprj/buf_i[66]                                                0.0024
 mprj/buf_i[162]                                               0.0024
 mprj/buf_i[172]                                               0.0024
 mprj/buf_i[168]                                               0.0023
 mprj/buf_i[37]                                                0.0023
 mprj/buf_i[68]                                                0.0023
 mprj/buf_i[166]                                               0.0023
 mprj/buf_i[51]                                                0.0022
 mprj/buf_i[236]                                               0.0022
 mprj/o_q_dly[87]                                              0.0021
 la_oenb[32]                                                   0.0021
 mprj/buf_i[43]                                                0.0020
 mprj/buf_i[170]                                               0.0019
 wbs_dat_i[29]                                                 0.0019
 mprj/buf_i[173]                                               0.0019
 mprj/buf_i[107]                                               0.0018
 mprj/buf_i[101]                                               0.0017
 la_oenb[47]                                                   0.0017
 mprj/buf_i[199]                                               0.0017
 mprj/buf_i[150]                                               0.0015
 mprj/o_q_dly[72]                                              0.0015
 mprj/buf_i[46]                                                0.0015
 mprj/buf_i[85]                                                0.0015
 mprj/buf_i[96]                                                0.0014
 mprj/buf_i[106]                                               0.0014
 mprj/buf_i[78]                                                0.0014
 mprj/buf_i[151]                                               0.0013
 mprj/buf_i[97]                                                0.0012
 mprj/buf_i[36]                                                0.0010
 mprj/o_q[139]                                                 0.0009
 mprj/buf_i[194]                                               0.0009
 mprj/buf_i[132]                                               0.0008
 mprj/buf_i[65]                                                0.0008
 mprj/buf_i[219]                                               0.0006
 la_data_in[9]                                                 0.0004
 mprj/o_q_dly[140]                                             0.0002
 mprj/o_q_dly[97]                                              0.0002
 mprj/buf_i[198]                                               0.0001
 mprj/o_q[157]                                                -0.0000
 mprj/o_q[42]                                                  0.0000
 mprj/o_q[117]                                                -0.0000
 mprj/o_q[41]                                                  0.0000
 mprj/o_q_dly[56]                                              0.0000
 mprj/o_q_dly[149]                                             0.0000
 mprj/o_q[155]                                                 0.0000
 mprj/o_q[40]                                                  0.0000
 mprj/o_q_dly[9]                                              -0.0000
 mprj/o_q[1]                                                  -0.0000
 mprj/buf_i[64]                                               -0.0000
 mprj/o_q_dly[55]                                              0.0000
 mprj/o_q[97]                                                  0.0000
 mprj/o_q[0]                                                   0.0000
 mprj/o_q_dly[108]                                             0.0000
 mprj/o_q_dly[147]                                             0.0000
 mprj/o_q[17]                                                  0.0000
 mprj/o_q[111]                                                 0.0000
 mprj/o_q_dly[107]                                             0.0000
 mprj/o_q_dly[7]                                               0.0000
 mprj/buf_i[62]                                               -0.0000
 mprj/buf_i[22]                                               -0.0000
 mprj/o_q[15]                                                  0.0000
 mprj/o_q_dly[13]                                             -0.0000
 mprj/o_q_dly[106]                                             0.0000
 mprj/o_q_dly[145]                                             0.0000
 mprj/o_q[14]                                                 -0.0000
 mprj/o_q_dly[12]                                              0.0000
 mprj/o_q_dly[105]                                             0.0000
 mprj/o_q_dly[144]                                             0.0000
 mprj/o_q[128]                                                 0.0000
 mprj/o_q_dly[11]                                             -0.0000
 mprj/o_q_dly[4]                                               0.0000
 mprj/o_q_dly[50]                                             -0.0000
 mprj/o_q[167]                                                 0.0000
 wbs_sel_i[1]                                                 -0.0000
 io_in[4]                                                     -0.0000
 mprj/o_q_dly[143]                                             0.0000
 mprj/o_q_dly[103]                                             0.0000
 mprj/buf_i[163]                                              -0.0000
 mprj/o_q_dly[68]                                              0.0000
 mprj/o_q_dly[141]                                             0.0000
 mprj/o_q_dly[28]                                              0.0000
 mprj/o_q_dly[101]                                            -0.0000
 mprj/buf_i[121]                                              -0.0000
 mprj/o_q_dly[159]                                            -0.0000
 la_oenb[48]                                                  -0.0000
 mprj/o_q_dly[26]                                             -0.0000
 mprj/o_q_dly[118]                                             0.0000
 mprj/o_q_dly[117]                                             0.0000
 mprj/o_q_dly[63]                                              0.0000
 la_oenb[57]                                                  -0.0000
 mprj/o_q_dly[156]                                            -0.0000
 wbs_dat_o[3]                                                 -0.0000
 mprj/o_q_dly[23]                                              0.0000
 mprj/o_q_dly[62]                                              0.0000
 mprj/o_q_dly[22]                                              0.0000
 mprj/o_q_dly[61]                                              0.0000
 mprj/o_q_dly[21]                                              0.0000
 mprj/buf_i[202]                                              -0.0000
 mprj/o_q_dly[114]                                            -0.0000
 mprj/buf_i[201]                                              -0.0000
 mprj/o_q_dly[113]                                             0.0000
 la_oenb[58]                                                  -0.0000
 io_in[26]                                                    -0.0000
 io_in[31]                                                    -0.0000
 mprj/o_q_dly[152]                                            -0.0000
 mprj/o_q_dly[39]                                              0.0000
 mprj/o_q_dly[151]                                             0.0000
 mprj/o_q_dly[111]                                             0.0000
 mprj/buf_i[86]                                               -0.0000
 mprj/o_q_dly[110]                                             0.0000
 mprj/buf_i[130]                                              -0.0000
 mprj/o_q_dly[36]                                             -0.0000
 mprj/buf_i[84]                                               -0.0000
 mprj/o_q_dly[35]                                             -0.0000
 io_out[5]                                                    -0.0000
 io_out[6]                                                    -0.0000
 io_out[7]                                                    -0.0000
 io_out[10]                                                   -0.0000
 mprj/buf_i[83]                                               -0.0000
 mprj/o_q_dly[167]                                             0.0000
 io_out[31]                                                   -0.0000
 io_out[32]                                                   -0.0000
 io_out[34]                                                   -0.0000
 io_out[4]                                                    -0.0000
 mprj/o_q_dly[34]                                              0.0000
 mprj/o_q_dly[73]                                             -0.0000
 mprj/o_q_dly[166]                                             0.0000
 io_oeb[6]                                                    -0.0000
 io_oeb[7]                                                    -0.0000
 mprj/o_q[127]                                                 0.0000
 mprj/o_q[11]                                                 -0.0000
 mprj/o_q[126]                                                -0.0000
 mprj/o_q[50]                                                 -0.0000
 io_oeb[20]                                                   -0.0000
 io_oeb[21]                                                   -0.0000
 mprj/o_q[10]                                                  0.0000
 io_oeb[29]                                                   -0.0000
 mprj/o_q[125]                                                -0.0000
 mprj/o_q[164]                                                 0.0000
 mprj/o_q[68]                                                  0.0000
 mprj/o_q[67]                                                 -0.0000
 mprj/o_q[27]                                                  0.0000
 mprj/o_q_dly[126]                                            -0.0000
 mprj/o_q[121]                                                 0.0000
 mprj/o_q[26]                                                  0.0000
 mprj/buf_i[81]                                               -0.0000
 mprj/o_q[65]                                                 -0.0000
 mprj/o_q_dly[32]                                              0.0000
 mprj/buf_i[6]                                                -0.0000
 mprj/o_q_dly[125]                                             0.0000
 mprj/o_q[120]                                                 0.0000
 mprj/o_q[64]                                                  0.0000
 mprj/o_q[24]                                                 -0.0000
 mprj/buf_i[40]                                               -0.0000
 mprj/o_q_dly[31]                                              0.0000
 mprj/o_q[63]                                                 -0.0000
 mprj/o_q_dly[30]                                              0.0000
 mprj/o_q[138]                                                 0.0000
 mprj/o_q[62]                                                  0.0000
 mprj/buf_i[104]                                              -0.0000
 mprj/o_q_dly[49]                                              0.0000
 mprj/buf_i[18]                                               -0.0000
 mprj/o_q[39]                                                  0.0000
 mprj/o_q_dly[161]                                             0.0000
 mprj/o_q[78]                                                  0.0000
 mprj/buf_i[229]                                              -0.0000
 mprj/o_q[133]                                                -0.0000
 mprj/o_q[38]                                                  0.0000
 mprj/buf_i[181]                                              -0.0000
 mprj/buf_i[228]                                              -0.0000
 mprj/o_q[77]                                                  0.0000
 mprj/buf_i[95]                                               -0.0000
 mprj/o_q_dly[86]                                              0.0000
 mprj/o_q[35]                                                  0.0000
 mprj/o_q[74]                                                  0.0000
 mprj/o_q[148]                                                 0.0000
 mprj/o_q[108]                                                 0.0000
 mprj/o_q[72]                                                  0.0000
 mprj/buf_i[54]                                               -0.0000
 mprj/o_q_dly[45]                                             -0.0000
 mprj/o_q[147]                                                 0.0000
 mprj/buf_i[226]                                              -0.0000
 mprj/o_q_dly[138]                                             0.0000
 mprj/o_q[32]                                                 -0.0000
 mprj/o_q[146]                                                -0.0000
 mprj/o_q[31]                                                  0.0000
 mprj/o_q_dly[137]                                             0.0000
 mprj/o_q[70]                                                 -0.0000
 mprj/o_q[49]                                                 -0.0000
 mprj/o_q_dly[43]                                              0.0000
 mprj/o_q_dly[136]                                             0.0000
 mprj/o_q[104]                                                 0.0000
 mprj/o_q_dly[82]                                              0.0000
 mprj/o_q_dly[175]                                            -0.0000
 mprj/o_q[143]                                                 0.0000
 mprj/o_q[87]                                                 -0.0000
 mprj/o_q_dly[174]                                            -0.0000
 mprj/buf_i[50]                                               -0.0000
 mprj/o_q_dly[41]                                             -0.0000
 mprj/buf_i[222]                                              -0.0000
 mprj/buf_i[10]                                               -0.0000
 mprj/o_q[85]                                                  0.0000
 mprj/o_q[140]                                                 0.0000
 mprj/o_q_dly[80]                                              0.0000
 mprj/o_q_dly[40]                                             -0.0000
 mprj/o_q[8]                                                   0.0000
 mprj/o_q[45]                                                 -0.0000
 mprj/buf_i[29]                                               -0.0000
 mprj/buf_i[193]                                              -0.0000
 mprj/o_q[159]                                                 0.0000
 mprj/o_q_dly[59]                                             -0.0000
 mprj/o_q_dly[19]                                              0.0000
 mprj/o_q[44]                                                  0.0000
 mprj/o_q[119]                                                 0.0000
 mprj/o_q_dly[98]                                              0.0000
 mprj/o_q_dly[171]                                             0.0000
 mprj/buf_i[27]                                               -0.0000
 mprj/o_q_dly[18]                                              0.0000
 mprj/o_q[83]                                                 -0.0000
 mprj/o_q[6]                                                  -0.0000
 mprj/o_q[43]                                                 -0.0000
 mprj/o_q[118]                                                -0.0000
 la_oenb[17]                                                  -0.0000
 la_data_in[18]                                               -0.0000
 io_in[34]                                                    -0.0000

1
