Information: Setting timing_save_pin_arrival_and_slack to TRUE and updating timing. (PTE-076)
Information: It is recommended that the variable timing_save_pin_arrival_and_slack be set before the initial timing update for optimal performance of this command. (PTE-077)
****************************************
Report : si_bottleneck
	-cost_type delta_delay
	-slack_lesser_than 10
	-all_nets
	-significant_digits 4
	-nosplit
	-minimum_active_aggressors 1
	-min
	-max
Design : user_project_wrapper
Version: T-2022.03-SP3
Date   : Sun Dec 11 06:24:43 2022
****************************************

 Bottleneck Cost:  delta_delay
 net                                                         cost
 ---------------------------------------------------------------------
 la_data_out[13]                                               4.6245
 la_data_out[17]                                               4.5111
 la_data_out[15]                                               4.4174
 la_data_out[16]                                               4.3962
 la_data_in[12]                                                4.0596
 io_oeb[1]                                                     3.5637
 la_data_in[0]                                                 2.9636
 la_oenb[4]                                                    2.8438
 wbs_dat_i[7]                                                  2.6118
 la_oenb[7]                                                    2.5735
 io_out[26]                                                    2.1910
 la_data_in[22]                                                2.1387
 io_out[25]                                                    2.1231
 la_oenb[20]                                                   2.0999
 la_data_out[19]                                               2.0829
 la_oenb[0]                                                    2.0688
 la_data_in[8]                                                 2.0346
 la_data_in[26]                                                2.0219
 io_out[0]                                                     2.0194
 la_oenb[21]                                                   1.9607
 la_data_out[14]                                               1.9423
 la_oenb[37]                                                   1.9368
 la_oenb[25]                                                   1.9102
 la_data_in[21]                                                1.9071
 la_oenb[22]                                                   1.9004
 la_oenb[36]                                                   1.8954
 la_oenb[11]                                                   1.8029
 la_data_out[24]                                               1.7994
 la_data_out[18]                                               1.7800
 la_oenb[41]                                                   1.7352
 io_in[24]                                                     1.6929
 io_in[10]                                                     1.6902
 la_data_out[20]                                               1.6141
 la_oenb[23]                                                   1.5913
 la_oenb[26]                                                   1.5781
 la_data_out[23]                                               1.5573
 la_data_out[36]                                               1.5558
 la_data_out[27]                                               1.5544
 la_data_out[25]                                               1.5345
 io_oeb[15]                                                    1.5235
 io_in[30]                                                     1.5111
 wbs_adr_i[10]                                                 1.4678
 wbs_dat_o[8]                                                  1.4464
 wbs_dat_o[30]                                                 1.4295
 io_oeb[37]                                                    1.4174
 io_in[22]                                                     1.4166
 wbs_adr_i[13]                                                 1.4148
 wbs_dat_o[6]                                                  1.4105
 la_data_in[60]                                                1.3786
 wbs_adr_i[16]                                                 1.3526
 wbs_adr_i[1]                                                  1.3323
 la_data_in[3]                                                 1.2787
 wbs_adr_i[15]                                                 1.2272
 la_data_in[15]                                                1.2048
 la_data_in[13]                                                1.1877
 la_oenb[35]                                                   1.1809
 la_data_in[16]                                                1.1617
 wbs_adr_i[14]                                                 1.1431
 io_in[15]                                                     1.1202
 la_data_in[17]                                                1.1140
 la_oenb[12]                                                   1.1090
 io_in[9]                                                      1.0909
 la_oenb[13]                                                   1.0817
 la_oenb[15]                                                   1.0696
 io_out[27]                                                    1.0666
 la_oenb[16]                                                   1.0648
 io_oeb[28]                                                    1.0610
 la_oenb[14]                                                   1.0539
 la_data_out[4]                                                1.0115
 la_oenb[19]                                                   1.0058
 io_in[28]                                                     0.9974
 la_oenb[18]                                                   0.9840
 io_out[33]                                                    0.9702
 wbs_dat_i[31]                                                 0.9617
 wbs_adr_i[2]                                                  0.9589
 la_data_in[24]                                                0.9578
 wbs_adr_i[18]                                                 0.9552
 wbs_adr_i[12]                                                 0.9529
 la_data_in[25]                                                0.9335
 io_out[23]                                                    0.9284
 la_data_in[27]                                                0.9204
 wbs_dat_i[6]                                                  0.9048
 la_data_out[6]                                                0.9043
 la_data_in[51]                                                0.9019
 la_data_in[23]                                                0.9007
 la_data_out[3]                                                0.8955
 wbs_adr_i[9]                                                  0.8783
 wbs_adr_i[20]                                                 0.8691
 wbs_dat_i[17]                                                 0.8635
 la_data_in[55]                                                0.8634
 wbs_dat_i[13]                                                 0.8620
 wbs_dat_i[20]                                                 0.8494
 la_data_in[52]                                                0.8482
 la_data_in[57]                                                0.8315
 io_out[28]                                                    0.8083
 wbs_adr_i[5]                                                  0.8070
 la_data_in[54]                                                0.7991
 la_data_in[49]                                                0.7946
 io_out[29]                                                    0.7923
 la_data_out[50]                                               0.7858
 la_data_out[63]                                               0.7826
 wbs_dat_i[9]                                                  0.7764
 io_in[33]                                                     0.7756
 la_data_out[51]                                               0.7744
 io_oeb[9]                                                     0.7671
 la_data_in[50]                                                0.7621
 la_oenb[63]                                                   0.7588
 la_data_out[57]                                               0.7562
 wbs_dat_o[19]                                                 0.7558
 wbs_dat_o[2]                                                  0.7508
 la_data_in[48]                                                0.7307
 wbs_adr_i[4]                                                  0.7189
 wbs_dat_i[30]                                                 0.7005
 la_data_out[49]                                               0.6966
 la_data_in[47]                                                0.6894
 la_data_out[2]                                                0.6848
 la_data_out[11]                                               0.6764
 io_oeb[4]                                                     0.6755
 la_data_in[39]                                                0.6712
 la_data_out[9]                                                0.6687
 wbs_dat_i[16]                                                 0.6659
 wbs_dat_i[2]                                                  0.6597
 wbs_dat_i[3]                                                  0.6592
 la_data_in[34]                                                0.6573
 la_data_in[45]                                                0.6541
 wbs_sel_i[3]                                                  0.6515
 wbs_dat_o[1]                                                  0.6395
 la_data_out[61]                                               0.6368
 wbs_dat_o[16]                                                 0.6293
 wbs_adr_i[17]                                                 0.6183
 wbs_adr_i[31]                                                 0.6166
 io_in[0]                                                      0.6164
 wbs_adr_i[30]                                                 0.6132
 wbs_dat_o[27]                                                 0.6094
 io_in[5]                                                      0.6078
 la_data_in[44]                                                0.6069
 la_data_out[54]                                               0.5996
 la_data_in[10]                                                0.5992
 la_data_out[62]                                               0.5960
 la_data_in[42]                                                0.5944
 io_in[21]                                                     0.5739
 io_in[32]                                                     0.5719
 wbs_dat_i[12]                                                 0.5638
 wbs_adr_i[8]                                                  0.5586
 wbs_ack_o                                                     0.5555
 la_oenb[1]                                                    0.5494
 io_oeb[3]                                                     0.5488
 wbs_dat_i[1]                                                  0.5437
 io_oeb[31]                                                    0.5434
 la_data_out[45]                                               0.5432
 wbs_dat_i[14]                                                 0.5393
 user_irq[0]                                                   0.5384
 wbs_dat_i[28]                                                 0.5354
 io_out[37]                                                    0.5353
 la_data_in[58]                                                0.5266
 wbs_adr_i[6]                                                  0.5207
 la_oenb[59]                                                   0.5189
 wbs_adr_i[0]                                                  0.5179
 la_data_in[19]                                                0.5176
 la_data_out[52]                                               0.5170
 io_in[23]                                                     0.5164
 io_out[3]                                                     0.5164
 wbs_sel_i[2]                                                  0.5057
 la_data_out[60]                                               0.5042
 la_data_out[46]                                               0.5034
 io_oeb[27]                                                    0.4997
 io_oeb[5]                                                     0.4978
 la_oenb[39]                                                   0.4947
 la_data_out[40]                                               0.4928
 wbs_dat_o[11]                                                 0.4885
 io_oeb[8]                                                     0.4857
 wbs_dat_i[4]                                                  0.4836
 wbs_adr_i[21]                                                 0.4790
 la_data_out[39]                                               0.4774
 la_data_out[33]                                               0.4770
 wbs_adr_i[27]                                                 0.4723
 wbs_adr_i[23]                                                 0.4663
 wbs_dat_i[10]                                                 0.4601
 la_data_in[46]                                                0.4449
 la_oenb[49]                                                   0.4448
 la_data_out[53]                                               0.4424
 io_in[13]                                                     0.4411
 wbs_dat_o[29]                                                 0.4348
 wbs_adr_i[22]                                                 0.4344
 la_data_in[53]                                                0.4339
 la_oenb[43]                                                   0.4276
 la_data_out[47]                                               0.4239
 io_out[9]                                                     0.4228
 la_data_in[62]                                                0.4223
 la_data_in[59]                                                0.4214
 wbs_adr_i[3]                                                  0.4208
 la_data_out[44]                                               0.4182
 io_out[8]                                                     0.4084
 wbs_adr_i[26]                                                 0.4076
 la_data_out[28]                                               0.4076
 io_in[14]                                                     0.4067
 la_oenb[5]                                                    0.4060
 la_data_out[8]                                                0.4046
 wbs_dat_i[0]                                                  0.4032
 wbs_stb_i                                                     0.4021
 wbs_dat_o[23]                                                 0.3964
 la_data_in[20]                                                0.3952
 la_oenb[61]                                                   0.3912
 la_data_out[31]                                               0.3863
 la_data_out[12]                                               0.3823
 la_oenb[10]                                                   0.3819
 la_data_in[56]                                                0.3798
 io_oeb[10]                                                    0.3792
 la_data_out[32]                                               0.3742
 wbs_dat_i[11]                                                 0.3727
 wbs_dat_i[23]                                                 0.3722
 la_data_in[5]                                                 0.3703
 wbs_dat_i[8]                                                  0.3700
 wbs_adr_i[7]                                                  0.3644
 io_out[11]                                                    0.3607
 wbs_dat_i[24]                                                 0.3589
 wbs_dat_i[25]                                                 0.3569
 la_data_out[0]                                                0.3547
 la_data_out[7]                                                0.3539
 la_data_in[29]                                                0.3518
 la_data_in[11]                                                0.3482
 la_data_in[1]                                                 0.3432
 wbs_dat_o[28]                                                 0.3424
 wbs_dat_i[15]                                                 0.3411
 wbs_dat_i[27]                                                 0.3404
 io_oeb[0]                                                     0.3402
 la_data_out[43]                                               0.3399
 la_data_out[10]                                               0.3384
 la_oenb[38]                                                   0.3378
 la_oenb[55]                                                   0.3312
 io_in[29]                                                     0.3294
 la_data_out[1]                                                0.3206
 wbs_adr_i[24]                                                 0.3175
 wbs_adr_i[25]                                                 0.3157
 wbs_adr_i[29]                                                 0.3065
 wbs_dat_o[20]                                                 0.3049
 wbs_dat_o[18]                                                 0.3046
 la_data_out[58]                                               0.3032
 la_data_out[5]                                                0.3023
 la_data_in[38]                                                0.2973
 la_data_in[41]                                                0.2951
 la_oenb[54]                                                   0.2895
 io_oeb[14]                                                    0.2886
 la_data_in[2]                                                 0.2865
 io_out[36]                                                    0.2841
 wbs_adr_i[28]                                                 0.2787
 la_data_out[56]                                               0.2787
 la_oenb[3]                                                    0.2735
 la_data_in[35]                                                0.2728
 la_oenb[2]                                                    0.2727
 la_oenb[8]                                                    0.2723
 io_out[35]                                                    0.2719
 la_data_out[59]                                               0.2630
 io_out[22]                                                    0.2616
 la_oenb[45]                                                   0.2612
 la_oenb[62]                                                   0.2601
 la_data_out[22]                                               0.2583
 la_data_out[42]                                               0.2569
 la_data_in[33]                                                0.2556
 io_in[27]                                                     0.2531
 la_data_in[36]                                                0.2522
 io_in[16]                                                     0.2513
 wbs_adr_i[19]                                                 0.2484
 la_data_out[41]                                               0.2462
 la_data_in[37]                                                0.2420
 wbs_dat_o[26]                                                 0.2343
 la_data_in[43]                                                0.2326
 la_data_in[6]                                                 0.2319
 wbs_dat_o[10]                                                 0.2309
 la_oenb[6]                                                    0.2303
 wbs_adr_i[11]                                                 0.2287
 io_in[11]                                                     0.2270
 la_oenb[34]                                                   0.2231
 la_data_out[38]                                               0.2208
 la_oenb[9]                                                    0.2196
 user_irq[1]                                                   0.2190
 la_data_out[55]                                               0.2138
 io_in[17]                                                     0.2136
 la_data_out[30]                                               0.2135
 la_data_out[37]                                               0.2058
 wbs_dat_o[17]                                                 0.2047
 io_oeb[33]                                                    0.2042
 wbs_dat_o[25]                                                 0.2029
 la_oenb[30]                                                   0.1983
 la_data_out[35]                                               0.1982
 la_data_in[14]                                                0.1960
 la_data_in[30]                                                0.1958
 la_data_out[26]                                               0.1953
 la_data_out[21]                                               0.1919
 io_oeb[12]                                                    0.1896
 wbs_we_i                                                      0.1869
 la_oenb[27]                                                   0.1864
 la_data_in[4]                                                 0.1837
 wbs_dat_o[21]                                                 0.1775
 la_data_in[61]                                                0.1684
 wbs_dat_o[24]                                                 0.1669
 io_out[30]                                                    0.1638
 la_oenb[24]                                                   0.1616
 la_data_in[32]                                                0.1610
 la_data_out[34]                                               0.1556
 la_data_in[31]                                                0.1533
 la_oenb[28]                                                   0.1532
 la_data_in[40]                                                0.1506
 io_oeb[23]                                                    0.1496
 la_oenb[52]                                                   0.1476
 io_out[21]                                                    0.1472
 wbs_cyc_i                                                     0.1347
 io_oeb[19]                                                    0.1287
 la_data_in[28]                                                0.1257
 wbs_dat_o[4]                                                  0.1251
 io_out[18]                                                    0.1248
 io_oeb[36]                                                    0.1236
 wbs_dat_o[14]                                                 0.1231
 io_in[1]                                                      0.1224
 io_oeb[26]                                                    0.1217
 la_oenb[46]                                                   0.1188
 wbs_dat_o[15]                                                 0.1127
 mprj/o_q_dly[121]                                             0.1112
 mprj/o_q_dly[92]                                              0.1075
 io_oeb[11]                                                    0.1057
 la_oenb[51]                                                   0.1034
 mprj/o_q[173]                                                 0.1026
 wbs_dat_o[12]                                                 0.1000
 la_data_in[63]                                                0.0957
 wbs_sel_i[0]                                                  0.0954
 mprj/o_q[91]                                                  0.0902
 user_irq[2]                                                   0.0888
 wbs_dat_o[22]                                                 0.0845
 io_out[19]                                                    0.0840
 mprj/o_q_dly[57]                                              0.0749
 wbs_dat_o[5]                                                  0.0744
 wbs_dat_i[5]                                                  0.0744
 la_oenb[40]                                                   0.0724
 mprj/o_q_dly[112]                                             0.0720
 io_in[8]                                                      0.0704
 io_in[12]                                                     0.0693
 io_oeb[32]                                                    0.0661
 la_oenb[53]                                                   0.0661
 la_data_out[29]                                               0.0656
 io_oeb[17]                                                    0.0654
 la_oenb[33]                                                   0.0640
 mprj/o_q[135]                                                 0.0630
 wbs_dat_o[13]                                                 0.0628
 wbs_dat_o[0]                                                  0.0610
 mprj/o_q_dly[104]                                             0.0605
 mprj/o_q_dly[88]                                              0.0596
 io_oeb[16]                                                    0.0595
 io_oeb[34]                                                    0.0592
 mprj/o_q_dly[91]                                              0.0588
 mprj/o_q[84]                                                  0.0583
 io_out[5]                                                     0.0563
 mprj/o_q_dly[142]                                             0.0559
 mprj/o_q_dly[15]                                              0.0535
 la_data_out[48]                                               0.0535
 io_oeb[22]                                                    0.0510
 wbs_dat_o[9]                                                  0.0483
 mprj/o_q_dly[71]                                              0.0469
 mprj/buf_i[188]                                               0.0468
 wbs_dat_i[22]                                                 0.0468
 mprj/o_q_dly[2]                                               0.0466
 wbs_dat_o[7]                                                  0.0465
 wbs_dat_i[26]                                                 0.0458
 wbs_dat_i[21]                                                 0.0440
 la_oenb[31]                                                   0.0433
 mprj/o_q_dly[17]                                              0.0428
 mprj/o_q_dly[162]                                             0.0413
 io_oeb[18]                                                    0.0392
 wbs_dat_i[19]                                                 0.0384
 mprj/o_q_dly[6]                                               0.0379
 mprj/o_q_dly[95]                                              0.0378
 mprj/buf_i[126]                                               0.0371
 wbs_dat_i[18]                                                 0.0362
 mprj/o_q_dly[1]                                               0.0359
 la_data_in[7]                                                 0.0357
 io_oeb[24]                                                    0.0342
 mprj/o_q_dly[123]                                             0.0339
 mprj/buf_i[171]                                               0.0335
 mprj/o_q_dly[133]                                             0.0331
 mprj/buf_i[154]                                               0.0326
 mprj/o_q_dly[53]                                              0.0323
 mprj/o_q_dly[8]                                               0.0321
 mprj/o_q[57]                                                  0.0305
 mprj/o_q_dly[129]                                             0.0304
 mprj/o_q_dly[130]                                             0.0301
 mprj/buf_i[120]                                               0.0299
 mprj/o_q_dly[3]                                               0.0297
 mprj/buf_i[183]                                               0.0287
 la_oenb[47]                                                   0.0287
 la_oenb[17]                                                   0.0287
 mprj/o_q_dly[10]                                              0.0285
 mprj/buf_i[156]                                               0.0283
 mprj/o_q_dly[169]                                             0.0282
 mprj/o_q_dly[79]                                              0.0272
 io_out[24]                                                    0.0272
 mprj/o_q[55]                                                  0.0272
 mprj/o_q_dly[89]                                              0.0269
 mprj/o_q_dly[122]                                             0.0263
 mprj/o_q_dly[128]                                             0.0262
 mprj/buf_i[158]                                               0.0261
 mprj/o_q_dly[124]                                             0.0251
 mprj/o_q_dly[54]                                              0.0251
 mprj/o_q_dly[158]                                             0.0248
 mprj/o_q[101]                                                 0.0248
 mprj/o_q[102]                                                 0.0248
 la_oenb[50]                                                   0.0245
 mprj/buf_i[92]                                                0.0245
 mprj/o_q_dly[16]                                              0.0232
 la_oenb[44]                                                   0.0226
 mprj/buf_i[109]                                               0.0223
 mprj/buf_i[175]                                               0.0222
 mprj/buf_i[9]                                                 0.0219
 mprj/buf_i[185]                                               0.0219
 mprj/buf_i[114]                                               0.0218
 mprj/buf_i[34]                                                0.0217
 mprj/o_q[29]                                                  0.0216
 mprj/o_q_dly[65]                                              0.0216
 mprj/buf_i[216]                                               0.0207
 mprj/o_q_dly[52]                                              0.0204
 mprj/o_q_dly[85]                                              0.0204
 mprj/o_q_dly[77]                                              0.0202
 mprj/buf_i[110]                                               0.0194
 mprj/o_q[19]                                                  0.0194
 mprj/o_q_dly[84]                                              0.0193
 mprj/buf_i[187]                                               0.0193
 la_oenb[56]                                                   0.0193
 mprj/buf_i[190]                                               0.0192
 mprj/o_q_dly[69]                                              0.0192
 mprj/buf_i[35]                                                0.0190
 mprj/o_q[7]                                                   0.0190
 mprj/o_q_dly[135]                                             0.0189
 mprj/buf_i[160]                                               0.0188
 mprj/buf_i[182]                                               0.0187
 mprj/buf_i[123]                                               0.0186
 mprj/buf_i[152]                                               0.0185
 mprj/o_q_dly[0]                                               0.0183
 mprj/buf_i[38]                                                0.0176
 mprj/o_q_dly[5]                                               0.0175
 mprj/o_q_dly[120]                                             0.0174
 mprj/o_q[5]                                                   0.0174
 mprj/o_q[129]                                                 0.0171
 mprj/buf_i[224]                                               0.0171
 mprj/o_q[52]                                                  0.0171
 mprj/buf_i[32]                                                0.0170
 mprj/buf_i[102]                                               0.0168
 mprj/o_q[94]                                                  0.0167
 mprj/o_q_dly[170]                                             0.0166
 mprj/o_q_dly[83]                                              0.0166
 mprj/o_q_dly[132]                                             0.0165
 mprj/buf_i[41]                                                0.0164
 mprj/o_q[56]                                                  0.0164
 mprj/o_q_dly[146]                                             0.0163
 mprj/o_q_dly[163]                                             0.0161
 mprj/buf_i[235]                                               0.0160
 mprj/o_q_dly[168]                                             0.0160
 mprj/buf_i[184]                                               0.0158
 mprj/o_q_dly[131]                                             0.0158
 mprj/buf_i[118]                                               0.0156
 mprj/o_q_dly[127]                                             0.0156
 mprj/o_q_dly[165]                                             0.0156
 mprj/o_q[22]                                                  0.0156
 mprj/buf_i[111]                                               0.0156
 mprj/buf_i[89]                                                0.0155
 mprj/o_q[86]                                                  0.0155
 mprj/buf_i[227]                                               0.0154
 mprj/o_q[134]                                                 0.0153
 mprj/buf_i[48]                                                0.0153
 mprj/buf_i[179]                                               0.0151
 mprj/buf_i[79]                                                0.0148
 mprj/o_q[169]                                                 0.0148
 mprj/o_q_dly[81]                                              0.0147
 mprj/buf_i[16]                                                0.0147
 mprj/buf_i[0]                                                 0.0146
 mprj/o_q_dly[66]                                              0.0143
 mprj/o_q_dly[67]                                              0.0141
 mprj/o_q[21]                                                  0.0141
 mprj/o_q[168]                                                 0.0140
 mprj/o_q[54]                                                  0.0140
 mprj/o_q_dly[78]                                              0.0140
 mprj/buf_i[113]                                               0.0138
 mprj/o_q[20]                                                  0.0136
 mprj/o_q_dly[157]                                             0.0134
 mprj/buf_i[223]                                               0.0133
 mprj/buf_i[33]                                                0.0133
 mprj/o_q_dly[94]                                              0.0131
 mprj/buf_i[108]                                               0.0128
 mprj/buf_i[215]                                               0.0125
 mprj/o_q[132]                                                 0.0125
 mprj/buf_i[178]                                               0.0124
 mprj/buf_i[2]                                                 0.0118
 mprj/o_q_dly[93]                                              0.0118
 mprj/buf_i[155]                                               0.0117
 mprj/o_q_dly[90]                                              0.0116
 mprj/o_q_dly[60]                                              0.0105
 mprj/buf_i[105]                                               0.0103
 mprj/buf_i[191]                                               0.0101
 mprj/buf_i[90]                                                0.0101
 mprj/o_q[92]                                                  0.0101
 mprj/o_q[137]                                                 0.0100
 mprj/o_q[172]                                                 0.0100
 mprj/buf_i[205]                                               0.0099
 mprj/buf_i[116]                                               0.0096
 mprj/buf_i[186]                                               0.0095
 mprj/buf_i[176]                                               0.0093
 mprj/buf_i[157]                                               0.0092
 la_oenb[32]                                                   0.0090
 mprj/buf_i[8]                                                 0.0090
 mprj/o_q[130]                                                 0.0089
 mprj/o_q[100]                                                 0.0084
 mprj/o_q_dly[14]                                              0.0084
 mprj/buf_i[169]                                               0.0084
 mprj/o_q_dly[119]                                             0.0084
 mprj/buf_i[14]                                                0.0083
 mprj/buf_i[15]                                                0.0083
 mprj/buf_i[231]                                               0.0082
 io_in[6]                                                      0.0081
 mprj/o_q[105]                                                 0.0081
 mprj/buf_i[232]                                               0.0081
 mprj/buf_i[177]                                               0.0080
 mprj/buf_i[197]                                               0.0080
 mprj/buf_i[230]                                               0.0080
 mprj/o_q[9]                                                   0.0079
 mprj/buf_i[99]                                                0.0079
 mprj/buf_i[153]                                               0.0078
 mprj/buf_i[93]                                                0.0077
 mprj/buf_i[88]                                                0.0077
 mprj/o_q[41]                                                  0.0077
 mprj/o_q[23]                                                  0.0075
 mprj/buf_i[87]                                                0.0074
 mprj/buf_i[189]                                               0.0070
 mprj/buf_i[91]                                                0.0068
 mprj/buf_i[122]                                               0.0068
 mprj/o_q[46]                                                  0.0068
 mprj/o_q_dly[160]                                             0.0066
 mprj/buf_i[115]                                               0.0064
 mprj/o_q_dly[164]                                             0.0063
 mprj/o_q[30]                                                  0.0059
 mprj/o_q_dly[48]                                              0.0059
 mprj/buf_i[144]                                               0.0057
 mprj/buf_i[94]                                                0.0055
 mprj/buf_i[159]                                               0.0054
 mprj/buf_i[4]                                                 0.0054
 wbs_dat_i[29]                                                 0.0053
 mprj/buf_i[7]                                                 0.0052
 mprj/buf_i[5]                                                 0.0051
 mprj/buf_i[194]                                               0.0051
 mprj/buf_i[119]                                               0.0048
 mprj/o_q[28]                                                  0.0047
 mprj/o_q[139]                                                 0.0047
 mprj/o_q[51]                                                  0.0046
 mprj/buf_i[125]                                               0.0046
 mprj/o_q[99]                                                  0.0044
 mprj/o_q[47]                                                  0.0044
 mprj/o_q_dly[58]                                              0.0041
 mprj/buf_i[127]                                               0.0040
 mprj/buf_i[214]                                               0.0040
 mprj/o_q[95]                                                  0.0039
 mprj/buf_i[225]                                               0.0036
 mprj/buf_i[234]                                               0.0034
 la_oenb[42]                                                   0.0033
 mprj/buf_i[103]                                               0.0033
 mprj/o_q[142]                                                 0.0032
 mprj/buf_i[124]                                               0.0032
 mprj/buf_i[180]                                               0.0031
 mprj/buf_i[112]                                               0.0030
 mprj/buf_i[131]                                               0.0029
 io_in[25]                                                     0.0029
 mprj/o_q[16]                                                  0.0029
 mprj/buf_i[39]                                                0.0029
 mprj/buf_i[37]                                                0.0028
 mprj/buf_i[47]                                                0.0027
 mprj/buf_i[164]                                               0.0026
 mprj/o_q_dly[20]                                              0.0026
 mprj/o_q_dly[96]                                              0.0026
 mprj/buf_i[162]                                               0.0025
 mprj/buf_i[172]                                               0.0024
 mprj/buf_i[66]                                                0.0024
 mprj/buf_i[68]                                                0.0024
 mprj/buf_i[168]                                               0.0024
 mprj/buf_i[43]                                                0.0024
 mprj/o_q[93]                                                  0.0024
 mprj/buf_i[166]                                               0.0024
 mprj/buf_i[236]                                               0.0023
 mprj/o_q[96]                                                  0.0022
 mprj/o_q_dly[68]                                              0.0021
 mprj/buf_i[170]                                               0.0020
 mprj/buf_i[101]                                               0.0020
 mprj/buf_i[107]                                               0.0019
 mprj/buf_i[45]                                                0.0019
 mprj/buf_i[198]                                               0.0018
 mprj/buf_i[150]                                               0.0018
 mprj/buf_i[46]                                                0.0018
 mprj/buf_i[165]                                               0.0018
 mprj/buf_i[85]                                                0.0017
 mprj/buf_i[173]                                               0.0015
 mprj/buf_i[78]                                                0.0015
 mprj/buf_i[86]                                                0.0014
 mprj/buf_i[97]                                                0.0013
 mprj/buf_i[36]                                                0.0011
 mprj/buf_i[151]                                               0.0011
 la_data_in[9]                                                 0.0010
 mprj/buf_i[132]                                               0.0009
 mprj/buf_i[65]                                                0.0009
 mprj/o_q[58]                                                  0.0007
 mprj/buf_i[96]                                                0.0003
 mprj/buf_i[106]                                               0.0003
 mprj/o_q_dly[72]                                              0.0002
 mprj/buf_i[193]                                               0.0002
 mprj/o_q_dly[59]                                             -0.0000
 mprj/o_q[6]                                                  -0.0000
 mprj/o_q[43]                                                 -0.0000
 mprj/o_q_dly[19]                                              0.0000
 mprj/o_q_dly[98]                                             -0.0000
 mprj/o_q_dly[171]                                             0.0000
 mprj/o_q[118]                                                -0.0000
 mprj/buf_i[27]                                               -0.0000
 mprj/o_q_dly[18]                                              0.0000
 mprj/o_q[157]                                                -0.0000
 mprj/o_q[42]                                                  0.0000
 mprj/o_q[117]                                                 0.0000
 mprj/o_q[155]                                                 0.0000
 mprj/o_q_dly[56]                                              0.0000
 mprj/o_q[40]                                                  0.0000
 mprj/o_q_dly[149]                                             0.0000
 mprj/o_q_dly[9]                                               0.0000
 mprj/buf_i[64]                                               -0.0000
 mprj/o_q_dly[55]                                              0.0000
 mprj/o_q[1]                                                  -0.0000
 mprj/o_q[97]                                                  0.0000
 mprj/o_q[0]                                                   0.0000
 mprj/o_q_dly[108]                                             0.0000
 mprj/o_q[17]                                                  0.0000
 mprj/o_q_dly[147]                                             0.0000
 mprj/o_q_dly[107]                                             0.0000
 mprj/o_q_dly[7]                                               0.0000
 mprj/buf_i[62]                                               -0.0000
 mprj/o_q[111]                                                 0.0000
 mprj/buf_i[22]                                               -0.0000
 mprj/o_q_dly[13]                                             -0.0000
 mprj/o_q_dly[106]                                             0.0000
 mprj/o_q_dly[145]                                             0.0000
 mprj/o_q_dly[12]                                              0.0000
 mprj/o_q_dly[105]                                             0.0000
 mprj/o_q[15]                                                  0.0000
 mprj/o_q[14]                                                 -0.0000
 io_in[4]                                                     -0.0000
 mprj/o_q_dly[144]                                             0.0000
 mprj/o_q_dly[11]                                             -0.0000
 mprj/o_q_dly[4]                                               0.0000
 mprj/o_q_dly[50]                                             -0.0000
 mprj/o_q[128]                                                 0.0000
 mprj/o_q_dly[143]                                             0.0000
 mprj/o_q_dly[103]                                             0.0000
 mprj/o_q[167]                                                 0.0000
 mprj/buf_i[163]                                              -0.0000
 mprj/o_q_dly[141]                                             0.0000
 mprj/o_q_dly[28]                                              0.0000
 mprj/o_q_dly[101]                                            -0.0000
 wbs_sel_i[1]                                                 -0.0000
 mprj/buf_i[121]                                              -0.0000
 mprj/o_q_dly[159]                                            -0.0000
 mprj/o_q_dly[26]                                             -0.0000
 la_oenb[57]                                                  -0.0000
 mprj/o_q_dly[118]                                             0.0000
 mprj/buf_i[95]                                               -0.0000
 mprj/o_q_dly[117]                                             0.0000
 mprj/o_q_dly[63]                                              0.0000
 la_oenb[29]                                                  -0.0000
 mprj/o_q_dly[156]                                            -0.0000
 mprj/o_q_dly[23]                                              0.0000
 mprj/o_q_dly[62]                                              0.0000
 la_oenb[48]                                                  -0.0000
 wbs_dat_o[3]                                                 -0.0000
 mprj/o_q_dly[22]                                              0.0000
 mprj/o_q_dly[61]                                              0.0000
 la_oenb[58]                                                  -0.0000
 io_in[26]                                                    -0.0000
 io_in[31]                                                    -0.0000
 mprj/o_q_dly[21]                                              0.0000
 mprj/buf_i[202]                                              -0.0000
 mprj/o_q_dly[114]                                            -0.0000
 mprj/buf_i[201]                                              -0.0000
 mprj/o_q_dly[113]                                             0.0000
 mprj/o_q_dly[152]                                            -0.0000
 mprj/o_q_dly[39]                                              0.0000
 mprj/o_q_dly[151]                                             0.0000
 mprj/o_q_dly[111]                                             0.0000
 mprj/o_q_dly[110]                                             0.0000
 mprj/buf_i[130]                                              -0.0000
 mprj/o_q_dly[36]                                             -0.0000
 mprj/buf_i[84]                                               -0.0000
 mprj/o_q_dly[35]                                             -0.0000
 mprj/buf_i[83]                                               -0.0000
 io_out[4]                                                    -0.0000
 mprj/o_q_dly[167]                                             0.0000
 mprj/o_q_dly[34]                                              0.0000
 io_out[6]                                                    -0.0000
 io_out[7]                                                    -0.0000
 io_out[10]                                                   -0.0000
 io_out[14]                                                   -0.0000
 io_out[17]                                                   -0.0000
 mprj/o_q_dly[73]                                             -0.0000
 mprj/o_q_dly[166]                                             0.0000
 mprj/o_q[127]                                                 0.0000
 io_out[31]                                                   -0.0000
 io_out[32]                                                   -0.0000
 io_out[34]                                                   -0.0000
 mprj/o_q[11]                                                 -0.0000
 mprj/o_q[126]                                                -0.0000
 mprj/o_q[50]                                                 -0.0000
 mprj/o_q[10]                                                  0.0000
 mprj/o_q[164]                                                 0.0000
 io_oeb[6]                                                    -0.0000
 io_oeb[7]                                                    -0.0000
 mprj/o_q[68]                                                  0.0000
 mprj/o_q[67]                                                 -0.0000
 mprj/o_q[27]                                                  0.0000
 mprj/o_q[121]                                                 0.0000
 io_oeb[20]                                                   -0.0000
 io_oeb[21]                                                   -0.0000
 mprj/o_q[26]                                                  0.0000
 mprj/o_q[65]                                                 -0.0000
 mprj/o_q[120]                                                 0.0000
 mprj/o_q[64]                                                  0.0000
 io_oeb[29]                                                   -0.0000
 io_oeb[30]                                                   -0.0000
 mprj/o_q[24]                                                 -0.0000
 mprj/o_q_dly[126]                                            -0.0000
 mprj/o_q[63]                                                 -0.0000
 mprj/o_q[138]                                                 0.0000
 mprj/o_q[62]                                                  0.0000
 mprj/buf_i[81]                                               -0.0000
 mprj/o_q_dly[32]                                              0.0000
 mprj/buf_i[6]                                                -0.0000
 mprj/o_q_dly[125]                                             0.0000
 mprj/buf_i[40]                                               -0.0000
 mprj/o_q_dly[31]                                              0.0000
 mprj/o_q[39]                                                  0.0000
 mprj/o_q_dly[30]                                              0.0000
 mprj/o_q[78]                                                  0.0000
 mprj/buf_i[104]                                              -0.0000
 mprj/o_q[133]                                                -0.0000
 mprj/o_q_dly[49]                                              0.0000
 mprj/buf_i[18]                                               -0.0000
 mprj/o_q[38]                                                  0.0000
 mprj/o_q[77]                                                  0.0000
 mprj/o_q[35]                                                  0.0000
 mprj/o_q[74]                                                  0.0000
 mprj/o_q_dly[161]                                             0.0000
 mprj/o_q[148]                                                 0.0000
 mprj/buf_i[229]                                              -0.0000
 mprj/o_q[108]                                                 0.0000
 mprj/o_q[72]                                                  0.0000
 mprj/buf_i[181]                                              -0.0000
 mprj/o_q[147]                                                 0.0000
 mprj/buf_i[228]                                              -0.0000
 mprj/o_q[146]                                                -0.0000
 mprj/o_q_dly[86]                                              0.0000
 mprj/o_q[31]                                                  0.0000
 mprj/o_q[70]                                                 -0.0000
 mprj/o_q_dly[139]                                            -0.0000
 mprj/buf_i[54]                                               -0.0000
 mprj/o_q_dly[45]                                             -0.0000
 mprj/o_q[49]                                                 -0.0000
 mprj/o_q[104]                                                 0.0000
 mprj/buf_i[226]                                              -0.0000
 mprj/o_q_dly[138]                                             0.0000
 mprj/o_q[143]                                                 0.0000
 mprj/o_q[87]                                                 -0.0000
 mprj/o_q_dly[137]                                             0.0000
 mprj/o_q_dly[43]                                              0.0000
 mprj/o_q_dly[136]                                             0.0000
 mprj/o_q_dly[82]                                              0.0000
 mprj/o_q_dly[175]                                            -0.0000
 mprj/o_q[85]                                                  0.0000
 mprj/o_q[140]                                                 0.0000
 mprj/o_q[8]                                                   0.0000
 mprj/o_q_dly[174]                                            -0.0000
 mprj/buf_i[50]                                               -0.0000
 mprj/o_q_dly[41]                                             -0.0000
 mprj/buf_i[222]                                              -0.0000
 mprj/buf_i[10]                                               -0.0000
 mprj/o_q[45]                                                 -0.0000
 mprj/o_q_dly[80]                                              0.0000
 mprj/o_q_dly[40]                                             -0.0000
 mprj/o_q[159]                                                 0.0000
 mprj/o_q[44]                                                  0.0000
 mprj/o_q[119]                                                 0.0000
 mprj/o_q[83]                                                 -0.0000
 la_data_in[18]                                               -0.0000
 io_in[20]                                                    -0.0000
 io_in[34]                                                    -0.0000

1
