****************************************
Report : analysis_coverage
	-status_details {untested}
	-sort_by slack
Design : user_project_wrapper
Version: T-2022.03-SP3
Date   : Sun Dec 11 11:32:51 2022
****************************************

Type of Check         Total              Met         Violated         Untested
--------------------------------------------------------------------------------
setup                   413       234 ( 57%)         3 (  1%)       176 ( 43%)
hold                    413         0 (  0%)       237 ( 57%)       176 ( 43%)
min_period             1239      1063 ( 86%)         0 (  0%)       176 ( 14%)
min_pulse_width        2478      2126 ( 86%)         0 (  0%)       352 ( 14%)
out_setup               176         0 (  0%)       176 (100%)         0 (  0%)
out_hold                176       176 (100%)         0 (  0%)         0 (  0%)
--------------------------------------------------------------------------------
All Checks             4895      3599 ( 74%)       416 (  8%)       880 ( 18%)


Constrained          Related           Check
Pin                  Pin     Clock     Type    Condition      Slack  Reason
--------------------------------------------------------------------------------
mprj/o_FF[173]/D     CLK(rise) -       hold    -           untested  constant_disabled
mprj/o_FF[173]/D     CLK(rise) -       setup   -           untested  constant_disabled
mprj/o_FF[173]/CLK   -       -         min_period sdf_cond(ENABLE_D===1'b1) untested constant_disabled
mprj/o_FF[173]/CLK(high) -   -         min_pulse_width sdf_cond(ENABLE_D===1'b1) untested constant_disabled
mprj/o_FF[173]/CLK(low) -    -         min_pulse_width sdf_cond(ENABLE_D===1'b1) untested constant_disabled
mprj/o_FF[174]/D     CLK(rise) -       hold    -           untested  constant_disabled
mprj/o_FF[174]/D     CLK(rise) -       setup   -           untested  constant_disabled
mprj/o_FF[174]/CLK   -       -         min_period sdf_cond(ENABLE_D===1'b1) untested constant_disabled
mprj/o_FF[174]/CLK(high) -   -         min_pulse_width sdf_cond(ENABLE_D===1'b1) untested constant_disabled
mprj/o_FF[174]/CLK(low) -    -         min_pulse_width sdf_cond(ENABLE_D===1'b1) untested constant_disabled
mprj/o_FF[175]/D     CLK(rise) -       hold    -           untested  constant_disabled
mprj/o_FF[175]/D     CLK(rise) -       setup   -           untested  constant_disabled
mprj/o_FF[175]/CLK   -       -         min_period sdf_cond(ENABLE_D===1'b1) untested constant_disabled
mprj/o_FF[175]/CLK(high) -   -         min_pulse_width sdf_cond(ENABLE_D===1'b1) untested constant_disabled
mprj/o_FF[175]/CLK(low) -    -         min_pulse_width sdf_cond(ENABLE_D===1'b1) untested constant_disabled
mprj/o_FF[10]/D      CLK(rise) -       hold    -           untested  constant_disabled
mprj/o_FF[10]/D      CLK(rise) -       setup   -           untested  constant_disabled
mprj/o_FF[10]/CLK    -       -         min_period sdf_cond(ENABLE_D===1'b1) untested constant_disabled
mprj/o_FF[10]/CLK(high) -    -         min_pulse_width sdf_cond(ENABLE_D===1'b1) untested constant_disabled
mprj/o_FF[10]/CLK(low) -     -         min_pulse_width sdf_cond(ENABLE_D===1'b1) untested constant_disabled
mprj/o_FF[11]/D      CLK(rise) -       hold    -           untested  constant_disabled
mprj/o_FF[11]/D      CLK(rise) -       setup   -           untested  constant_disabled
mprj/o_FF[11]/CLK    -       -         min_period sdf_cond(ENABLE_D===1'b1) untested constant_disabled
mprj/o_FF[11]/CLK(high) -    -         min_pulse_width sdf_cond(ENABLE_D===1'b1) untested constant_disabled
mprj/o_FF[11]/CLK(low) -     -         min_pulse_width sdf_cond(ENABLE_D===1'b1) untested constant_disabled
mprj/o_FF[12]/D      CLK(rise) -       hold    -           untested  constant_disabled
mprj/o_FF[12]/D      CLK(rise) -       setup   -           untested  constant_disabled
mprj/o_FF[12]/CLK    -       -         min_period sdf_cond(ENABLE_D===1'b1) untested constant_disabled
mprj/o_FF[12]/CLK(high) -    -         min_pulse_width sdf_cond(ENABLE_D===1'b1) untested constant_disabled
mprj/o_FF[12]/CLK(low) -     -         min_pulse_width sdf_cond(ENABLE_D===1'b1) untested constant_disabled
mprj/o_FF[13]/D      CLK(rise) -       hold    -           untested  constant_disabled
mprj/o_FF[13]/D      CLK(rise) -       setup   -           untested  constant_disabled
mprj/o_FF[13]/CLK    -       -         min_period sdf_cond(ENABLE_D===1'b1) untested constant_disabled
mprj/o_FF[13]/CLK(high) -    -         min_pulse_width sdf_cond(ENABLE_D===1'b1) untested constant_disabled
mprj/o_FF[13]/CLK(low) -     -         min_pulse_width sdf_cond(ENABLE_D===1'b1) untested constant_disabled
mprj/o_FF[14]/D      CLK(rise) -       hold    -           untested  constant_disabled
mprj/o_FF[14]/D      CLK(rise) -       setup   -           untested  constant_disabled
mprj/o_FF[14]/CLK    -       -         min_period sdf_cond(ENABLE_D===1'b1) untested constant_disabled
mprj/o_FF[14]/CLK(high) -    -         min_pulse_width sdf_cond(ENABLE_D===1'b1) untested constant_disabled
mprj/o_FF[14]/CLK(low) -     -         min_pulse_width sdf_cond(ENABLE_D===1'b1) untested constant_disabled
mprj/o_FF[15]/D      CLK(rise) -       hold    -           untested  constant_disabled
mprj/o_FF[15]/D      CLK(rise) -       setup   -           untested  constant_disabled
mprj/o_FF[15]/CLK    -       -         min_period sdf_cond(ENABLE_D===1'b1) untested constant_disabled
mprj/o_FF[15]/CLK(high) -    -         min_pulse_width sdf_cond(ENABLE_D===1'b1) untested constant_disabled
mprj/o_FF[15]/CLK(low) -     -         min_pulse_width sdf_cond(ENABLE_D===1'b1) untested constant_disabled
mprj/o_FF[16]/D      CLK(rise) -       hold    -           untested  constant_disabled
mprj/o_FF[16]/D      CLK(rise) -       setup   -           untested  constant_disabled
mprj/o_FF[16]/CLK    -       -         min_period sdf_cond(ENABLE_D===1'b1) untested constant_disabled
mprj/o_FF[16]/CLK(high) -    -         min_pulse_width sdf_cond(ENABLE_D===1'b1) untested constant_disabled
mprj/o_FF[16]/CLK(low) -     -         min_pulse_width sdf_cond(ENABLE_D===1'b1) untested constant_disabled
mprj/o_FF[17]/D      CLK(rise) -       hold    -           untested  constant_disabled
mprj/o_FF[17]/D      CLK(rise) -       setup   -           untested  constant_disabled
mprj/o_FF[17]/CLK    -       -         min_period sdf_cond(ENABLE_D===1'b1) untested constant_disabled
mprj/o_FF[17]/CLK(high) -    -         min_pulse_width sdf_cond(ENABLE_D===1'b1) untested constant_disabled
mprj/o_FF[17]/CLK(low) -     -         min_pulse_width sdf_cond(ENABLE_D===1'b1) untested constant_disabled
mprj/o_FF[18]/D      CLK(rise) -       hold    -           untested  constant_disabled
mprj/o_FF[18]/D      CLK(rise) -       setup   -           untested  constant_disabled
mprj/o_FF[18]/CLK    -       -         min_period sdf_cond(ENABLE_D===1'b1) untested constant_disabled
mprj/o_FF[18]/CLK(high) -    -         min_pulse_width sdf_cond(ENABLE_D===1'b1) untested constant_disabled
mprj/o_FF[18]/CLK(low) -     -         min_pulse_width sdf_cond(ENABLE_D===1'b1) untested constant_disabled
mprj/o_FF[0]/D       CLK(rise) -       hold    -           untested  constant_disabled
mprj/o_FF[0]/D       CLK(rise) -       setup   -           untested  constant_disabled
mprj/o_FF[0]/CLK     -       -         min_period sdf_cond(ENABLE_D===1'b1) untested constant_disabled
mprj/o_FF[0]/CLK(high) -     -         min_pulse_width sdf_cond(ENABLE_D===1'b1) untested constant_disabled
mprj/o_FF[0]/CLK(low) -      -         min_pulse_width sdf_cond(ENABLE_D===1'b1) untested constant_disabled
mprj/o_FF[19]/D      CLK(rise) -       hold    -           untested  constant_disabled
mprj/o_FF[19]/D      CLK(rise) -       setup   -           untested  constant_disabled
mprj/o_FF[19]/CLK    -       -         min_period sdf_cond(ENABLE_D===1'b1) untested constant_disabled
mprj/o_FF[19]/CLK(high) -    -         min_pulse_width sdf_cond(ENABLE_D===1'b1) untested constant_disabled
mprj/o_FF[19]/CLK(low) -     -         min_pulse_width sdf_cond(ENABLE_D===1'b1) untested constant_disabled
mprj/o_FF[1]/D       CLK(rise) -       hold    -           untested  constant_disabled
mprj/o_FF[1]/D       CLK(rise) -       setup   -           untested  constant_disabled
mprj/o_FF[1]/CLK     -       -         min_period sdf_cond(ENABLE_D===1'b1) untested constant_disabled
mprj/o_FF[1]/CLK(high) -     -         min_pulse_width sdf_cond(ENABLE_D===1'b1) untested constant_disabled
mprj/o_FF[1]/CLK(low) -      -         min_pulse_width sdf_cond(ENABLE_D===1'b1) untested constant_disabled
mprj/o_FF[2]/D       CLK(rise) -       hold    -           untested  constant_disabled
mprj/o_FF[2]/D       CLK(rise) -       setup   -           untested  constant_disabled
mprj/o_FF[2]/CLK     -       -         min_period sdf_cond(ENABLE_D===1'b1) untested constant_disabled
mprj/o_FF[2]/CLK(high) -     -         min_pulse_width sdf_cond(ENABLE_D===1'b1) untested constant_disabled
mprj/o_FF[2]/CLK(low) -      -         min_pulse_width sdf_cond(ENABLE_D===1'b1) untested constant_disabled
mprj/o_FF[3]/D       CLK(rise) -       hold    -           untested  constant_disabled
mprj/o_FF[3]/D       CLK(rise) -       setup   -           untested  constant_disabled
mprj/o_FF[3]/CLK     -       -         min_period sdf_cond(ENABLE_D===1'b1) untested constant_disabled
mprj/o_FF[3]/CLK(high) -     -         min_pulse_width sdf_cond(ENABLE_D===1'b1) untested constant_disabled
mprj/o_FF[3]/CLK(low) -      -         min_pulse_width sdf_cond(ENABLE_D===1'b1) untested constant_disabled
mprj/o_FF[4]/D       CLK(rise) -       hold    -           untested  constant_disabled
mprj/o_FF[4]/D       CLK(rise) -       setup   -           untested  constant_disabled
mprj/o_FF[4]/CLK     -       -         min_period sdf_cond(ENABLE_D===1'b1) untested constant_disabled
mprj/o_FF[4]/CLK(high) -     -         min_pulse_width sdf_cond(ENABLE_D===1'b1) untested constant_disabled
mprj/o_FF[4]/CLK(low) -      -         min_pulse_width sdf_cond(ENABLE_D===1'b1) untested constant_disabled
mprj/o_FF[5]/D       CLK(rise) -       hold    -           untested  constant_disabled
mprj/o_FF[5]/D       CLK(rise) -       setup   -           untested  constant_disabled
mprj/o_FF[5]/CLK     -       -         min_period sdf_cond(ENABLE_D===1'b1) untested constant_disabled
mprj/o_FF[5]/CLK(high) -     -         min_pulse_width sdf_cond(ENABLE_D===1'b1) untested constant_disabled
mprj/o_FF[5]/CLK(low) -      -         min_pulse_width sdf_cond(ENABLE_D===1'b1) untested constant_disabled
mprj/o_FF[6]/D       CLK(rise) -       hold    -           untested  constant_disabled
mprj/o_FF[6]/D       CLK(rise) -       setup   -           untested  constant_disabled
mprj/o_FF[6]/CLK     -       -         min_period sdf_cond(ENABLE_D===1'b1) untested constant_disabled
mprj/o_FF[6]/CLK(high) -     -         min_pulse_width sdf_cond(ENABLE_D===1'b1) untested constant_disabled
mprj/o_FF[6]/CLK(low) -      -         min_pulse_width sdf_cond(ENABLE_D===1'b1) untested constant_disabled
mprj/o_FF[7]/D       CLK(rise) -       hold    -           untested  constant_disabled
mprj/o_FF[7]/D       CLK(rise) -       setup   -           untested  constant_disabled
mprj/o_FF[7]/CLK     -       -         min_period sdf_cond(ENABLE_D===1'b1) untested constant_disabled
mprj/o_FF[7]/CLK(high) -     -         min_pulse_width sdf_cond(ENABLE_D===1'b1) untested constant_disabled
mprj/o_FF[7]/CLK(low) -      -         min_pulse_width sdf_cond(ENABLE_D===1'b1) untested constant_disabled
mprj/o_FF[8]/D       CLK(rise) -       hold    -           untested  constant_disabled
mprj/o_FF[8]/D       CLK(rise) -       setup   -           untested  constant_disabled
mprj/o_FF[8]/CLK     -       -         min_period sdf_cond(ENABLE_D===1'b1) untested constant_disabled
mprj/o_FF[8]/CLK(high) -     -         min_pulse_width sdf_cond(ENABLE_D===1'b1) untested constant_disabled
mprj/o_FF[8]/CLK(low) -      -         min_pulse_width sdf_cond(ENABLE_D===1'b1) untested constant_disabled
mprj/o_FF[9]/D       CLK(rise) -       hold    -           untested  constant_disabled
mprj/o_FF[9]/D       CLK(rise) -       setup   -           untested  constant_disabled
mprj/o_FF[9]/CLK     -       -         min_period sdf_cond(ENABLE_D===1'b1) untested constant_disabled
mprj/o_FF[9]/CLK(high) -     -         min_pulse_width sdf_cond(ENABLE_D===1'b1) untested constant_disabled
mprj/o_FF[9]/CLK(low) -      -         min_pulse_width sdf_cond(ENABLE_D===1'b1) untested constant_disabled
mprj/o_FF[20]/D      CLK(rise) -       hold    -           untested  constant_disabled
mprj/o_FF[20]/D      CLK(rise) -       setup   -           untested  constant_disabled
mprj/o_FF[20]/CLK    -       -         min_period sdf_cond(ENABLE_D===1'b1) untested constant_disabled
mprj/o_FF[20]/CLK(high) -    -         min_pulse_width sdf_cond(ENABLE_D===1'b1) untested constant_disabled
mprj/o_FF[20]/CLK(low) -     -         min_pulse_width sdf_cond(ENABLE_D===1'b1) untested constant_disabled
mprj/o_FF[21]/D      CLK(rise) -       hold    -           untested  constant_disabled
mprj/o_FF[21]/D      CLK(rise) -       setup   -           untested  constant_disabled
mprj/o_FF[21]/CLK    -       -         min_period sdf_cond(ENABLE_D===1'b1) untested constant_disabled
mprj/o_FF[21]/CLK(high) -    -         min_pulse_width sdf_cond(ENABLE_D===1'b1) untested constant_disabled
mprj/o_FF[21]/CLK(low) -     -         min_pulse_width sdf_cond(ENABLE_D===1'b1) untested constant_disabled
mprj/o_FF[22]/D      CLK(rise) -       hold    -           untested  constant_disabled
mprj/o_FF[22]/D      CLK(rise) -       setup   -           untested  constant_disabled
mprj/o_FF[22]/CLK    -       -         min_period sdf_cond(ENABLE_D===1'b1) untested constant_disabled
mprj/o_FF[22]/CLK(high) -    -         min_pulse_width sdf_cond(ENABLE_D===1'b1) untested constant_disabled
mprj/o_FF[22]/CLK(low) -     -         min_pulse_width sdf_cond(ENABLE_D===1'b1) untested constant_disabled
mprj/o_FF[23]/D      CLK(rise) -       hold    -           untested  constant_disabled
mprj/o_FF[23]/D      CLK(rise) -       setup   -           untested  constant_disabled
mprj/o_FF[23]/CLK    -       -         min_period sdf_cond(ENABLE_D===1'b1) untested constant_disabled
mprj/o_FF[23]/CLK(high) -    -         min_pulse_width sdf_cond(ENABLE_D===1'b1) untested constant_disabled
mprj/o_FF[23]/CLK(low) -     -         min_pulse_width sdf_cond(ENABLE_D===1'b1) untested constant_disabled
mprj/o_FF[24]/D      CLK(rise) -       hold    -           untested  constant_disabled
mprj/o_FF[24]/D      CLK(rise) -       setup   -           untested  constant_disabled
mprj/o_FF[24]/CLK    -       -         min_period sdf_cond(ENABLE_D===1'b1) untested constant_disabled
mprj/o_FF[24]/CLK(high) -    -         min_pulse_width sdf_cond(ENABLE_D===1'b1) untested constant_disabled
mprj/o_FF[24]/CLK(low) -     -         min_pulse_width sdf_cond(ENABLE_D===1'b1) untested constant_disabled
mprj/o_FF[25]/D      CLK(rise) -       hold    -           untested  constant_disabled
mprj/o_FF[25]/D      CLK(rise) -       setup   -           untested  constant_disabled
mprj/o_FF[25]/CLK    -       -         min_period sdf_cond(ENABLE_D===1'b1) untested constant_disabled
mprj/o_FF[25]/CLK(high) -    -         min_pulse_width sdf_cond(ENABLE_D===1'b1) untested constant_disabled
mprj/o_FF[25]/CLK(low) -     -         min_pulse_width sdf_cond(ENABLE_D===1'b1) untested constant_disabled
mprj/o_FF[26]/D      CLK(rise) -       hold    -           untested  constant_disabled
mprj/o_FF[26]/D      CLK(rise) -       setup   -           untested  constant_disabled
mprj/o_FF[26]/CLK    -       -         min_period sdf_cond(ENABLE_D===1'b1) untested constant_disabled
mprj/o_FF[26]/CLK(high) -    -         min_pulse_width sdf_cond(ENABLE_D===1'b1) untested constant_disabled
mprj/o_FF[26]/CLK(low) -     -         min_pulse_width sdf_cond(ENABLE_D===1'b1) untested constant_disabled
mprj/o_FF[27]/D      CLK(rise) -       hold    -           untested  constant_disabled
mprj/o_FF[27]/D      CLK(rise) -       setup   -           untested  constant_disabled
mprj/o_FF[27]/CLK    -       -         min_period sdf_cond(ENABLE_D===1'b1) untested constant_disabled
mprj/o_FF[27]/CLK(high) -    -         min_pulse_width sdf_cond(ENABLE_D===1'b1) untested constant_disabled
mprj/o_FF[27]/CLK(low) -     -         min_pulse_width sdf_cond(ENABLE_D===1'b1) untested constant_disabled
mprj/o_FF[28]/D      CLK(rise) -       hold    -           untested  constant_disabled
mprj/o_FF[28]/D      CLK(rise) -       setup   -           untested  constant_disabled
mprj/o_FF[28]/CLK    -       -         min_period sdf_cond(ENABLE_D===1'b1) untested constant_disabled
mprj/o_FF[28]/CLK(high) -    -         min_pulse_width sdf_cond(ENABLE_D===1'b1) untested constant_disabled
mprj/o_FF[28]/CLK(low) -     -         min_pulse_width sdf_cond(ENABLE_D===1'b1) untested constant_disabled
mprj/o_FF[29]/D      CLK(rise) -       hold    -           untested  constant_disabled
mprj/o_FF[29]/D      CLK(rise) -       setup   -           untested  constant_disabled
mprj/o_FF[29]/CLK    -       -         min_period sdf_cond(ENABLE_D===1'b1) untested constant_disabled
mprj/o_FF[29]/CLK(high) -    -         min_pulse_width sdf_cond(ENABLE_D===1'b1) untested constant_disabled
mprj/o_FF[29]/CLK(low) -     -         min_pulse_width sdf_cond(ENABLE_D===1'b1) untested constant_disabled
mprj/o_FF[30]/D      CLK(rise) -       hold    -           untested  constant_disabled
mprj/o_FF[30]/D      CLK(rise) -       setup   -           untested  constant_disabled
mprj/o_FF[30]/CLK    -       -         min_period sdf_cond(ENABLE_D===1'b1) untested constant_disabled
mprj/o_FF[30]/CLK(high) -    -         min_pulse_width sdf_cond(ENABLE_D===1'b1) untested constant_disabled
mprj/o_FF[30]/CLK(low) -     -         min_pulse_width sdf_cond(ENABLE_D===1'b1) untested constant_disabled
mprj/o_FF[31]/D      CLK(rise) -       hold    -           untested  constant_disabled
mprj/o_FF[31]/D      CLK(rise) -       setup   -           untested  constant_disabled
mprj/o_FF[31]/CLK    -       -         min_period sdf_cond(ENABLE_D===1'b1) untested constant_disabled
mprj/o_FF[31]/CLK(high) -    -         min_pulse_width sdf_cond(ENABLE_D===1'b1) untested constant_disabled
mprj/o_FF[31]/CLK(low) -     -         min_pulse_width sdf_cond(ENABLE_D===1'b1) untested constant_disabled
mprj/o_FF[32]/D      CLK(rise) -       hold    -           untested  constant_disabled
mprj/o_FF[32]/D      CLK(rise) -       setup   -           untested  constant_disabled
mprj/o_FF[32]/CLK    -       -         min_period sdf_cond(ENABLE_D===1'b1) untested constant_disabled
mprj/o_FF[32]/CLK(high) -    -         min_pulse_width sdf_cond(ENABLE_D===1'b1) untested constant_disabled
mprj/o_FF[32]/CLK(low) -     -         min_pulse_width sdf_cond(ENABLE_D===1'b1) untested constant_disabled
mprj/o_FF[33]/D      CLK(rise) -       hold    -           untested  constant_disabled
mprj/o_FF[33]/D      CLK(rise) -       setup   -           untested  constant_disabled
mprj/o_FF[33]/CLK    -       -         min_period sdf_cond(ENABLE_D===1'b1) untested constant_disabled
mprj/o_FF[33]/CLK(high) -    -         min_pulse_width sdf_cond(ENABLE_D===1'b1) untested constant_disabled
mprj/o_FF[33]/CLK(low) -     -         min_pulse_width sdf_cond(ENABLE_D===1'b1) untested constant_disabled
mprj/o_FF[34]/D      CLK(rise) -       hold    -           untested  constant_disabled
mprj/o_FF[34]/D      CLK(rise) -       setup   -           untested  constant_disabled
mprj/o_FF[34]/CLK    -       -         min_period sdf_cond(ENABLE_D===1'b1) untested constant_disabled
mprj/o_FF[34]/CLK(high) -    -         min_pulse_width sdf_cond(ENABLE_D===1'b1) untested constant_disabled
mprj/o_FF[34]/CLK(low) -     -         min_pulse_width sdf_cond(ENABLE_D===1'b1) untested constant_disabled
mprj/o_FF[35]/D      CLK(rise) -       hold    -           untested  constant_disabled
mprj/o_FF[35]/D      CLK(rise) -       setup   -           untested  constant_disabled
mprj/o_FF[35]/CLK    -       -         min_period sdf_cond(ENABLE_D===1'b1) untested constant_disabled
mprj/o_FF[35]/CLK(high) -    -         min_pulse_width sdf_cond(ENABLE_D===1'b1) untested constant_disabled
mprj/o_FF[35]/CLK(low) -     -         min_pulse_width sdf_cond(ENABLE_D===1'b1) untested constant_disabled
mprj/o_FF[36]/D      CLK(rise) -       hold    -           untested  constant_disabled
mprj/o_FF[36]/D      CLK(rise) -       setup   -           untested  constant_disabled
mprj/o_FF[36]/CLK    -       -         min_period sdf_cond(ENABLE_D===1'b1) untested constant_disabled
mprj/o_FF[36]/CLK(high) -    -         min_pulse_width sdf_cond(ENABLE_D===1'b1) untested constant_disabled
mprj/o_FF[36]/CLK(low) -     -         min_pulse_width sdf_cond(ENABLE_D===1'b1) untested constant_disabled
mprj/o_FF[37]/D      CLK(rise) -       hold    -           untested  constant_disabled
mprj/o_FF[37]/D      CLK(rise) -       setup   -           untested  constant_disabled
mprj/o_FF[37]/CLK    -       -         min_period sdf_cond(ENABLE_D===1'b1) untested constant_disabled
mprj/o_FF[37]/CLK(high) -    -         min_pulse_width sdf_cond(ENABLE_D===1'b1) untested constant_disabled
mprj/o_FF[37]/CLK(low) -     -         min_pulse_width sdf_cond(ENABLE_D===1'b1) untested constant_disabled
mprj/o_FF[38]/D      CLK(rise) -       hold    -           untested  constant_disabled
mprj/o_FF[38]/D      CLK(rise) -       setup   -           untested  constant_disabled
mprj/o_FF[38]/CLK    -       -         min_period sdf_cond(ENABLE_D===1'b1) untested constant_disabled
mprj/o_FF[38]/CLK(high) -    -         min_pulse_width sdf_cond(ENABLE_D===1'b1) untested constant_disabled
mprj/o_FF[38]/CLK(low) -     -         min_pulse_width sdf_cond(ENABLE_D===1'b1) untested constant_disabled
mprj/o_FF[39]/D      CLK(rise) -       hold    -           untested  constant_disabled
mprj/o_FF[39]/D      CLK(rise) -       setup   -           untested  constant_disabled
mprj/o_FF[39]/CLK    -       -         min_period sdf_cond(ENABLE_D===1'b1) untested constant_disabled
mprj/o_FF[39]/CLK(high) -    -         min_pulse_width sdf_cond(ENABLE_D===1'b1) untested constant_disabled
mprj/o_FF[39]/CLK(low) -     -         min_pulse_width sdf_cond(ENABLE_D===1'b1) untested constant_disabled
mprj/o_FF[40]/D      CLK(rise) -       hold    -           untested  constant_disabled
mprj/o_FF[40]/D      CLK(rise) -       setup   -           untested  constant_disabled
mprj/o_FF[40]/CLK    -       -         min_period sdf_cond(ENABLE_D===1'b1) untested constant_disabled
mprj/o_FF[40]/CLK(high) -    -         min_pulse_width sdf_cond(ENABLE_D===1'b1) untested constant_disabled
mprj/o_FF[40]/CLK(low) -     -         min_pulse_width sdf_cond(ENABLE_D===1'b1) untested constant_disabled
mprj/o_FF[41]/D      CLK(rise) -       hold    -           untested  constant_disabled
mprj/o_FF[41]/D      CLK(rise) -       setup   -           untested  constant_disabled
mprj/o_FF[41]/CLK    -       -         min_period sdf_cond(ENABLE_D===1'b1) untested constant_disabled
mprj/o_FF[41]/CLK(high) -    -         min_pulse_width sdf_cond(ENABLE_D===1'b1) untested constant_disabled
mprj/o_FF[41]/CLK(low) -     -         min_pulse_width sdf_cond(ENABLE_D===1'b1) untested constant_disabled
mprj/o_FF[42]/D      CLK(rise) -       hold    -           untested  constant_disabled
mprj/o_FF[42]/D      CLK(rise) -       setup   -           untested  constant_disabled
mprj/o_FF[42]/CLK    -       -         min_period sdf_cond(ENABLE_D===1'b1) untested constant_disabled
mprj/o_FF[42]/CLK(high) -    -         min_pulse_width sdf_cond(ENABLE_D===1'b1) untested constant_disabled
mprj/o_FF[42]/CLK(low) -     -         min_pulse_width sdf_cond(ENABLE_D===1'b1) untested constant_disabled
mprj/o_FF[43]/D      CLK(rise) -       hold    -           untested  constant_disabled
mprj/o_FF[43]/D      CLK(rise) -       setup   -           untested  constant_disabled
mprj/o_FF[43]/CLK    -       -         min_period sdf_cond(ENABLE_D===1'b1) untested constant_disabled
mprj/o_FF[43]/CLK(high) -    -         min_pulse_width sdf_cond(ENABLE_D===1'b1) untested constant_disabled
mprj/o_FF[43]/CLK(low) -     -         min_pulse_width sdf_cond(ENABLE_D===1'b1) untested constant_disabled
mprj/o_FF[44]/D      CLK(rise) -       hold    -           untested  constant_disabled
mprj/o_FF[44]/D      CLK(rise) -       setup   -           untested  constant_disabled
mprj/o_FF[44]/CLK    -       -         min_period sdf_cond(ENABLE_D===1'b1) untested constant_disabled
mprj/o_FF[44]/CLK(high) -    -         min_pulse_width sdf_cond(ENABLE_D===1'b1) untested constant_disabled
mprj/o_FF[44]/CLK(low) -     -         min_pulse_width sdf_cond(ENABLE_D===1'b1) untested constant_disabled
mprj/o_FF[45]/D      CLK(rise) -       hold    -           untested  constant_disabled
mprj/o_FF[45]/D      CLK(rise) -       setup   -           untested  constant_disabled
mprj/o_FF[45]/CLK    -       -         min_period sdf_cond(ENABLE_D===1'b1) untested constant_disabled
mprj/o_FF[45]/CLK(high) -    -         min_pulse_width sdf_cond(ENABLE_D===1'b1) untested constant_disabled
mprj/o_FF[45]/CLK(low) -     -         min_pulse_width sdf_cond(ENABLE_D===1'b1) untested constant_disabled
mprj/o_FF[46]/D      CLK(rise) -       hold    -           untested  constant_disabled
mprj/o_FF[46]/D      CLK(rise) -       setup   -           untested  constant_disabled
mprj/o_FF[46]/CLK    -       -         min_period sdf_cond(ENABLE_D===1'b1) untested constant_disabled
mprj/o_FF[46]/CLK(high) -    -         min_pulse_width sdf_cond(ENABLE_D===1'b1) untested constant_disabled
mprj/o_FF[46]/CLK(low) -     -         min_pulse_width sdf_cond(ENABLE_D===1'b1) untested constant_disabled
mprj/o_FF[47]/D      CLK(rise) -       hold    -           untested  constant_disabled
mprj/o_FF[47]/D      CLK(rise) -       setup   -           untested  constant_disabled
mprj/o_FF[47]/CLK    -       -         min_period sdf_cond(ENABLE_D===1'b1) untested constant_disabled
mprj/o_FF[47]/CLK(high) -    -         min_pulse_width sdf_cond(ENABLE_D===1'b1) untested constant_disabled
mprj/o_FF[47]/CLK(low) -     -         min_pulse_width sdf_cond(ENABLE_D===1'b1) untested constant_disabled
mprj/o_FF[48]/D      CLK(rise) -       hold    -           untested  constant_disabled
mprj/o_FF[48]/D      CLK(rise) -       setup   -           untested  constant_disabled
mprj/o_FF[48]/CLK    -       -         min_period sdf_cond(ENABLE_D===1'b1) untested constant_disabled
mprj/o_FF[48]/CLK(high) -    -         min_pulse_width sdf_cond(ENABLE_D===1'b1) untested constant_disabled
mprj/o_FF[48]/CLK(low) -     -         min_pulse_width sdf_cond(ENABLE_D===1'b1) untested constant_disabled
mprj/o_FF[49]/D      CLK(rise) -       hold    -           untested  constant_disabled
mprj/o_FF[49]/D      CLK(rise) -       setup   -           untested  constant_disabled
mprj/o_FF[49]/CLK    -       -         min_period sdf_cond(ENABLE_D===1'b1) untested constant_disabled
mprj/o_FF[49]/CLK(high) -    -         min_pulse_width sdf_cond(ENABLE_D===1'b1) untested constant_disabled
mprj/o_FF[49]/CLK(low) -     -         min_pulse_width sdf_cond(ENABLE_D===1'b1) untested constant_disabled
mprj/o_FF[50]/D      CLK(rise) -       hold    -           untested  constant_disabled
mprj/o_FF[50]/D      CLK(rise) -       setup   -           untested  constant_disabled
mprj/o_FF[50]/CLK    -       -         min_period sdf_cond(ENABLE_D===1'b1) untested constant_disabled
mprj/o_FF[50]/CLK(high) -    -         min_pulse_width sdf_cond(ENABLE_D===1'b1) untested constant_disabled
mprj/o_FF[50]/CLK(low) -     -         min_pulse_width sdf_cond(ENABLE_D===1'b1) untested constant_disabled
mprj/o_FF[51]/D      CLK(rise) -       hold    -           untested  constant_disabled
mprj/o_FF[51]/D      CLK(rise) -       setup   -           untested  constant_disabled
mprj/o_FF[51]/CLK    -       -         min_period sdf_cond(ENABLE_D===1'b1) untested constant_disabled
mprj/o_FF[51]/CLK(high) -    -         min_pulse_width sdf_cond(ENABLE_D===1'b1) untested constant_disabled
mprj/o_FF[51]/CLK(low) -     -         min_pulse_width sdf_cond(ENABLE_D===1'b1) untested constant_disabled
mprj/o_FF[52]/D      CLK(rise) -       hold    -           untested  constant_disabled
mprj/o_FF[52]/D      CLK(rise) -       setup   -           untested  constant_disabled
mprj/o_FF[52]/CLK    -       -         min_period sdf_cond(ENABLE_D===1'b1) untested constant_disabled
mprj/o_FF[52]/CLK(high) -    -         min_pulse_width sdf_cond(ENABLE_D===1'b1) untested constant_disabled
mprj/o_FF[52]/CLK(low) -     -         min_pulse_width sdf_cond(ENABLE_D===1'b1) untested constant_disabled
mprj/o_FF[53]/D      CLK(rise) -       hold    -           untested  constant_disabled
mprj/o_FF[53]/D      CLK(rise) -       setup   -           untested  constant_disabled
mprj/o_FF[53]/CLK    -       -         min_period sdf_cond(ENABLE_D===1'b1) untested constant_disabled
mprj/o_FF[53]/CLK(high) -    -         min_pulse_width sdf_cond(ENABLE_D===1'b1) untested constant_disabled
mprj/o_FF[53]/CLK(low) -     -         min_pulse_width sdf_cond(ENABLE_D===1'b1) untested constant_disabled
mprj/o_FF[54]/D      CLK(rise) -       hold    -           untested  constant_disabled
mprj/o_FF[54]/D      CLK(rise) -       setup   -           untested  constant_disabled
mprj/o_FF[54]/CLK    -       -         min_period sdf_cond(ENABLE_D===1'b1) untested constant_disabled
mprj/o_FF[54]/CLK(high) -    -         min_pulse_width sdf_cond(ENABLE_D===1'b1) untested constant_disabled
mprj/o_FF[54]/CLK(low) -     -         min_pulse_width sdf_cond(ENABLE_D===1'b1) untested constant_disabled
mprj/o_FF[55]/D      CLK(rise) -       hold    -           untested  constant_disabled
mprj/o_FF[55]/D      CLK(rise) -       setup   -           untested  constant_disabled
mprj/o_FF[55]/CLK    -       -         min_period sdf_cond(ENABLE_D===1'b1) untested constant_disabled
mprj/o_FF[55]/CLK(high) -    -         min_pulse_width sdf_cond(ENABLE_D===1'b1) untested constant_disabled
mprj/o_FF[55]/CLK(low) -     -         min_pulse_width sdf_cond(ENABLE_D===1'b1) untested constant_disabled
mprj/o_FF[56]/D      CLK(rise) -       hold    -           untested  constant_disabled
mprj/o_FF[56]/D      CLK(rise) -       setup   -           untested  constant_disabled
mprj/o_FF[56]/CLK    -       -         min_period sdf_cond(ENABLE_D===1'b1) untested constant_disabled
mprj/o_FF[56]/CLK(high) -    -         min_pulse_width sdf_cond(ENABLE_D===1'b1) untested constant_disabled
mprj/o_FF[56]/CLK(low) -     -         min_pulse_width sdf_cond(ENABLE_D===1'b1) untested constant_disabled
mprj/o_FF[57]/D      CLK(rise) -       hold    -           untested  constant_disabled
mprj/o_FF[57]/D      CLK(rise) -       setup   -           untested  constant_disabled
mprj/o_FF[57]/CLK    -       -         min_period sdf_cond(ENABLE_D===1'b1) untested constant_disabled
mprj/o_FF[57]/CLK(high) -    -         min_pulse_width sdf_cond(ENABLE_D===1'b1) untested constant_disabled
mprj/o_FF[57]/CLK(low) -     -         min_pulse_width sdf_cond(ENABLE_D===1'b1) untested constant_disabled
mprj/o_FF[58]/D      CLK(rise) -       hold    -           untested  constant_disabled
mprj/o_FF[58]/D      CLK(rise) -       setup   -           untested  constant_disabled
mprj/o_FF[58]/CLK    -       -         min_period sdf_cond(ENABLE_D===1'b1) untested constant_disabled
mprj/o_FF[58]/CLK(high) -    -         min_pulse_width sdf_cond(ENABLE_D===1'b1) untested constant_disabled
mprj/o_FF[58]/CLK(low) -     -         min_pulse_width sdf_cond(ENABLE_D===1'b1) untested constant_disabled
mprj/o_FF[59]/D      CLK(rise) -       hold    -           untested  constant_disabled
mprj/o_FF[59]/D      CLK(rise) -       setup   -           untested  constant_disabled
mprj/o_FF[59]/CLK    -       -         min_period sdf_cond(ENABLE_D===1'b1) untested constant_disabled
mprj/o_FF[59]/CLK(high) -    -         min_pulse_width sdf_cond(ENABLE_D===1'b1) untested constant_disabled
mprj/o_FF[59]/CLK(low) -     -         min_pulse_width sdf_cond(ENABLE_D===1'b1) untested constant_disabled
mprj/o_FF[60]/D      CLK(rise) -       hold    -           untested  constant_disabled
mprj/o_FF[60]/D      CLK(rise) -       setup   -           untested  constant_disabled
mprj/o_FF[60]/CLK    -       -         min_period sdf_cond(ENABLE_D===1'b1) untested constant_disabled
mprj/o_FF[60]/CLK(high) -    -         min_pulse_width sdf_cond(ENABLE_D===1'b1) untested constant_disabled
mprj/o_FF[60]/CLK(low) -     -         min_pulse_width sdf_cond(ENABLE_D===1'b1) untested constant_disabled
mprj/o_FF[61]/D      CLK(rise) -       hold    -           untested  constant_disabled
mprj/o_FF[61]/D      CLK(rise) -       setup   -           untested  constant_disabled
mprj/o_FF[61]/CLK    -       -         min_period sdf_cond(ENABLE_D===1'b1) untested constant_disabled
mprj/o_FF[61]/CLK(high) -    -         min_pulse_width sdf_cond(ENABLE_D===1'b1) untested constant_disabled
mprj/o_FF[61]/CLK(low) -     -         min_pulse_width sdf_cond(ENABLE_D===1'b1) untested constant_disabled
mprj/o_FF[62]/D      CLK(rise) -       hold    -           untested  constant_disabled
mprj/o_FF[62]/D      CLK(rise) -       setup   -           untested  constant_disabled
mprj/o_FF[62]/CLK    -       -         min_period sdf_cond(ENABLE_D===1'b1) untested constant_disabled
mprj/o_FF[62]/CLK(high) -    -         min_pulse_width sdf_cond(ENABLE_D===1'b1) untested constant_disabled
mprj/o_FF[62]/CLK(low) -     -         min_pulse_width sdf_cond(ENABLE_D===1'b1) untested constant_disabled
mprj/o_FF[63]/D      CLK(rise) -       hold    -           untested  constant_disabled
mprj/o_FF[63]/D      CLK(rise) -       setup   -           untested  constant_disabled
mprj/o_FF[63]/CLK    -       -         min_period sdf_cond(ENABLE_D===1'b1) untested constant_disabled
mprj/o_FF[63]/CLK(high) -    -         min_pulse_width sdf_cond(ENABLE_D===1'b1) untested constant_disabled
mprj/o_FF[63]/CLK(low) -     -         min_pulse_width sdf_cond(ENABLE_D===1'b1) untested constant_disabled
mprj/o_FF[64]/D      CLK(rise) -       hold    -           untested  constant_disabled
mprj/o_FF[64]/D      CLK(rise) -       setup   -           untested  constant_disabled
mprj/o_FF[64]/CLK    -       -         min_period sdf_cond(ENABLE_D===1'b1) untested constant_disabled
mprj/o_FF[64]/CLK(high) -    -         min_pulse_width sdf_cond(ENABLE_D===1'b1) untested constant_disabled
mprj/o_FF[64]/CLK(low) -     -         min_pulse_width sdf_cond(ENABLE_D===1'b1) untested constant_disabled
mprj/o_FF[65]/D      CLK(rise) -       hold    -           untested  constant_disabled
mprj/o_FF[65]/D      CLK(rise) -       setup   -           untested  constant_disabled
mprj/o_FF[65]/CLK    -       -         min_period sdf_cond(ENABLE_D===1'b1) untested constant_disabled
mprj/o_FF[65]/CLK(high) -    -         min_pulse_width sdf_cond(ENABLE_D===1'b1) untested constant_disabled
mprj/o_FF[65]/CLK(low) -     -         min_pulse_width sdf_cond(ENABLE_D===1'b1) untested constant_disabled
mprj/o_FF[66]/D      CLK(rise) -       hold    -           untested  constant_disabled
mprj/o_FF[66]/D      CLK(rise) -       setup   -           untested  constant_disabled
mprj/o_FF[66]/CLK    -       -         min_period sdf_cond(ENABLE_D===1'b1) untested constant_disabled
mprj/o_FF[66]/CLK(high) -    -         min_pulse_width sdf_cond(ENABLE_D===1'b1) untested constant_disabled
mprj/o_FF[66]/CLK(low) -     -         min_pulse_width sdf_cond(ENABLE_D===1'b1) untested constant_disabled
mprj/o_FF[67]/D      CLK(rise) -       hold    -           untested  constant_disabled
mprj/o_FF[67]/D      CLK(rise) -       setup   -           untested  constant_disabled
mprj/o_FF[67]/CLK    -       -         min_period sdf_cond(ENABLE_D===1'b1) untested constant_disabled
mprj/o_FF[67]/CLK(high) -    -         min_pulse_width sdf_cond(ENABLE_D===1'b1) untested constant_disabled
mprj/o_FF[67]/CLK(low) -     -         min_pulse_width sdf_cond(ENABLE_D===1'b1) untested constant_disabled
mprj/o_FF[68]/D      CLK(rise) -       hold    -           untested  constant_disabled
mprj/o_FF[68]/D      CLK(rise) -       setup   -           untested  constant_disabled
mprj/o_FF[68]/CLK    -       -         min_period sdf_cond(ENABLE_D===1'b1) untested constant_disabled
mprj/o_FF[68]/CLK(high) -    -         min_pulse_width sdf_cond(ENABLE_D===1'b1) untested constant_disabled
mprj/o_FF[68]/CLK(low) -     -         min_pulse_width sdf_cond(ENABLE_D===1'b1) untested constant_disabled
mprj/o_FF[69]/D      CLK(rise) -       hold    -           untested  constant_disabled
mprj/o_FF[69]/D      CLK(rise) -       setup   -           untested  constant_disabled
mprj/o_FF[69]/CLK    -       -         min_period sdf_cond(ENABLE_D===1'b1) untested constant_disabled
mprj/o_FF[69]/CLK(high) -    -         min_pulse_width sdf_cond(ENABLE_D===1'b1) untested constant_disabled
mprj/o_FF[69]/CLK(low) -     -         min_pulse_width sdf_cond(ENABLE_D===1'b1) untested constant_disabled
mprj/o_FF[70]/D      CLK(rise) -       hold    -           untested  constant_disabled
mprj/o_FF[70]/D      CLK(rise) -       setup   -           untested  constant_disabled
mprj/o_FF[70]/CLK    -       -         min_period sdf_cond(ENABLE_D===1'b1) untested constant_disabled
mprj/o_FF[70]/CLK(high) -    -         min_pulse_width sdf_cond(ENABLE_D===1'b1) untested constant_disabled
mprj/o_FF[70]/CLK(low) -     -         min_pulse_width sdf_cond(ENABLE_D===1'b1) untested constant_disabled
mprj/o_FF[71]/D      CLK(rise) -       hold    -           untested  constant_disabled
mprj/o_FF[71]/D      CLK(rise) -       setup   -           untested  constant_disabled
mprj/o_FF[71]/CLK    -       -         min_period sdf_cond(ENABLE_D===1'b1) untested constant_disabled
mprj/o_FF[71]/CLK(high) -    -         min_pulse_width sdf_cond(ENABLE_D===1'b1) untested constant_disabled
mprj/o_FF[71]/CLK(low) -     -         min_pulse_width sdf_cond(ENABLE_D===1'b1) untested constant_disabled
mprj/o_FF[72]/D      CLK(rise) -       hold    -           untested  constant_disabled
mprj/o_FF[72]/D      CLK(rise) -       setup   -           untested  constant_disabled
mprj/o_FF[72]/CLK    -       -         min_period sdf_cond(ENABLE_D===1'b1) untested constant_disabled
mprj/o_FF[72]/CLK(high) -    -         min_pulse_width sdf_cond(ENABLE_D===1'b1) untested constant_disabled
mprj/o_FF[72]/CLK(low) -     -         min_pulse_width sdf_cond(ENABLE_D===1'b1) untested constant_disabled
mprj/o_FF[73]/D      CLK(rise) -       hold    -           untested  constant_disabled
mprj/o_FF[73]/D      CLK(rise) -       setup   -           untested  constant_disabled
mprj/o_FF[73]/CLK    -       -         min_period sdf_cond(ENABLE_D===1'b1) untested constant_disabled
mprj/o_FF[73]/CLK(high) -    -         min_pulse_width sdf_cond(ENABLE_D===1'b1) untested constant_disabled
mprj/o_FF[73]/CLK(low) -     -         min_pulse_width sdf_cond(ENABLE_D===1'b1) untested constant_disabled
mprj/o_FF[74]/D      CLK(rise) -       hold    -           untested  constant_disabled
mprj/o_FF[74]/D      CLK(rise) -       setup   -           untested  constant_disabled
mprj/o_FF[74]/CLK    -       -         min_period sdf_cond(ENABLE_D===1'b1) untested constant_disabled
mprj/o_FF[74]/CLK(high) -    -         min_pulse_width sdf_cond(ENABLE_D===1'b1) untested constant_disabled
mprj/o_FF[74]/CLK(low) -     -         min_pulse_width sdf_cond(ENABLE_D===1'b1) untested constant_disabled
mprj/o_FF[75]/D      CLK(rise) -       hold    -           untested  constant_disabled
mprj/o_FF[75]/D      CLK(rise) -       setup   -           untested  constant_disabled
mprj/o_FF[75]/CLK    -       -         min_period sdf_cond(ENABLE_D===1'b1) untested constant_disabled
mprj/o_FF[75]/CLK(high) -    -         min_pulse_width sdf_cond(ENABLE_D===1'b1) untested constant_disabled
mprj/o_FF[75]/CLK(low) -     -         min_pulse_width sdf_cond(ENABLE_D===1'b1) untested constant_disabled
mprj/o_FF[76]/D      CLK(rise) -       hold    -           untested  constant_disabled
mprj/o_FF[76]/D      CLK(rise) -       setup   -           untested  constant_disabled
mprj/o_FF[76]/CLK    -       -         min_period sdf_cond(ENABLE_D===1'b1) untested constant_disabled
mprj/o_FF[76]/CLK(high) -    -         min_pulse_width sdf_cond(ENABLE_D===1'b1) untested constant_disabled
mprj/o_FF[76]/CLK(low) -     -         min_pulse_width sdf_cond(ENABLE_D===1'b1) untested constant_disabled
mprj/o_FF[77]/D      CLK(rise) -       hold    -           untested  constant_disabled
mprj/o_FF[77]/D      CLK(rise) -       setup   -           untested  constant_disabled
mprj/o_FF[77]/CLK    -       -         min_period sdf_cond(ENABLE_D===1'b1) untested constant_disabled
mprj/o_FF[77]/CLK(high) -    -         min_pulse_width sdf_cond(ENABLE_D===1'b1) untested constant_disabled
mprj/o_FF[77]/CLK(low) -     -         min_pulse_width sdf_cond(ENABLE_D===1'b1) untested constant_disabled
mprj/o_FF[78]/D      CLK(rise) -       hold    -           untested  constant_disabled
mprj/o_FF[78]/D      CLK(rise) -       setup   -           untested  constant_disabled
mprj/o_FF[78]/CLK    -       -         min_period sdf_cond(ENABLE_D===1'b1) untested constant_disabled
mprj/o_FF[78]/CLK(high) -    -         min_pulse_width sdf_cond(ENABLE_D===1'b1) untested constant_disabled
mprj/o_FF[78]/CLK(low) -     -         min_pulse_width sdf_cond(ENABLE_D===1'b1) untested constant_disabled
mprj/o_FF[79]/D      CLK(rise) -       hold    -           untested  constant_disabled
mprj/o_FF[79]/D      CLK(rise) -       setup   -           untested  constant_disabled
mprj/o_FF[79]/CLK    -       -         min_period sdf_cond(ENABLE_D===1'b1) untested constant_disabled
mprj/o_FF[79]/CLK(high) -    -         min_pulse_width sdf_cond(ENABLE_D===1'b1) untested constant_disabled
mprj/o_FF[79]/CLK(low) -     -         min_pulse_width sdf_cond(ENABLE_D===1'b1) untested constant_disabled
mprj/o_FF[80]/D      CLK(rise) -       hold    -           untested  constant_disabled
mprj/o_FF[80]/D      CLK(rise) -       setup   -           untested  constant_disabled
mprj/o_FF[80]/CLK    -       -         min_period sdf_cond(ENABLE_D===1'b1) untested constant_disabled
mprj/o_FF[80]/CLK(high) -    -         min_pulse_width sdf_cond(ENABLE_D===1'b1) untested constant_disabled
mprj/o_FF[80]/CLK(low) -     -         min_pulse_width sdf_cond(ENABLE_D===1'b1) untested constant_disabled
mprj/o_FF[81]/D      CLK(rise) -       hold    -           untested  constant_disabled
mprj/o_FF[81]/D      CLK(rise) -       setup   -           untested  constant_disabled
mprj/o_FF[81]/CLK    -       -         min_period sdf_cond(ENABLE_D===1'b1) untested constant_disabled
mprj/o_FF[81]/CLK(high) -    -         min_pulse_width sdf_cond(ENABLE_D===1'b1) untested constant_disabled
mprj/o_FF[81]/CLK(low) -     -         min_pulse_width sdf_cond(ENABLE_D===1'b1) untested constant_disabled
mprj/o_FF[82]/D      CLK(rise) -       hold    -           untested  constant_disabled
mprj/o_FF[82]/D      CLK(rise) -       setup   -           untested  constant_disabled
mprj/o_FF[82]/CLK    -       -         min_period sdf_cond(ENABLE_D===1'b1) untested constant_disabled
mprj/o_FF[82]/CLK(high) -    -         min_pulse_width sdf_cond(ENABLE_D===1'b1) untested constant_disabled
mprj/o_FF[82]/CLK(low) -     -         min_pulse_width sdf_cond(ENABLE_D===1'b1) untested constant_disabled
mprj/o_FF[83]/D      CLK(rise) -       hold    -           untested  constant_disabled
mprj/o_FF[83]/D      CLK(rise) -       setup   -           untested  constant_disabled
mprj/o_FF[83]/CLK    -       -         min_period sdf_cond(ENABLE_D===1'b1) untested constant_disabled
mprj/o_FF[83]/CLK(high) -    -         min_pulse_width sdf_cond(ENABLE_D===1'b1) untested constant_disabled
mprj/o_FF[83]/CLK(low) -     -         min_pulse_width sdf_cond(ENABLE_D===1'b1) untested constant_disabled
mprj/o_FF[84]/D      CLK(rise) -       hold    -           untested  constant_disabled
mprj/o_FF[84]/D      CLK(rise) -       setup   -           untested  constant_disabled
mprj/o_FF[84]/CLK    -       -         min_period sdf_cond(ENABLE_D===1'b1) untested constant_disabled
mprj/o_FF[84]/CLK(high) -    -         min_pulse_width sdf_cond(ENABLE_D===1'b1) untested constant_disabled
mprj/o_FF[84]/CLK(low) -     -         min_pulse_width sdf_cond(ENABLE_D===1'b1) untested constant_disabled
mprj/o_FF[85]/D      CLK(rise) -       hold    -           untested  constant_disabled
mprj/o_FF[85]/D      CLK(rise) -       setup   -           untested  constant_disabled
mprj/o_FF[85]/CLK    -       -         min_period sdf_cond(ENABLE_D===1'b1) untested constant_disabled
mprj/o_FF[85]/CLK(high) -    -         min_pulse_width sdf_cond(ENABLE_D===1'b1) untested constant_disabled
mprj/o_FF[85]/CLK(low) -     -         min_pulse_width sdf_cond(ENABLE_D===1'b1) untested constant_disabled
mprj/o_FF[86]/D      CLK(rise) -       hold    -           untested  constant_disabled
mprj/o_FF[86]/D      CLK(rise) -       setup   -           untested  constant_disabled
mprj/o_FF[86]/CLK    -       -         min_period sdf_cond(ENABLE_D===1'b1) untested constant_disabled
mprj/o_FF[86]/CLK(high) -    -         min_pulse_width sdf_cond(ENABLE_D===1'b1) untested constant_disabled
mprj/o_FF[86]/CLK(low) -     -         min_pulse_width sdf_cond(ENABLE_D===1'b1) untested constant_disabled
mprj/o_FF[87]/D      CLK(rise) -       hold    -           untested  constant_disabled
mprj/o_FF[87]/D      CLK(rise) -       setup   -           untested  constant_disabled
mprj/o_FF[87]/CLK    -       -         min_period sdf_cond(ENABLE_D===1'b1) untested constant_disabled
mprj/o_FF[87]/CLK(high) -    -         min_pulse_width sdf_cond(ENABLE_D===1'b1) untested constant_disabled
mprj/o_FF[87]/CLK(low) -     -         min_pulse_width sdf_cond(ENABLE_D===1'b1) untested constant_disabled
mprj/o_FF[88]/D      CLK(rise) -       hold    -           untested  constant_disabled
mprj/o_FF[88]/D      CLK(rise) -       setup   -           untested  constant_disabled
mprj/o_FF[88]/CLK    -       -         min_period sdf_cond(ENABLE_D===1'b1) untested constant_disabled
mprj/o_FF[88]/CLK(high) -    -         min_pulse_width sdf_cond(ENABLE_D===1'b1) untested constant_disabled
mprj/o_FF[88]/CLK(low) -     -         min_pulse_width sdf_cond(ENABLE_D===1'b1) untested constant_disabled
mprj/o_FF[89]/D      CLK(rise) -       hold    -           untested  constant_disabled
mprj/o_FF[89]/D      CLK(rise) -       setup   -           untested  constant_disabled
mprj/o_FF[89]/CLK    -       -         min_period sdf_cond(ENABLE_D===1'b1) untested constant_disabled
mprj/o_FF[89]/CLK(high) -    -         min_pulse_width sdf_cond(ENABLE_D===1'b1) untested constant_disabled
mprj/o_FF[89]/CLK(low) -     -         min_pulse_width sdf_cond(ENABLE_D===1'b1) untested constant_disabled
mprj/o_FF[90]/D      CLK(rise) -       hold    -           untested  constant_disabled
mprj/o_FF[90]/D      CLK(rise) -       setup   -           untested  constant_disabled
mprj/o_FF[90]/CLK    -       -         min_period sdf_cond(ENABLE_D===1'b1) untested constant_disabled
mprj/o_FF[90]/CLK(high) -    -         min_pulse_width sdf_cond(ENABLE_D===1'b1) untested constant_disabled
mprj/o_FF[90]/CLK(low) -     -         min_pulse_width sdf_cond(ENABLE_D===1'b1) untested constant_disabled
mprj/o_FF[91]/D      CLK(rise) -       hold    -           untested  constant_disabled
mprj/o_FF[91]/D      CLK(rise) -       setup   -           untested  constant_disabled
mprj/o_FF[91]/CLK    -       -         min_period sdf_cond(ENABLE_D===1'b1) untested constant_disabled
mprj/o_FF[91]/CLK(high) -    -         min_pulse_width sdf_cond(ENABLE_D===1'b1) untested constant_disabled
mprj/o_FF[91]/CLK(low) -     -         min_pulse_width sdf_cond(ENABLE_D===1'b1) untested constant_disabled
mprj/o_FF[92]/D      CLK(rise) -       hold    -           untested  constant_disabled
mprj/o_FF[92]/D      CLK(rise) -       setup   -           untested  constant_disabled
mprj/o_FF[92]/CLK    -       -         min_period sdf_cond(ENABLE_D===1'b1) untested constant_disabled
mprj/o_FF[92]/CLK(high) -    -         min_pulse_width sdf_cond(ENABLE_D===1'b1) untested constant_disabled
mprj/o_FF[92]/CLK(low) -     -         min_pulse_width sdf_cond(ENABLE_D===1'b1) untested constant_disabled
mprj/o_FF[93]/D      CLK(rise) -       hold    -           untested  constant_disabled
mprj/o_FF[93]/D      CLK(rise) -       setup   -           untested  constant_disabled
mprj/o_FF[93]/CLK    -       -         min_period sdf_cond(ENABLE_D===1'b1) untested constant_disabled
mprj/o_FF[93]/CLK(high) -    -         min_pulse_width sdf_cond(ENABLE_D===1'b1) untested constant_disabled
mprj/o_FF[93]/CLK(low) -     -         min_pulse_width sdf_cond(ENABLE_D===1'b1) untested constant_disabled
mprj/o_FF[94]/D      CLK(rise) -       hold    -           untested  constant_disabled
mprj/o_FF[94]/D      CLK(rise) -       setup   -           untested  constant_disabled
mprj/o_FF[94]/CLK    -       -         min_period sdf_cond(ENABLE_D===1'b1) untested constant_disabled
mprj/o_FF[94]/CLK(high) -    -         min_pulse_width sdf_cond(ENABLE_D===1'b1) untested constant_disabled
mprj/o_FF[94]/CLK(low) -     -         min_pulse_width sdf_cond(ENABLE_D===1'b1) untested constant_disabled
mprj/o_FF[95]/D      CLK(rise) -       hold    -           untested  constant_disabled
mprj/o_FF[95]/D      CLK(rise) -       setup   -           untested  constant_disabled
mprj/o_FF[95]/CLK    -       -         min_period sdf_cond(ENABLE_D===1'b1) untested constant_disabled
mprj/o_FF[95]/CLK(high) -    -         min_pulse_width sdf_cond(ENABLE_D===1'b1) untested constant_disabled
mprj/o_FF[95]/CLK(low) -     -         min_pulse_width sdf_cond(ENABLE_D===1'b1) untested constant_disabled
mprj/o_FF[96]/D      CLK(rise) -       hold    -           untested  constant_disabled
mprj/o_FF[96]/D      CLK(rise) -       setup   -           untested  constant_disabled
mprj/o_FF[96]/CLK    -       -         min_period sdf_cond(ENABLE_D===1'b1) untested constant_disabled
mprj/o_FF[96]/CLK(high) -    -         min_pulse_width sdf_cond(ENABLE_D===1'b1) untested constant_disabled
mprj/o_FF[96]/CLK(low) -     -         min_pulse_width sdf_cond(ENABLE_D===1'b1) untested constant_disabled
mprj/o_FF[97]/D      CLK(rise) -       hold    -           untested  constant_disabled
mprj/o_FF[97]/D      CLK(rise) -       setup   -           untested  constant_disabled
mprj/o_FF[97]/CLK    -       -         min_period sdf_cond(ENABLE_D===1'b1) untested constant_disabled
mprj/o_FF[97]/CLK(high) -    -         min_pulse_width sdf_cond(ENABLE_D===1'b1) untested constant_disabled
mprj/o_FF[97]/CLK(low) -     -         min_pulse_width sdf_cond(ENABLE_D===1'b1) untested constant_disabled
mprj/o_FF[98]/D      CLK(rise) -       hold    -           untested  constant_disabled
mprj/o_FF[98]/D      CLK(rise) -       setup   -           untested  constant_disabled
mprj/o_FF[98]/CLK    -       -         min_period sdf_cond(ENABLE_D===1'b1) untested constant_disabled
mprj/o_FF[98]/CLK(high) -    -         min_pulse_width sdf_cond(ENABLE_D===1'b1) untested constant_disabled
mprj/o_FF[98]/CLK(low) -     -         min_pulse_width sdf_cond(ENABLE_D===1'b1) untested constant_disabled
mprj/o_FF[99]/D      CLK(rise) -       hold    -           untested  constant_disabled
mprj/o_FF[99]/D      CLK(rise) -       setup   -           untested  constant_disabled
mprj/o_FF[99]/CLK    -       -         min_period sdf_cond(ENABLE_D===1'b1) untested constant_disabled
mprj/o_FF[99]/CLK(high) -    -         min_pulse_width sdf_cond(ENABLE_D===1'b1) untested constant_disabled
mprj/o_FF[99]/CLK(low) -     -         min_pulse_width sdf_cond(ENABLE_D===1'b1) untested constant_disabled
mprj/o_FF[100]/D     CLK(rise) -       hold    -           untested  constant_disabled
mprj/o_FF[100]/D     CLK(rise) -       setup   -           untested  constant_disabled
mprj/o_FF[100]/CLK   -       -         min_period sdf_cond(ENABLE_D===1'b1) untested constant_disabled
mprj/o_FF[100]/CLK(high) -   -         min_pulse_width sdf_cond(ENABLE_D===1'b1) untested constant_disabled
mprj/o_FF[100]/CLK(low) -    -         min_pulse_width sdf_cond(ENABLE_D===1'b1) untested constant_disabled
mprj/o_FF[101]/D     CLK(rise) -       hold    -           untested  constant_disabled
mprj/o_FF[101]/D     CLK(rise) -       setup   -           untested  constant_disabled
mprj/o_FF[101]/CLK   -       -         min_period sdf_cond(ENABLE_D===1'b1) untested constant_disabled
mprj/o_FF[101]/CLK(high) -   -         min_pulse_width sdf_cond(ENABLE_D===1'b1) untested constant_disabled
mprj/o_FF[101]/CLK(low) -    -         min_pulse_width sdf_cond(ENABLE_D===1'b1) untested constant_disabled
mprj/o_FF[102]/D     CLK(rise) -       hold    -           untested  constant_disabled
mprj/o_FF[102]/D     CLK(rise) -       setup   -           untested  constant_disabled
mprj/o_FF[102]/CLK   -       -         min_period sdf_cond(ENABLE_D===1'b1) untested constant_disabled
mprj/o_FF[102]/CLK(high) -   -         min_pulse_width sdf_cond(ENABLE_D===1'b1) untested constant_disabled
mprj/o_FF[102]/CLK(low) -    -         min_pulse_width sdf_cond(ENABLE_D===1'b1) untested constant_disabled
mprj/o_FF[103]/D     CLK(rise) -       hold    -           untested  constant_disabled
mprj/o_FF[103]/D     CLK(rise) -       setup   -           untested  constant_disabled
mprj/o_FF[103]/CLK   -       -         min_period sdf_cond(ENABLE_D===1'b1) untested constant_disabled
mprj/o_FF[103]/CLK(high) -   -         min_pulse_width sdf_cond(ENABLE_D===1'b1) untested constant_disabled
mprj/o_FF[103]/CLK(low) -    -         min_pulse_width sdf_cond(ENABLE_D===1'b1) untested constant_disabled
mprj/o_FF[104]/D     CLK(rise) -       hold    -           untested  constant_disabled
mprj/o_FF[104]/D     CLK(rise) -       setup   -           untested  constant_disabled
mprj/o_FF[104]/CLK   -       -         min_period sdf_cond(ENABLE_D===1'b1) untested constant_disabled
mprj/o_FF[104]/CLK(high) -   -         min_pulse_width sdf_cond(ENABLE_D===1'b1) untested constant_disabled
mprj/o_FF[104]/CLK(low) -    -         min_pulse_width sdf_cond(ENABLE_D===1'b1) untested constant_disabled
mprj/o_FF[105]/D     CLK(rise) -       hold    -           untested  constant_disabled
mprj/o_FF[105]/D     CLK(rise) -       setup   -           untested  constant_disabled
mprj/o_FF[105]/CLK   -       -         min_period sdf_cond(ENABLE_D===1'b1) untested constant_disabled
mprj/o_FF[105]/CLK(high) -   -         min_pulse_width sdf_cond(ENABLE_D===1'b1) untested constant_disabled
mprj/o_FF[105]/CLK(low) -    -         min_pulse_width sdf_cond(ENABLE_D===1'b1) untested constant_disabled
mprj/o_FF[106]/D     CLK(rise) -       hold    -           untested  constant_disabled
mprj/o_FF[106]/D     CLK(rise) -       setup   -           untested  constant_disabled
mprj/o_FF[106]/CLK   -       -         min_period sdf_cond(ENABLE_D===1'b1) untested constant_disabled
mprj/o_FF[106]/CLK(high) -   -         min_pulse_width sdf_cond(ENABLE_D===1'b1) untested constant_disabled
mprj/o_FF[106]/CLK(low) -    -         min_pulse_width sdf_cond(ENABLE_D===1'b1) untested constant_disabled
mprj/o_FF[107]/D     CLK(rise) -       hold    -           untested  constant_disabled
mprj/o_FF[107]/D     CLK(rise) -       setup   -           untested  constant_disabled
mprj/o_FF[107]/CLK   -       -         min_period sdf_cond(ENABLE_D===1'b1) untested constant_disabled
mprj/o_FF[107]/CLK(high) -   -         min_pulse_width sdf_cond(ENABLE_D===1'b1) untested constant_disabled
mprj/o_FF[107]/CLK(low) -    -         min_pulse_width sdf_cond(ENABLE_D===1'b1) untested constant_disabled
mprj/o_FF[108]/D     CLK(rise) -       hold    -           untested  constant_disabled
mprj/o_FF[108]/D     CLK(rise) -       setup   -           untested  constant_disabled
mprj/o_FF[108]/CLK   -       -         min_period sdf_cond(ENABLE_D===1'b1) untested constant_disabled
mprj/o_FF[108]/CLK(high) -   -         min_pulse_width sdf_cond(ENABLE_D===1'b1) untested constant_disabled
mprj/o_FF[108]/CLK(low) -    -         min_pulse_width sdf_cond(ENABLE_D===1'b1) untested constant_disabled
mprj/o_FF[109]/D     CLK(rise) -       hold    -           untested  constant_disabled
mprj/o_FF[109]/D     CLK(rise) -       setup   -           untested  constant_disabled
mprj/o_FF[109]/CLK   -       -         min_period sdf_cond(ENABLE_D===1'b1) untested constant_disabled
mprj/o_FF[109]/CLK(high) -   -         min_pulse_width sdf_cond(ENABLE_D===1'b1) untested constant_disabled
mprj/o_FF[109]/CLK(low) -    -         min_pulse_width sdf_cond(ENABLE_D===1'b1) untested constant_disabled
mprj/o_FF[110]/D     CLK(rise) -       hold    -           untested  constant_disabled
mprj/o_FF[110]/D     CLK(rise) -       setup   -           untested  constant_disabled
mprj/o_FF[110]/CLK   -       -         min_period sdf_cond(ENABLE_D===1'b1) untested constant_disabled
mprj/o_FF[110]/CLK(high) -   -         min_pulse_width sdf_cond(ENABLE_D===1'b1) untested constant_disabled
mprj/o_FF[110]/CLK(low) -    -         min_pulse_width sdf_cond(ENABLE_D===1'b1) untested constant_disabled
mprj/o_FF[111]/D     CLK(rise) -       hold    -           untested  constant_disabled
mprj/o_FF[111]/D     CLK(rise) -       setup   -           untested  constant_disabled
mprj/o_FF[111]/CLK   -       -         min_period sdf_cond(ENABLE_D===1'b1) untested constant_disabled
mprj/o_FF[111]/CLK(high) -   -         min_pulse_width sdf_cond(ENABLE_D===1'b1) untested constant_disabled
mprj/o_FF[111]/CLK(low) -    -         min_pulse_width sdf_cond(ENABLE_D===1'b1) untested constant_disabled
mprj/o_FF[112]/D     CLK(rise) -       hold    -           untested  constant_disabled
mprj/o_FF[112]/D     CLK(rise) -       setup   -           untested  constant_disabled
mprj/o_FF[112]/CLK   -       -         min_period sdf_cond(ENABLE_D===1'b1) untested constant_disabled
mprj/o_FF[112]/CLK(high) -   -         min_pulse_width sdf_cond(ENABLE_D===1'b1) untested constant_disabled
mprj/o_FF[112]/CLK(low) -    -         min_pulse_width sdf_cond(ENABLE_D===1'b1) untested constant_disabled
mprj/o_FF[113]/D     CLK(rise) -       hold    -           untested  constant_disabled
mprj/o_FF[113]/D     CLK(rise) -       setup   -           untested  constant_disabled
mprj/o_FF[113]/CLK   -       -         min_period sdf_cond(ENABLE_D===1'b1) untested constant_disabled
mprj/o_FF[113]/CLK(high) -   -         min_pulse_width sdf_cond(ENABLE_D===1'b1) untested constant_disabled
mprj/o_FF[113]/CLK(low) -    -         min_pulse_width sdf_cond(ENABLE_D===1'b1) untested constant_disabled
mprj/o_FF[114]/D     CLK(rise) -       hold    -           untested  constant_disabled
mprj/o_FF[114]/D     CLK(rise) -       setup   -           untested  constant_disabled
mprj/o_FF[114]/CLK   -       -         min_period sdf_cond(ENABLE_D===1'b1) untested constant_disabled
mprj/o_FF[114]/CLK(high) -   -         min_pulse_width sdf_cond(ENABLE_D===1'b1) untested constant_disabled
mprj/o_FF[114]/CLK(low) -    -         min_pulse_width sdf_cond(ENABLE_D===1'b1) untested constant_disabled
mprj/o_FF[115]/D     CLK(rise) -       hold    -           untested  constant_disabled
mprj/o_FF[115]/D     CLK(rise) -       setup   -           untested  constant_disabled
mprj/o_FF[115]/CLK   -       -         min_period sdf_cond(ENABLE_D===1'b1) untested constant_disabled
mprj/o_FF[115]/CLK(high) -   -         min_pulse_width sdf_cond(ENABLE_D===1'b1) untested constant_disabled
mprj/o_FF[115]/CLK(low) -    -         min_pulse_width sdf_cond(ENABLE_D===1'b1) untested constant_disabled
mprj/o_FF[116]/D     CLK(rise) -       hold    -           untested  constant_disabled
mprj/o_FF[116]/D     CLK(rise) -       setup   -           untested  constant_disabled
mprj/o_FF[116]/CLK   -       -         min_period sdf_cond(ENABLE_D===1'b1) untested constant_disabled
mprj/o_FF[116]/CLK(high) -   -         min_pulse_width sdf_cond(ENABLE_D===1'b1) untested constant_disabled
mprj/o_FF[116]/CLK(low) -    -         min_pulse_width sdf_cond(ENABLE_D===1'b1) untested constant_disabled
mprj/o_FF[117]/D     CLK(rise) -       hold    -           untested  constant_disabled
mprj/o_FF[117]/D     CLK(rise) -       setup   -           untested  constant_disabled
mprj/o_FF[117]/CLK   -       -         min_period sdf_cond(ENABLE_D===1'b1) untested constant_disabled
mprj/o_FF[117]/CLK(high) -   -         min_pulse_width sdf_cond(ENABLE_D===1'b1) untested constant_disabled
mprj/o_FF[117]/CLK(low) -    -         min_pulse_width sdf_cond(ENABLE_D===1'b1) untested constant_disabled
mprj/o_FF[118]/D     CLK(rise) -       hold    -           untested  constant_disabled
mprj/o_FF[118]/D     CLK(rise) -       setup   -           untested  constant_disabled
mprj/o_FF[118]/CLK   -       -         min_period sdf_cond(ENABLE_D===1'b1) untested constant_disabled
mprj/o_FF[118]/CLK(high) -   -         min_pulse_width sdf_cond(ENABLE_D===1'b1) untested constant_disabled
mprj/o_FF[118]/CLK(low) -    -         min_pulse_width sdf_cond(ENABLE_D===1'b1) untested constant_disabled
mprj/o_FF[119]/D     CLK(rise) -       hold    -           untested  constant_disabled
mprj/o_FF[119]/D     CLK(rise) -       setup   -           untested  constant_disabled
mprj/o_FF[119]/CLK   -       -         min_period sdf_cond(ENABLE_D===1'b1) untested constant_disabled
mprj/o_FF[119]/CLK(high) -   -         min_pulse_width sdf_cond(ENABLE_D===1'b1) untested constant_disabled
mprj/o_FF[119]/CLK(low) -    -         min_pulse_width sdf_cond(ENABLE_D===1'b1) untested constant_disabled
mprj/o_FF[120]/D     CLK(rise) -       hold    -           untested  constant_disabled
mprj/o_FF[120]/D     CLK(rise) -       setup   -           untested  constant_disabled
mprj/o_FF[120]/CLK   -       -         min_period sdf_cond(ENABLE_D===1'b1) untested constant_disabled
mprj/o_FF[120]/CLK(high) -   -         min_pulse_width sdf_cond(ENABLE_D===1'b1) untested constant_disabled
mprj/o_FF[120]/CLK(low) -    -         min_pulse_width sdf_cond(ENABLE_D===1'b1) untested constant_disabled
mprj/o_FF[121]/D     CLK(rise) -       hold    -           untested  constant_disabled
mprj/o_FF[121]/D     CLK(rise) -       setup   -           untested  constant_disabled
mprj/o_FF[121]/CLK   -       -         min_period sdf_cond(ENABLE_D===1'b1) untested constant_disabled
mprj/o_FF[121]/CLK(high) -   -         min_pulse_width sdf_cond(ENABLE_D===1'b1) untested constant_disabled
mprj/o_FF[121]/CLK(low) -    -         min_pulse_width sdf_cond(ENABLE_D===1'b1) untested constant_disabled
mprj/o_FF[122]/D     CLK(rise) -       hold    -           untested  constant_disabled
mprj/o_FF[122]/D     CLK(rise) -       setup   -           untested  constant_disabled
mprj/o_FF[122]/CLK   -       -         min_period sdf_cond(ENABLE_D===1'b1) untested constant_disabled
mprj/o_FF[122]/CLK(high) -   -         min_pulse_width sdf_cond(ENABLE_D===1'b1) untested constant_disabled
mprj/o_FF[122]/CLK(low) -    -         min_pulse_width sdf_cond(ENABLE_D===1'b1) untested constant_disabled
mprj/o_FF[123]/D     CLK(rise) -       hold    -           untested  constant_disabled
mprj/o_FF[123]/D     CLK(rise) -       setup   -           untested  constant_disabled
mprj/o_FF[123]/CLK   -       -         min_period sdf_cond(ENABLE_D===1'b1) untested constant_disabled
mprj/o_FF[123]/CLK(high) -   -         min_pulse_width sdf_cond(ENABLE_D===1'b1) untested constant_disabled
mprj/o_FF[123]/CLK(low) -    -         min_pulse_width sdf_cond(ENABLE_D===1'b1) untested constant_disabled
mprj/o_FF[124]/D     CLK(rise) -       hold    -           untested  constant_disabled
mprj/o_FF[124]/D     CLK(rise) -       setup   -           untested  constant_disabled
mprj/o_FF[124]/CLK   -       -         min_period sdf_cond(ENABLE_D===1'b1) untested constant_disabled
mprj/o_FF[124]/CLK(high) -   -         min_pulse_width sdf_cond(ENABLE_D===1'b1) untested constant_disabled
mprj/o_FF[124]/CLK(low) -    -         min_pulse_width sdf_cond(ENABLE_D===1'b1) untested constant_disabled
mprj/o_FF[125]/D     CLK(rise) -       hold    -           untested  constant_disabled
mprj/o_FF[125]/D     CLK(rise) -       setup   -           untested  constant_disabled
mprj/o_FF[125]/CLK   -       -         min_period sdf_cond(ENABLE_D===1'b1) untested constant_disabled
mprj/o_FF[125]/CLK(high) -   -         min_pulse_width sdf_cond(ENABLE_D===1'b1) untested constant_disabled
mprj/o_FF[125]/CLK(low) -    -         min_pulse_width sdf_cond(ENABLE_D===1'b1) untested constant_disabled
mprj/o_FF[126]/D     CLK(rise) -       hold    -           untested  constant_disabled
mprj/o_FF[126]/D     CLK(rise) -       setup   -           untested  constant_disabled
mprj/o_FF[126]/CLK   -       -         min_period sdf_cond(ENABLE_D===1'b1) untested constant_disabled
mprj/o_FF[126]/CLK(high) -   -         min_pulse_width sdf_cond(ENABLE_D===1'b1) untested constant_disabled
mprj/o_FF[126]/CLK(low) -    -         min_pulse_width sdf_cond(ENABLE_D===1'b1) untested constant_disabled
mprj/o_FF[127]/D     CLK(rise) -       hold    -           untested  constant_disabled
mprj/o_FF[127]/D     CLK(rise) -       setup   -           untested  constant_disabled
mprj/o_FF[127]/CLK   -       -         min_period sdf_cond(ENABLE_D===1'b1) untested constant_disabled
mprj/o_FF[127]/CLK(high) -   -         min_pulse_width sdf_cond(ENABLE_D===1'b1) untested constant_disabled
mprj/o_FF[127]/CLK(low) -    -         min_pulse_width sdf_cond(ENABLE_D===1'b1) untested constant_disabled
mprj/o_FF[128]/D     CLK(rise) -       hold    -           untested  constant_disabled
mprj/o_FF[128]/D     CLK(rise) -       setup   -           untested  constant_disabled
mprj/o_FF[128]/CLK   -       -         min_period sdf_cond(ENABLE_D===1'b1) untested constant_disabled
mprj/o_FF[128]/CLK(high) -   -         min_pulse_width sdf_cond(ENABLE_D===1'b1) untested constant_disabled
mprj/o_FF[128]/CLK(low) -    -         min_pulse_width sdf_cond(ENABLE_D===1'b1) untested constant_disabled
mprj/o_FF[129]/D     CLK(rise) -       hold    -           untested  constant_disabled
mprj/o_FF[129]/D     CLK(rise) -       setup   -           untested  constant_disabled
mprj/o_FF[129]/CLK   -       -         min_period sdf_cond(ENABLE_D===1'b1) untested constant_disabled
mprj/o_FF[129]/CLK(high) -   -         min_pulse_width sdf_cond(ENABLE_D===1'b1) untested constant_disabled
mprj/o_FF[129]/CLK(low) -    -         min_pulse_width sdf_cond(ENABLE_D===1'b1) untested constant_disabled
mprj/o_FF[130]/D     CLK(rise) -       hold    -           untested  constant_disabled
mprj/o_FF[130]/D     CLK(rise) -       setup   -           untested  constant_disabled
mprj/o_FF[130]/CLK   -       -         min_period sdf_cond(ENABLE_D===1'b1) untested constant_disabled
mprj/o_FF[130]/CLK(high) -   -         min_pulse_width sdf_cond(ENABLE_D===1'b1) untested constant_disabled
mprj/o_FF[130]/CLK(low) -    -         min_pulse_width sdf_cond(ENABLE_D===1'b1) untested constant_disabled
mprj/o_FF[131]/D     CLK(rise) -       hold    -           untested  constant_disabled
mprj/o_FF[131]/D     CLK(rise) -       setup   -           untested  constant_disabled
mprj/o_FF[131]/CLK   -       -         min_period sdf_cond(ENABLE_D===1'b1) untested constant_disabled
mprj/o_FF[131]/CLK(high) -   -         min_pulse_width sdf_cond(ENABLE_D===1'b1) untested constant_disabled
mprj/o_FF[131]/CLK(low) -    -         min_pulse_width sdf_cond(ENABLE_D===1'b1) untested constant_disabled
mprj/o_FF[132]/D     CLK(rise) -       hold    -           untested  constant_disabled
mprj/o_FF[132]/D     CLK(rise) -       setup   -           untested  constant_disabled
mprj/o_FF[132]/CLK   -       -         min_period sdf_cond(ENABLE_D===1'b1) untested constant_disabled
mprj/o_FF[132]/CLK(high) -   -         min_pulse_width sdf_cond(ENABLE_D===1'b1) untested constant_disabled
mprj/o_FF[132]/CLK(low) -    -         min_pulse_width sdf_cond(ENABLE_D===1'b1) untested constant_disabled
mprj/o_FF[133]/D     CLK(rise) -       hold    -           untested  constant_disabled
mprj/o_FF[133]/D     CLK(rise) -       setup   -           untested  constant_disabled
mprj/o_FF[133]/CLK   -       -         min_period sdf_cond(ENABLE_D===1'b1) untested constant_disabled
mprj/o_FF[133]/CLK(high) -   -         min_pulse_width sdf_cond(ENABLE_D===1'b1) untested constant_disabled
mprj/o_FF[133]/CLK(low) -    -         min_pulse_width sdf_cond(ENABLE_D===1'b1) untested constant_disabled
mprj/o_FF[134]/D     CLK(rise) -       hold    -           untested  constant_disabled
mprj/o_FF[134]/D     CLK(rise) -       setup   -           untested  constant_disabled
mprj/o_FF[134]/CLK   -       -         min_period sdf_cond(ENABLE_D===1'b1) untested constant_disabled
mprj/o_FF[134]/CLK(high) -   -         min_pulse_width sdf_cond(ENABLE_D===1'b1) untested constant_disabled
mprj/o_FF[134]/CLK(low) -    -         min_pulse_width sdf_cond(ENABLE_D===1'b1) untested constant_disabled
mprj/o_FF[135]/D     CLK(rise) -       hold    -           untested  constant_disabled
mprj/o_FF[135]/D     CLK(rise) -       setup   -           untested  constant_disabled
mprj/o_FF[135]/CLK   -       -         min_period sdf_cond(ENABLE_D===1'b1) untested constant_disabled
mprj/o_FF[135]/CLK(high) -   -         min_pulse_width sdf_cond(ENABLE_D===1'b1) untested constant_disabled
mprj/o_FF[135]/CLK(low) -    -         min_pulse_width sdf_cond(ENABLE_D===1'b1) untested constant_disabled
mprj/o_FF[136]/D     CLK(rise) -       hold    -           untested  constant_disabled
mprj/o_FF[136]/D     CLK(rise) -       setup   -           untested  constant_disabled
mprj/o_FF[136]/CLK   -       -         min_period sdf_cond(ENABLE_D===1'b1) untested constant_disabled
mprj/o_FF[136]/CLK(high) -   -         min_pulse_width sdf_cond(ENABLE_D===1'b1) untested constant_disabled
mprj/o_FF[136]/CLK(low) -    -         min_pulse_width sdf_cond(ENABLE_D===1'b1) untested constant_disabled
mprj/o_FF[137]/D     CLK(rise) -       hold    -           untested  constant_disabled
mprj/o_FF[137]/D     CLK(rise) -       setup   -           untested  constant_disabled
mprj/o_FF[137]/CLK   -       -         min_period sdf_cond(ENABLE_D===1'b1) untested constant_disabled
mprj/o_FF[137]/CLK(high) -   -         min_pulse_width sdf_cond(ENABLE_D===1'b1) untested constant_disabled
mprj/o_FF[137]/CLK(low) -    -         min_pulse_width sdf_cond(ENABLE_D===1'b1) untested constant_disabled
mprj/o_FF[138]/D     CLK(rise) -       hold    -           untested  constant_disabled
mprj/o_FF[138]/D     CLK(rise) -       setup   -           untested  constant_disabled
mprj/o_FF[138]/CLK   -       -         min_period sdf_cond(ENABLE_D===1'b1) untested constant_disabled
mprj/o_FF[138]/CLK(high) -   -         min_pulse_width sdf_cond(ENABLE_D===1'b1) untested constant_disabled
mprj/o_FF[138]/CLK(low) -    -         min_pulse_width sdf_cond(ENABLE_D===1'b1) untested constant_disabled
mprj/o_FF[139]/D     CLK(rise) -       hold    -           untested  constant_disabled
mprj/o_FF[139]/D     CLK(rise) -       setup   -           untested  constant_disabled
mprj/o_FF[139]/CLK   -       -         min_period sdf_cond(ENABLE_D===1'b1) untested constant_disabled
mprj/o_FF[139]/CLK(high) -   -         min_pulse_width sdf_cond(ENABLE_D===1'b1) untested constant_disabled
mprj/o_FF[139]/CLK(low) -    -         min_pulse_width sdf_cond(ENABLE_D===1'b1) untested constant_disabled
mprj/o_FF[140]/D     CLK(rise) -       hold    -           untested  constant_disabled
mprj/o_FF[140]/D     CLK(rise) -       setup   -           untested  constant_disabled
mprj/o_FF[140]/CLK   -       -         min_period sdf_cond(ENABLE_D===1'b1) untested constant_disabled
mprj/o_FF[140]/CLK(high) -   -         min_pulse_width sdf_cond(ENABLE_D===1'b1) untested constant_disabled
mprj/o_FF[140]/CLK(low) -    -         min_pulse_width sdf_cond(ENABLE_D===1'b1) untested constant_disabled
mprj/o_FF[141]/D     CLK(rise) -       hold    -           untested  constant_disabled
mprj/o_FF[141]/D     CLK(rise) -       setup   -           untested  constant_disabled
mprj/o_FF[141]/CLK   -       -         min_period sdf_cond(ENABLE_D===1'b1) untested constant_disabled
mprj/o_FF[141]/CLK(high) -   -         min_pulse_width sdf_cond(ENABLE_D===1'b1) untested constant_disabled
mprj/o_FF[141]/CLK(low) -    -         min_pulse_width sdf_cond(ENABLE_D===1'b1) untested constant_disabled
mprj/o_FF[142]/D     CLK(rise) -       hold    -           untested  constant_disabled
mprj/o_FF[142]/D     CLK(rise) -       setup   -           untested  constant_disabled
mprj/o_FF[142]/CLK   -       -         min_period sdf_cond(ENABLE_D===1'b1) untested constant_disabled
mprj/o_FF[142]/CLK(high) -   -         min_pulse_width sdf_cond(ENABLE_D===1'b1) untested constant_disabled
mprj/o_FF[142]/CLK(low) -    -         min_pulse_width sdf_cond(ENABLE_D===1'b1) untested constant_disabled
mprj/o_FF[143]/D     CLK(rise) -       hold    -           untested  constant_disabled
mprj/o_FF[143]/D     CLK(rise) -       setup   -           untested  constant_disabled
mprj/o_FF[143]/CLK   -       -         min_period sdf_cond(ENABLE_D===1'b1) untested constant_disabled
mprj/o_FF[143]/CLK(high) -   -         min_pulse_width sdf_cond(ENABLE_D===1'b1) untested constant_disabled
mprj/o_FF[143]/CLK(low) -    -         min_pulse_width sdf_cond(ENABLE_D===1'b1) untested constant_disabled
mprj/o_FF[144]/D     CLK(rise) -       hold    -           untested  constant_disabled
mprj/o_FF[144]/D     CLK(rise) -       setup   -           untested  constant_disabled
mprj/o_FF[144]/CLK   -       -         min_period sdf_cond(ENABLE_D===1'b1) untested constant_disabled
mprj/o_FF[144]/CLK(high) -   -         min_pulse_width sdf_cond(ENABLE_D===1'b1) untested constant_disabled
mprj/o_FF[144]/CLK(low) -    -         min_pulse_width sdf_cond(ENABLE_D===1'b1) untested constant_disabled
mprj/o_FF[145]/D     CLK(rise) -       hold    -           untested  constant_disabled
mprj/o_FF[145]/D     CLK(rise) -       setup   -           untested  constant_disabled
mprj/o_FF[145]/CLK   -       -         min_period sdf_cond(ENABLE_D===1'b1) untested constant_disabled
mprj/o_FF[145]/CLK(high) -   -         min_pulse_width sdf_cond(ENABLE_D===1'b1) untested constant_disabled
mprj/o_FF[145]/CLK(low) -    -         min_pulse_width sdf_cond(ENABLE_D===1'b1) untested constant_disabled
mprj/o_FF[146]/D     CLK(rise) -       hold    -           untested  constant_disabled
mprj/o_FF[146]/D     CLK(rise) -       setup   -           untested  constant_disabled
mprj/o_FF[146]/CLK   -       -         min_period sdf_cond(ENABLE_D===1'b1) untested constant_disabled
mprj/o_FF[146]/CLK(high) -   -         min_pulse_width sdf_cond(ENABLE_D===1'b1) untested constant_disabled
mprj/o_FF[146]/CLK(low) -    -         min_pulse_width sdf_cond(ENABLE_D===1'b1) untested constant_disabled
mprj/o_FF[147]/D     CLK(rise) -       hold    -           untested  constant_disabled
mprj/o_FF[147]/D     CLK(rise) -       setup   -           untested  constant_disabled
mprj/o_FF[147]/CLK   -       -         min_period sdf_cond(ENABLE_D===1'b1) untested constant_disabled
mprj/o_FF[147]/CLK(high) -   -         min_pulse_width sdf_cond(ENABLE_D===1'b1) untested constant_disabled
mprj/o_FF[147]/CLK(low) -    -         min_pulse_width sdf_cond(ENABLE_D===1'b1) untested constant_disabled
mprj/o_FF[148]/D     CLK(rise) -       hold    -           untested  constant_disabled
mprj/o_FF[148]/D     CLK(rise) -       setup   -           untested  constant_disabled
mprj/o_FF[148]/CLK   -       -         min_period sdf_cond(ENABLE_D===1'b1) untested constant_disabled
mprj/o_FF[148]/CLK(high) -   -         min_pulse_width sdf_cond(ENABLE_D===1'b1) untested constant_disabled
mprj/o_FF[148]/CLK(low) -    -         min_pulse_width sdf_cond(ENABLE_D===1'b1) untested constant_disabled
mprj/o_FF[149]/D     CLK(rise) -       hold    -           untested  constant_disabled
mprj/o_FF[149]/D     CLK(rise) -       setup   -           untested  constant_disabled
mprj/o_FF[149]/CLK   -       -         min_period sdf_cond(ENABLE_D===1'b1) untested constant_disabled
mprj/o_FF[149]/CLK(high) -   -         min_pulse_width sdf_cond(ENABLE_D===1'b1) untested constant_disabled
mprj/o_FF[149]/CLK(low) -    -         min_pulse_width sdf_cond(ENABLE_D===1'b1) untested constant_disabled
mprj/o_FF[150]/D     CLK(rise) -       hold    -           untested  constant_disabled
mprj/o_FF[150]/D     CLK(rise) -       setup   -           untested  constant_disabled
mprj/o_FF[150]/CLK   -       -         min_period sdf_cond(ENABLE_D===1'b1) untested constant_disabled
mprj/o_FF[150]/CLK(high) -   -         min_pulse_width sdf_cond(ENABLE_D===1'b1) untested constant_disabled
mprj/o_FF[150]/CLK(low) -    -         min_pulse_width sdf_cond(ENABLE_D===1'b1) untested constant_disabled
mprj/o_FF[151]/D     CLK(rise) -       hold    -           untested  constant_disabled
mprj/o_FF[151]/D     CLK(rise) -       setup   -           untested  constant_disabled
mprj/o_FF[151]/CLK   -       -         min_period sdf_cond(ENABLE_D===1'b1) untested constant_disabled
mprj/o_FF[151]/CLK(high) -   -         min_pulse_width sdf_cond(ENABLE_D===1'b1) untested constant_disabled
mprj/o_FF[151]/CLK(low) -    -         min_pulse_width sdf_cond(ENABLE_D===1'b1) untested constant_disabled
mprj/o_FF[152]/D     CLK(rise) -       hold    -           untested  constant_disabled
mprj/o_FF[152]/D     CLK(rise) -       setup   -           untested  constant_disabled
mprj/o_FF[152]/CLK   -       -         min_period sdf_cond(ENABLE_D===1'b1) untested constant_disabled
mprj/o_FF[152]/CLK(high) -   -         min_pulse_width sdf_cond(ENABLE_D===1'b1) untested constant_disabled
mprj/o_FF[152]/CLK(low) -    -         min_pulse_width sdf_cond(ENABLE_D===1'b1) untested constant_disabled
mprj/o_FF[153]/D     CLK(rise) -       hold    -           untested  constant_disabled
mprj/o_FF[153]/D     CLK(rise) -       setup   -           untested  constant_disabled
mprj/o_FF[153]/CLK   -       -         min_period sdf_cond(ENABLE_D===1'b1) untested constant_disabled
mprj/o_FF[153]/CLK(high) -   -         min_pulse_width sdf_cond(ENABLE_D===1'b1) untested constant_disabled
mprj/o_FF[153]/CLK(low) -    -         min_pulse_width sdf_cond(ENABLE_D===1'b1) untested constant_disabled
mprj/o_FF[154]/D     CLK(rise) -       hold    -           untested  constant_disabled
mprj/o_FF[154]/D     CLK(rise) -       setup   -           untested  constant_disabled
mprj/o_FF[154]/CLK   -       -         min_period sdf_cond(ENABLE_D===1'b1) untested constant_disabled
mprj/o_FF[154]/CLK(high) -   -         min_pulse_width sdf_cond(ENABLE_D===1'b1) untested constant_disabled
mprj/o_FF[154]/CLK(low) -    -         min_pulse_width sdf_cond(ENABLE_D===1'b1) untested constant_disabled
mprj/o_FF[155]/D     CLK(rise) -       hold    -           untested  constant_disabled
mprj/o_FF[155]/D     CLK(rise) -       setup   -           untested  constant_disabled
mprj/o_FF[155]/CLK   -       -         min_period sdf_cond(ENABLE_D===1'b1) untested constant_disabled
mprj/o_FF[155]/CLK(high) -   -         min_pulse_width sdf_cond(ENABLE_D===1'b1) untested constant_disabled
mprj/o_FF[155]/CLK(low) -    -         min_pulse_width sdf_cond(ENABLE_D===1'b1) untested constant_disabled
mprj/o_FF[156]/D     CLK(rise) -       hold    -           untested  constant_disabled
mprj/o_FF[156]/D     CLK(rise) -       setup   -           untested  constant_disabled
mprj/o_FF[156]/CLK   -       -         min_period sdf_cond(ENABLE_D===1'b1) untested constant_disabled
mprj/o_FF[156]/CLK(high) -   -         min_pulse_width sdf_cond(ENABLE_D===1'b1) untested constant_disabled
mprj/o_FF[156]/CLK(low) -    -         min_pulse_width sdf_cond(ENABLE_D===1'b1) untested constant_disabled
mprj/o_FF[157]/D     CLK(rise) -       hold    -           untested  constant_disabled
mprj/o_FF[157]/D     CLK(rise) -       setup   -           untested  constant_disabled
mprj/o_FF[157]/CLK   -       -         min_period sdf_cond(ENABLE_D===1'b1) untested constant_disabled
mprj/o_FF[157]/CLK(high) -   -         min_pulse_width sdf_cond(ENABLE_D===1'b1) untested constant_disabled
mprj/o_FF[157]/CLK(low) -    -         min_pulse_width sdf_cond(ENABLE_D===1'b1) untested constant_disabled
mprj/o_FF[158]/D     CLK(rise) -       hold    -           untested  constant_disabled
mprj/o_FF[158]/D     CLK(rise) -       setup   -           untested  constant_disabled
mprj/o_FF[158]/CLK   -       -         min_period sdf_cond(ENABLE_D===1'b1) untested constant_disabled
mprj/o_FF[158]/CLK(high) -   -         min_pulse_width sdf_cond(ENABLE_D===1'b1) untested constant_disabled
mprj/o_FF[158]/CLK(low) -    -         min_pulse_width sdf_cond(ENABLE_D===1'b1) untested constant_disabled
mprj/o_FF[159]/D     CLK(rise) -       hold    -           untested  constant_disabled
mprj/o_FF[159]/D     CLK(rise) -       setup   -           untested  constant_disabled
mprj/o_FF[159]/CLK   -       -         min_period sdf_cond(ENABLE_D===1'b1) untested constant_disabled
mprj/o_FF[159]/CLK(high) -   -         min_pulse_width sdf_cond(ENABLE_D===1'b1) untested constant_disabled
mprj/o_FF[159]/CLK(low) -    -         min_pulse_width sdf_cond(ENABLE_D===1'b1) untested constant_disabled
mprj/o_FF[160]/D     CLK(rise) -       hold    -           untested  constant_disabled
mprj/o_FF[160]/D     CLK(rise) -       setup   -           untested  constant_disabled
mprj/o_FF[160]/CLK   -       -         min_period sdf_cond(ENABLE_D===1'b1) untested constant_disabled
mprj/o_FF[160]/CLK(high) -   -         min_pulse_width sdf_cond(ENABLE_D===1'b1) untested constant_disabled
mprj/o_FF[160]/CLK(low) -    -         min_pulse_width sdf_cond(ENABLE_D===1'b1) untested constant_disabled
mprj/o_FF[161]/D     CLK(rise) -       hold    -           untested  constant_disabled
mprj/o_FF[161]/D     CLK(rise) -       setup   -           untested  constant_disabled
mprj/o_FF[161]/CLK   -       -         min_period sdf_cond(ENABLE_D===1'b1) untested constant_disabled
mprj/o_FF[161]/CLK(high) -   -         min_pulse_width sdf_cond(ENABLE_D===1'b1) untested constant_disabled
mprj/o_FF[161]/CLK(low) -    -         min_pulse_width sdf_cond(ENABLE_D===1'b1) untested constant_disabled
mprj/o_FF[162]/D     CLK(rise) -       hold    -           untested  constant_disabled
mprj/o_FF[162]/D     CLK(rise) -       setup   -           untested  constant_disabled
mprj/o_FF[162]/CLK   -       -         min_period sdf_cond(ENABLE_D===1'b1) untested constant_disabled
mprj/o_FF[162]/CLK(high) -   -         min_pulse_width sdf_cond(ENABLE_D===1'b1) untested constant_disabled
mprj/o_FF[162]/CLK(low) -    -         min_pulse_width sdf_cond(ENABLE_D===1'b1) untested constant_disabled
mprj/o_FF[163]/D     CLK(rise) -       hold    -           untested  constant_disabled
mprj/o_FF[163]/D     CLK(rise) -       setup   -           untested  constant_disabled
mprj/o_FF[163]/CLK   -       -         min_period sdf_cond(ENABLE_D===1'b1) untested constant_disabled
mprj/o_FF[163]/CLK(high) -   -         min_pulse_width sdf_cond(ENABLE_D===1'b1) untested constant_disabled
mprj/o_FF[163]/CLK(low) -    -         min_pulse_width sdf_cond(ENABLE_D===1'b1) untested constant_disabled
mprj/o_FF[164]/D     CLK(rise) -       hold    -           untested  constant_disabled
mprj/o_FF[164]/D     CLK(rise) -       setup   -           untested  constant_disabled
mprj/o_FF[164]/CLK   -       -         min_period sdf_cond(ENABLE_D===1'b1) untested constant_disabled
mprj/o_FF[164]/CLK(high) -   -         min_pulse_width sdf_cond(ENABLE_D===1'b1) untested constant_disabled
mprj/o_FF[164]/CLK(low) -    -         min_pulse_width sdf_cond(ENABLE_D===1'b1) untested constant_disabled
mprj/o_FF[165]/D     CLK(rise) -       hold    -           untested  constant_disabled
mprj/o_FF[165]/D     CLK(rise) -       setup   -           untested  constant_disabled
mprj/o_FF[165]/CLK   -       -         min_period sdf_cond(ENABLE_D===1'b1) untested constant_disabled
mprj/o_FF[165]/CLK(high) -   -         min_pulse_width sdf_cond(ENABLE_D===1'b1) untested constant_disabled
mprj/o_FF[165]/CLK(low) -    -         min_pulse_width sdf_cond(ENABLE_D===1'b1) untested constant_disabled
mprj/o_FF[166]/D     CLK(rise) -       hold    -           untested  constant_disabled
mprj/o_FF[166]/D     CLK(rise) -       setup   -           untested  constant_disabled
mprj/o_FF[166]/CLK   -       -         min_period sdf_cond(ENABLE_D===1'b1) untested constant_disabled
mprj/o_FF[166]/CLK(high) -   -         min_pulse_width sdf_cond(ENABLE_D===1'b1) untested constant_disabled
mprj/o_FF[166]/CLK(low) -    -         min_pulse_width sdf_cond(ENABLE_D===1'b1) untested constant_disabled
mprj/o_FF[167]/D     CLK(rise) -       hold    -           untested  constant_disabled
mprj/o_FF[167]/D     CLK(rise) -       setup   -           untested  constant_disabled
mprj/o_FF[167]/CLK   -       -         min_period sdf_cond(ENABLE_D===1'b1) untested constant_disabled
mprj/o_FF[167]/CLK(high) -   -         min_pulse_width sdf_cond(ENABLE_D===1'b1) untested constant_disabled
mprj/o_FF[167]/CLK(low) -    -         min_pulse_width sdf_cond(ENABLE_D===1'b1) untested constant_disabled
mprj/o_FF[168]/D     CLK(rise) -       hold    -           untested  constant_disabled
mprj/o_FF[168]/D     CLK(rise) -       setup   -           untested  constant_disabled
mprj/o_FF[168]/CLK   -       -         min_period sdf_cond(ENABLE_D===1'b1) untested constant_disabled
mprj/o_FF[168]/CLK(high) -   -         min_pulse_width sdf_cond(ENABLE_D===1'b1) untested constant_disabled
mprj/o_FF[168]/CLK(low) -    -         min_pulse_width sdf_cond(ENABLE_D===1'b1) untested constant_disabled
mprj/o_FF[169]/D     CLK(rise) -       hold    -           untested  constant_disabled
mprj/o_FF[169]/D     CLK(rise) -       setup   -           untested  constant_disabled
mprj/o_FF[169]/CLK   -       -         min_period sdf_cond(ENABLE_D===1'b1) untested constant_disabled
mprj/o_FF[169]/CLK(high) -   -         min_pulse_width sdf_cond(ENABLE_D===1'b1) untested constant_disabled
mprj/o_FF[169]/CLK(low) -    -         min_pulse_width sdf_cond(ENABLE_D===1'b1) untested constant_disabled
mprj/o_FF[170]/D     CLK(rise) -       hold    -           untested  constant_disabled
mprj/o_FF[170]/D     CLK(rise) -       setup   -           untested  constant_disabled
mprj/o_FF[170]/CLK   -       -         min_period sdf_cond(ENABLE_D===1'b1) untested constant_disabled
mprj/o_FF[170]/CLK(high) -   -         min_pulse_width sdf_cond(ENABLE_D===1'b1) untested constant_disabled
mprj/o_FF[170]/CLK(low) -    -         min_pulse_width sdf_cond(ENABLE_D===1'b1) untested constant_disabled
mprj/o_FF[171]/D     CLK(rise) -       hold    -           untested  constant_disabled
mprj/o_FF[171]/D     CLK(rise) -       setup   -           untested  constant_disabled
mprj/o_FF[171]/CLK   -       -         min_period sdf_cond(ENABLE_D===1'b1) untested constant_disabled
mprj/o_FF[171]/CLK(high) -   -         min_pulse_width sdf_cond(ENABLE_D===1'b1) untested constant_disabled
mprj/o_FF[171]/CLK(low) -    -         min_pulse_width sdf_cond(ENABLE_D===1'b1) untested constant_disabled
mprj/o_FF[172]/D     CLK(rise) -       hold    -           untested  constant_disabled
mprj/o_FF[172]/D     CLK(rise) -       setup   -           untested  constant_disabled
mprj/o_FF[172]/CLK   -       -         min_period sdf_cond(ENABLE_D===1'b1) untested constant_disabled
mprj/o_FF[172]/CLK(high) -   -         min_pulse_width sdf_cond(ENABLE_D===1'b1) untested constant_disabled
mprj/o_FF[172]/CLK(low) -    -         min_pulse_width sdf_cond(ENABLE_D===1'b1) untested constant_disabled
1
