
===========================================================================
 report_check_types -max_slew -max_cap -max_fanout -violators
============================================================================
max slew

Pin                                    Limit    Slew   Slack
------------------------------------------------------------
ANTENNA_i_FF[113]_CLK/I                 4.00    6.84   -2.84 (VIOLATED)
ANTENNA_i_FF[171]_CLK/I                 4.00    6.84   -2.84 (VIOLATED)
i_FF[115]/CLK                           4.00    6.84   -2.84 (VIOLATED)
o_FF[78]/CLK                            4.00    6.84   -2.84 (VIOLATED)
o_FF[88]/CLK                            4.00    6.84   -2.84 (VIOLATED)
ANTENNA_o_FF[78]_CLK/I                  4.00    6.84   -2.84 (VIOLATED)
ANTENNA_o_FF[88]_CLK/I                  4.00    6.84   -2.84 (VIOLATED)
o_FF[87]/CLK                            4.00    6.84   -2.84 (VIOLATED)
i_FF[180]/CLK                           4.00    6.84   -2.84 (VIOLATED)
ANTENNA_o_FF[87]_CLK/I                  4.00    6.84   -2.84 (VIOLATED)
o_FF[77]/CLK                            4.00    6.84   -2.84 (VIOLATED)
o_FF[86]/CLK                            4.00    6.84   -2.84 (VIOLATED)
ANTENNA_o_FF[77]_CLK/I                  4.00    6.84   -2.84 (VIOLATED)
ANTENNA_o_FF[86]_CLK/I                  4.00    6.84   -2.84 (VIOLATED)
i_FF[116]/CLK                           4.00    6.84   -2.84 (VIOLATED)
i_FF[112]/CLK                           4.00    6.84   -2.84 (VIOLATED)
ANTENNA_i_FF[180]_CLK/I                 4.00    6.84   -2.84 (VIOLATED)
ANTENNA_i_FF[115]_CLK/I                 4.00    6.84   -2.84 (VIOLATED)
i_FF[177]/CLK                           4.00    6.84   -2.84 (VIOLATED)
ANTENNA_i_FF[107]_CLK/I                 4.00    6.84   -2.84 (VIOLATED)
i_FF[108]/CLK                           4.00    6.84   -2.84 (VIOLATED)
ANTENNA_i_FF[172]_CLK/I                 4.00    6.84   -2.84 (VIOLATED)
i_FF[92]/CLK                            4.00    6.84   -2.84 (VIOLATED)
ANTENNA_i_FF[177]_CLK/I                 4.00    6.84   -2.84 (VIOLATED)
i_FF[181]/CLK                           4.00    6.84   -2.84 (VIOLATED)
ANTENNA_i_FF[116]_CLK/I                 4.00    6.84   -2.84 (VIOLATED)
ANTENNA_i_FF[112]_CLK/I                 4.00    6.84   -2.84 (VIOLATED)
i_FF[176]/CLK                           4.00    6.84   -2.84 (VIOLATED)
ANTENNA_i_FF[92]_CLK/I                  4.00    6.84   -2.84 (VIOLATED)
ANTENNA_i_FF[108]_CLK/I                 4.00    6.84   -2.84 (VIOLATED)
i_FF[111]/CLK                           4.00    6.84   -2.84 (VIOLATED)
i_FF[173]/CLK                           4.00    6.84   -2.84 (VIOLATED)
i_FF[175]/CLK                           4.00    6.84   -2.84 (VIOLATED)
i_FF[86]/CLK                            4.00    6.84   -2.84 (VIOLATED)
i_FF[151]/CLK                           4.00    6.84   -2.84 (VIOLATED)
ANTENNA_i_FF[151]_CLK/I                 4.00    6.84   -2.84 (VIOLATED)
i_FF[156]/CLK                           4.00    6.84   -2.84 (VIOLATED)
i_FF[153]/CLK                           4.00    6.83   -2.83 (VIOLATED)
ANTENNA_i_FF[153]_CLK/I                 4.00    6.83   -2.83 (VIOLATED)
ANTENNA_i_FF[88]_CLK/I                  4.00    6.83   -2.83 (VIOLATED)
i_FF[88]/CLK                            4.00    6.83   -2.83 (VIOLATED)
ANTENNA_i_FF[87]_CLK/I                  4.00    6.83   -2.83 (VIOLATED)
i_FF[87]/CLK                            4.00    6.83   -2.83 (VIOLATED)
ANTENNA_i_FF[152]_CLK/I                 4.00    6.83   -2.83 (VIOLATED)
i_FF[152]/CLK                           4.00    6.83   -2.83 (VIOLATED)
ANTENNA_i_FF[98]_CLK/I                  4.00    6.83   -2.83 (VIOLATED)
i_FF[94]/CLK                            4.00    6.82   -2.82 (VIOLATED)
i_FF[159]/CLK                           4.00    6.82   -2.82 (VIOLATED)
ANTENNA_i_FF[167]_CLK/I                 4.00    6.82   -2.82 (VIOLATED)
ANTENNA_i_FF[94]_CLK/I                  4.00    6.82   -2.82 (VIOLATED)
ANTENNA_i_FF[165]_CLK/I                 4.00    6.82   -2.82 (VIOLATED)
ANTENNA_i_FF[95]_CLK/I                  4.00    6.82   -2.82 (VIOLATED)
ANTENNA_i_FF[100]_CLK/I                 4.00    6.82   -2.82 (VIOLATED)
i_FF[95]/CLK                            4.00    6.82   -2.82 (VIOLATED)
i_FF[98]/CLK                            4.00    6.82   -2.82 (VIOLATED)
ANTENNA_i_FF[96]_CLK/I                  4.00    6.82   -2.82 (VIOLATED)
ANTENNA_i_FF[160]_CLK/I                 4.00    6.82   -2.82 (VIOLATED)
ANTENNA_i_FF[161]_CLK/I                 4.00    6.82   -2.82 (VIOLATED)
i_FF[96]/CLK                            4.00    6.82   -2.82 (VIOLATED)
i_FF[160]/CLK                           4.00    6.82   -2.82 (VIOLATED)
ANTENNA_i_FF[97]_CLK/I                  4.00    6.82   -2.82 (VIOLATED)
ANTENNA_i_FF[163]_CLK/I                 4.00    6.82   -2.82 (VIOLATED)
i_FF[100]/CLK                           4.00    6.82   -2.82 (VIOLATED)
i_FF[165]/CLK                           4.00    6.82   -2.82 (VIOLATED)
ANTENNA_i_FF[162]_CLK/I                 4.00    6.82   -2.82 (VIOLATED)
i_FF[101]/CLK                           4.00    6.82   -2.82 (VIOLATED)
i_FF[97]/CLK                            4.00    6.82   -2.82 (VIOLATED)
i_FF[161]/CLK                           4.00    6.82   -2.82 (VIOLATED)
i_FF[163]/CLK                           4.00    6.82   -2.82 (VIOLATED)
i_FF[162]/CLK                           4.00    6.82   -2.82 (VIOLATED)
i_FF[99]/CLK                            4.00    6.82   -2.82 (VIOLATED)
i_FF[164]/CLK                           4.00    6.82   -2.82 (VIOLATED)
ANTENNA_i_FF[164]_CLK/I                 4.00    6.82   -2.82 (VIOLATED)
i_FF[167]/CLK                           4.00    6.81   -2.81 (VIOLATED)
i_FF[102]/CLK                           4.00    6.81   -2.81 (VIOLATED)
i_FF[103]/CLK                           4.00    6.81   -2.81 (VIOLATED)
ANTENNA_i_FF[99]_CLK/I                  4.00    6.81   -2.81 (VIOLATED)
i_FF[157]/CLK                           4.00    6.81   -2.81 (VIOLATED)
i_FF[172]/CLK                           4.00    6.81   -2.81 (VIOLATED)
i_FF[107]/CLK                           4.00    6.81   -2.81 (VIOLATED)
ANTENNA_i_FF[157]_CLK/I                 4.00    6.81   -2.81 (VIOLATED)
ANTENNA_i_FF[178]_CLK/I                 4.00    6.81   -2.81 (VIOLATED)
ANTENNA_i_FF[93]_CLK/I                  4.00    6.81   -2.81 (VIOLATED)
i_FF[93]/CLK                            4.00    6.81   -2.81 (VIOLATED)
ANTENNA_i_FF[158]_CLK/I                 4.00    6.81   -2.81 (VIOLATED)
i_FF[158]/CLK                           4.00    6.81   -2.81 (VIOLATED)
ANTENNA_o_FF[93]_CLK/I                  4.00    6.81   -2.81 (VIOLATED)
o_FF[93]/CLK                            4.00    6.81   -2.81 (VIOLATED)
ANTENNA_i_FF[159]_CLK/I                 4.00    6.81   -2.81 (VIOLATED)
ANTENNA_i_FF[101]_CLK/I                 4.00    6.81   -2.81 (VIOLATED)
i_FF[166]/CLK                           4.00    6.81   -2.81 (VIOLATED)
ANTENNA_i_FF[166]_CLK/I                 4.00    6.81   -2.81 (VIOLATED)
ANTENNA_i_FF[103]_CLK/I                 4.00    6.81   -2.81 (VIOLATED)
o_FF[91]/CLK                            4.00    6.81   -2.81 (VIOLATED)
ANTENNA_i_FF[102]_CLK/I                 4.00    6.81   -2.81 (VIOLATED)
o_FF[92]/CLK                            4.00    6.81   -2.81 (VIOLATED)
ANTENNA_o_FF[91]_CLK/I                  4.00    6.81   -2.81 (VIOLATED)
ANTENNA_i_FF[170]_CLK/I                 4.00    6.81   -2.81 (VIOLATED)
ANTENNA_o_FF[92]_CLK/I                  4.00    6.81   -2.81 (VIOLATED)
ANTENNA_i_FF[168]_CLK/I                 4.00    6.81   -2.81 (VIOLATED)
i_FF[106]/CLK                           4.00    6.80   -2.80 (VIOLATED)
i_FF[105]/CLK                           4.00    6.80   -2.80 (VIOLATED)
o_FF[90]/CLK                            4.00    6.80   -2.80 (VIOLATED)
ANTENNA_o_FF[90]_CLK/I                  4.00    6.80   -2.80 (VIOLATED)
ANTENNA_i_FF[105]_CLK/I                 4.00    6.80   -2.80 (VIOLATED)
i_FF[169]/CLK                           4.00    6.80   -2.80 (VIOLATED)
i_FF[104]/CLK                           4.00    6.80   -2.80 (VIOLATED)
i_FF[168]/CLK                           4.00    6.80   -2.80 (VIOLATED)
i_FF[170]/CLK                           4.00    6.80   -2.80 (VIOLATED)
o_FF[98]/CLK                            4.00    6.80   -2.80 (VIOLATED)
ANTENNA_o_FF[98]_CLK/I                  4.00    6.80   -2.80 (VIOLATED)
o_FF[97]/CLK                            4.00    6.80   -2.80 (VIOLATED)
o_FF[96]/CLK                            4.00    6.80   -2.80 (VIOLATED)
ANTENNA_o_FF[97]_CLK/I                  4.00    6.80   -2.80 (VIOLATED)
ANTENNA_i_FF[169]_CLK/I                 4.00    6.80   -2.80 (VIOLATED)
ANTENNA_i_FF[104]_CLK/I                 4.00    6.80   -2.80 (VIOLATED)
i_FF[171]/CLK                           4.00    6.80   -2.80 (VIOLATED)
i_FF[178]/CLK                           4.00    6.80   -2.80 (VIOLATED)
i_FF[113]/CLK                           4.00    6.80   -2.80 (VIOLATED)
ANTENNA_i_FF[106]_CLK/I                 4.00    6.80   -2.80 (VIOLATED)
i_FF[114]/CLK                           4.00    6.80   -2.80 (VIOLATED)
i_FF[179]/CLK                           4.00    6.80   -2.80 (VIOLATED)
ANTENNA_o_FF[96]_CLK/I                  4.00    6.80   -2.80 (VIOLATED)
ANTENNA_i_FF[114]_CLK/I                 4.00    6.79   -2.79 (VIOLATED)
ANTENNA_i_FF[179]_CLK/I                 4.00    6.79   -2.79 (VIOLATED)
o_FF[89]/CLK                            4.00    6.79   -2.79 (VIOLATED)
ANTENNA_o_FF[89]_CLK/I                  4.00    6.79   -2.79 (VIOLATED)
o_FF[95]/CLK                            4.00    6.79   -2.79 (VIOLATED)
ANTENNA_o_FF[95]_CLK/I                  4.00    6.79   -2.79 (VIOLATED)
o_FF[79]/CLK                            4.00    6.78   -2.78 (VIOLATED)
ANTENNA_o_FF[79]_CLK/I                  4.00    6.78   -2.78 (VIOLATED)
ANTENNA_o_FF[94]_CLK/I                  4.00    6.78   -2.78 (VIOLATED)
o_FF[94]/CLK                            4.00    6.78   -2.78 (VIOLATED)
o_FF[80]/CLK                            4.00    6.77   -2.77 (VIOLATED)
ANTENNA_o_FF[80]_CLK/I                  4.00    6.76   -2.76 (VIOLATED)
o_FF[131]/CLK                           4.00    6.76   -2.76 (VIOLATED)
o_FF[169]/CLK                           4.00    6.76   -2.76 (VIOLATED)
ANTENNA_o_FF[131]_CLK/I                 4.00    6.76   -2.76 (VIOLATED)
o_FF[174]/CLK                           4.00    6.76   -2.76 (VIOLATED)
o_FF[136]/CLK                           4.00    6.76   -2.76 (VIOLATED)
ANTENNA_o_FF[169]_CLK/I                 4.00    6.76   -2.76 (VIOLATED)
ANTENNA_i_FF[224]_CLK/I                 4.00    6.76   -2.76 (VIOLATED)
i_FF[224]/CLK                           4.00    6.76   -2.76 (VIOLATED)
i_FF[220]/CLK                           4.00    6.76   -2.76 (VIOLATED)
ANTENNA_i_FF[220]_CLK/I                 4.00    6.76   -2.76 (VIOLATED)
i_FF[225]/CLK                           4.00    6.76   -2.76 (VIOLATED)
ANTENNA_o_FF[136]_CLK/I                 4.00    6.76   -2.76 (VIOLATED)
o_FF[171]/CLK                           4.00    6.76   -2.76 (VIOLATED)
ANTENNA_o_FF[174]_CLK/I                 4.00    6.76   -2.76 (VIOLATED)
o_FF[135]/CLK                           4.00    6.76   -2.76 (VIOLATED)
i_FF[223]/CLK                           4.00    6.75   -2.75 (VIOLATED)
ANTENNA_i_FF[225]_CLK/I                 4.00    6.75   -2.75 (VIOLATED)
ANTENNA_o_FF[171]_CLK/I                 4.00    6.75   -2.75 (VIOLATED)
ANTENNA_o_FF[135]_CLK/I                 4.00    6.75   -2.75 (VIOLATED)
o_FF[81]/CLK                            4.00    6.75   -2.75 (VIOLATED)
o_FF[132]/CLK                           4.00    6.75   -2.75 (VIOLATED)
ANTENNA_o_FF[81]_CLK/I                  4.00    6.75   -2.75 (VIOLATED)
ANTENNA_o_FF[132]_CLK/I                 4.00    6.74   -2.74 (VIOLATED)
o_FF[173]/CLK                           4.00    6.74   -2.74 (VIOLATED)
i_FF[222]/CLK                           4.00    6.73   -2.73 (VIOLATED)
ANTENNA_i_FF[223]_CLK/I                 4.00    6.73   -2.73 (VIOLATED)
ANTENNA_i_FF[221]_CLK/I                 4.00    6.73   -2.73 (VIOLATED)
o_FF[133]/CLK                           4.00    6.72   -2.72 (VIOLATED)
ANTENNA_o_FF[130]_CLK/I                 4.00    6.72   -2.72 (VIOLATED)
o_FF[130]/CLK                           4.00    6.72   -2.72 (VIOLATED)
i_FF[221]/CLK                           4.00    6.72   -2.72 (VIOLATED)
i_FF[226]/CLK                           4.00    6.72   -2.72 (VIOLATED)
ANTENNA_o_FF[133]_CLK/I                 4.00    6.72   -2.72 (VIOLATED)
i_FF[227]/CLK                           4.00    6.72   -2.72 (VIOLATED)
ANTENNA_i_FF[226]_CLK/I                 4.00    6.72   -2.72 (VIOLATED)
ANTENNA_i_FF[219]_CLK/I                 4.00    6.72   -2.72 (VIOLATED)
ANTENNA_o_FF[168]_CLK/I                 4.00    6.71   -2.71 (VIOLATED)
i_FF[219]/CLK                           4.00    6.71   -2.71 (VIOLATED)
o_FF[168]/CLK                           4.00    6.71   -2.71 (VIOLATED)
ANTENNA_i_FF[222]_CLK/I                 4.00    6.71   -2.71 (VIOLATED)
o_FF[85]/CLK                            4.00    6.71   -2.71 (VIOLATED)
o_FF[84]/CLK                            4.00    6.71   -2.71 (VIOLATED)
ANTENNA_o_FF[84]_CLK/I                  4.00    6.71   -2.71 (VIOLATED)
ANTENNA_o_FF[85]_CLK/I                  4.00    6.71   -2.71 (VIOLATED)
o_FF[74]/CLK                            4.00    6.71   -2.71 (VIOLATED)
ANTENNA_o_FF[74]_CLK/I                  4.00    6.71   -2.71 (VIOLATED)
ANTENNA_o_FF[75]_CLK/I                  4.00    6.71   -2.71 (VIOLATED)
o_FF[75]/CLK                            4.00    6.71   -2.71 (VIOLATED)
ANTENNA_o_FF[76]_CLK/I                  4.00    6.71   -2.71 (VIOLATED)
o_FF[76]/CLK                            4.00    6.71   -2.71 (VIOLATED)
ANTENNA_o_FF[83]_CLK/I                  4.00    6.71   -2.71 (VIOLATED)
o_FF[83]/CLK                            4.00    6.71   -2.71 (VIOLATED)
o_FF[82]/CLK                            4.00    6.71   -2.71 (VIOLATED)
ANTENNA_o_FF[82]_CLK/I                  4.00    6.71   -2.71 (VIOLATED)
o_FF[170]/CLK                           4.00    6.71   -2.71 (VIOLATED)
ANTENNA_o_FF[170]_CLK/I                 4.00    6.71   -2.71 (VIOLATED)
o_FF[134]/CLK                           4.00    6.71   -2.71 (VIOLATED)
o_FF[172]/CLK                           4.00    6.71   -2.71 (VIOLATED)
ANTENNA_o_FF[173]_CLK/I                 4.00    6.71   -2.71 (VIOLATED)
o_FF[167]/CLK                           4.00    6.71   -2.71 (VIOLATED)
o_FF[128]/CLK                           4.00    6.70   -2.70 (VIOLATED)
o_FF[129]/CLK                           4.00    6.70   -2.70 (VIOLATED)
ANTENNA_o_FF[167]_CLK/I                 4.00    6.69   -2.69 (VIOLATED)
ANTENNA_o_FF[129]_CLK/I                 4.00    6.69   -2.69 (VIOLATED)
o_FF[166]/CLK                           4.00    6.68   -2.68 (VIOLATED)
o_FF[127]/CLK                           4.00    6.68   -2.68 (VIOLATED)
ANTENNA_o_FF[128]_CLK/I                 4.00    6.67   -2.67 (VIOLATED)
ANTENNA_o_FF[166]_CLK/I                 4.00    6.67   -2.67 (VIOLATED)
o_FF[165]/CLK                           4.00    6.66   -2.66 (VIOLATED)
o_FF[114]/CLK                           4.00    6.66   -2.66 (VIOLATED)
ANTENNA_o_FF[114]_CLK/I                 4.00    6.66   -2.66 (VIOLATED)
ANTENNA_o_FF[153]_CLK/I                 4.00    6.66   -2.66 (VIOLATED)
ANTENNA_i_FF[211]_CLK/I                 4.00    6.66   -2.66 (VIOLATED)
ANTENNA_i_FF[212]_CLK/I                 4.00    6.66   -2.66 (VIOLATED)
o_FF[161]/CLK                           4.00    6.66   -2.66 (VIOLATED)
ANTENNA_o_FF[161]_CLK/I                 4.00    6.66   -2.66 (VIOLATED)
i_FF[211]/CLK                           4.00    6.66   -2.66 (VIOLATED)
ANTENNA_i_FF[210]_CLK/I                 4.00    6.66   -2.66 (VIOLATED)
o_FF[123]/CLK                           4.00    6.66   -2.66 (VIOLATED)
ANTENNA_o_FF[123]_CLK/I                 4.00    6.66   -2.66 (VIOLATED)
i_FF[212]/CLK                           4.00    6.66   -2.66 (VIOLATED)
ANTENNA_i_FF[213]_CLK/I                 4.00    6.66   -2.66 (VIOLATED)
i_FF[210]/CLK                           4.00    6.66   -2.66 (VIOLATED)
ANTENNA_o_FF[162]_CLK/I                 4.00    6.66   -2.66 (VIOLATED)
o_FF[162]/CLK                           4.00    6.66   -2.66 (VIOLATED)
ANTENNA_o_FF[165]_CLK/I                 4.00    6.66   -2.66 (VIOLATED)
o_FF[124]/CLK                           4.00    6.66   -2.66 (VIOLATED)
ANTENNA_o_FF[124]_CLK/I                 4.00    6.66   -2.66 (VIOLATED)
ANTENNA_i_FF[214]_CLK/I                 4.00    6.66   -2.66 (VIOLATED)
i_FF[213]/CLK                           4.00    6.66   -2.66 (VIOLATED)
ANTENNA_i_FF[215]_CLK/I                 4.00    6.65   -2.65 (VIOLATED)
ANTENNA_i_FF[216]_CLK/I                 4.00    6.65   -2.65 (VIOLATED)
i_FF[216]/CLK                           4.00    6.65   -2.65 (VIOLATED)
i_FF[215]/CLK                           4.00    6.65   -2.65 (VIOLATED)
i_FF[214]/CLK                           4.00    6.65   -2.65 (VIOLATED)
o_FF[163]/CLK                           4.00    6.65   -2.65 (VIOLATED)
ANTENNA_o_FF[163]_CLK/I                 4.00    6.65   -2.65 (VIOLATED)
ANTENNA_o_FF[125]_CLK/I                 4.00    6.65   -2.65 (VIOLATED)
o_FF[159]/CLK                           4.00    6.65   -2.65 (VIOLATED)
ANTENNA_o_FF[159]_CLK/I                 4.00    6.65   -2.65 (VIOLATED)
o_FF[125]/CLK                           4.00    6.65   -2.65 (VIOLATED)
i_FF[218]/CLK                           4.00    6.65   -2.65 (VIOLATED)
ANTENNA_i_FF[218]_CLK/I                 4.00    6.65   -2.65 (VIOLATED)
ANTENNA_i_FF[227]_CLK/I                 4.00    6.65   -2.65 (VIOLATED)
i_FF[228]/CLK                           4.00    6.65   -2.65 (VIOLATED)
i_FF[217]/CLK                           4.00    6.65   -2.65 (VIOLATED)
ANTENNA_i_FF[228]_CLK/I                 4.00    6.65   -2.65 (VIOLATED)
i_FF[229]/CLK                           4.00    6.65   -2.65 (VIOLATED)
ANTENNA_i_FF[217]_CLK/I                 4.00    6.65   -2.65 (VIOLATED)
ANTENNA_i_FF[229]_CLK/I                 4.00    6.65   -2.65 (VIOLATED)
o_FF[164]/CLK                           4.00    6.65   -2.65 (VIOLATED)
o_FF[126]/CLK                           4.00    6.65   -2.65 (VIOLATED)
ANTENNA_o_FF[126]_CLK/I                 4.00    6.65   -2.65 (VIOLATED)
ANTENNA_o_FF[164]_CLK/I                 4.00    6.65   -2.65 (VIOLATED)
ANTENNA_o_FF[121]_CLK/I                 4.00    6.65   -2.65 (VIOLATED)
ANTENNA_o_FF[66]_CLK/I                  4.00    6.65   -2.65 (VIOLATED)
o_FF[66]/CLK                            4.00    6.65   -2.65 (VIOLATED)
o_FF[121]/CLK                           4.00    6.65   -2.65 (VIOLATED)
ANTENNA_o_FF[127]_CLK/I                 4.00    6.65   -2.65 (VIOLATED)
o_FF[160]/CLK                           4.00    6.64   -2.64 (VIOLATED)
i_FF[189]/CLK                           4.00    6.64   -2.64 (VIOLATED)
i_FF[75]/CLK                            4.00    6.64   -2.64 (VIOLATED)
ANTENNA_i_FF[75]_CLK/I                  4.00    6.64   -2.64 (VIOLATED)
ANTENNA_i_FF[137]_CLK/I                 4.00    6.64   -2.64 (VIOLATED)
ANTENNA_i_FF[140]_CLK/I                 4.00    6.64   -2.64 (VIOLATED)
i_FF[137]/CLK                           4.00    6.64   -2.64 (VIOLATED)
i_FF[140]/CLK                           4.00    6.64   -2.64 (VIOLATED)
ANTENNA_i_FF[123]_CLK/I                 4.00    6.64   -2.64 (VIOLATED)
ANTENNA_i_FF[80]_CLK/I                  4.00    6.64   -2.64 (VIOLATED)
i_FF[145]/CLK                           4.00    6.64   -2.64 (VIOLATED)
ANTENNA_i_FF[145]_CLK/I                 4.00    6.64   -2.64 (VIOLATED)
i_FF[144]/CLK                           4.00    6.64   -2.64 (VIOLATED)
ANTENNA_i_FF[187]_CLK/I                 4.00    6.64   -2.64 (VIOLATED)
i_FF[123]/CLK                           4.00    6.64   -2.64 (VIOLATED)
i_FF[80]/CLK                            4.00    6.64   -2.64 (VIOLATED)
ANTENNA_i_FF[72]_CLK/I                  4.00    6.64   -2.64 (VIOLATED)
ANTENNA_i_FF[144]_CLK/I                 4.00    6.64   -2.64 (VIOLATED)
i_FF[72]/CLK                            4.00    6.64   -2.64 (VIOLATED)
i_FF[141]/CLK                           4.00    6.64   -2.64 (VIOLATED)
ANTENNA_i_FF[76]_CLK/I                  4.00    6.64   -2.64 (VIOLATED)
i_FF[76]/CLK                            4.00    6.64   -2.64 (VIOLATED)
ANTENNA_i_FF[141]_CLK/I                 4.00    6.64   -2.64 (VIOLATED)
ANTENNA_i_FF[79]_CLK/I                  4.00    6.64   -2.64 (VIOLATED)
i_FF[79]/CLK                            4.00    6.64   -2.64 (VIOLATED)
ANTENNA_i_FF[84]_CLK/I                  4.00    6.64   -2.64 (VIOLATED)
ANTENNA_i_FF[143]_CLK/I                 4.00    6.64   -2.64 (VIOLATED)
o_FF[122]/CLK                           4.00    6.64   -2.64 (VIOLATED)
ANTENNA_o_FF[122]_CLK/I                 4.00    6.64   -2.64 (VIOLATED)
o_FF[59]/CLK                            4.00    6.64   -2.64 (VIOLATED)
ANTENNA_o_FF[59]_CLK/I                  4.00    6.64   -2.64 (VIOLATED)
o_FF[65]/CLK                            4.00    6.64   -2.64 (VIOLATED)
ANTENNA_o_FF[65]_CLK/I                  4.00    6.64   -2.64 (VIOLATED)
ANTENNA_o_FF[160]_CLK/I                 4.00    6.64   -2.64 (VIOLATED)
ANTENNA_o_FF[67]_CLK/I                  4.00    6.64   -2.64 (VIOLATED)
o_FF[69]/CLK                            4.00    6.64   -2.64 (VIOLATED)
ANTENNA_o_FF[68]_CLK/I                  4.00    6.64   -2.64 (VIOLATED)
i_FF[148]/CLK                           4.00    6.64   -2.64 (VIOLATED)
ANTENNA_i_FF[148]_CLK/I                 4.00    6.64   -2.64 (VIOLATED)
ANTENNA_o_FF[69]_CLK/I                  4.00    6.64   -2.64 (VIOLATED)
i_FF[84]/CLK                            4.00    6.64   -2.64 (VIOLATED)
o_FF[68]/CLK                            4.00    6.64   -2.64 (VIOLATED)
i_FF[143]/CLK                           4.00    6.64   -2.64 (VIOLATED)
o_FF[67]/CLK                            4.00    6.64   -2.64 (VIOLATED)
ANTENNA_i_FF[78]_CLK/I                  4.00    6.63   -2.63 (VIOLATED)
i_FF[78]/CLK                            4.00    6.63   -2.63 (VIOLATED)
o_FF[73]/CLK                            4.00    6.63   -2.63 (VIOLATED)
o_FF[72]/CLK                            4.00    6.63   -2.63 (VIOLATED)
ANTENNA_o_FF[134]_CLK/I                 4.00    6.63   -2.63 (VIOLATED)
ANTENNA_o_FF[172]_CLK/I                 4.00    6.63   -2.63 (VIOLATED)
ANTENNA_o_FF[72]_CLK/I                  4.00    6.63   -2.63 (VIOLATED)
ANTENNA_o_FF[73]_CLK/I                  4.00    6.63   -2.63 (VIOLATED)
o_FF[71]/CLK                            4.00    6.63   -2.63 (VIOLATED)
ANTENNA_i_FF[85]_CLK/I                  4.00    6.63   -2.63 (VIOLATED)
ANTENNA_i_FF[149]_CLK/I                 4.00    6.63   -2.63 (VIOLATED)
i_FF[85]/CLK                            4.00    6.63   -2.63 (VIOLATED)
i_FF[77]/CLK                            4.00    6.63   -2.63 (VIOLATED)
i_FF[142]/CLK                           4.00    6.63   -2.63 (VIOLATED)
ANTENNA_i_FF[77]_CLK/I                  4.00    6.63   -2.63 (VIOLATED)
ANTENNA_i_FF[142]_CLK/I                 4.00    6.63   -2.63 (VIOLATED)
i_FF[149]/CLK                           4.00    6.63   -2.63 (VIOLATED)
ANTENNA_i_FF[155]_CLK/I                 4.00    6.63   -2.63 (VIOLATED)
ANTENNA_i_FF[90]_CLK/I                  4.00    6.63   -2.63 (VIOLATED)
i_FF[89]/CLK                            4.00    6.63   -2.63 (VIOLATED)
ANTENNA_i_FF[89]_CLK/I                  4.00    6.63   -2.63 (VIOLATED)
ANTENNA_o_FF[71]_CLK/I                  4.00    6.63   -2.63 (VIOLATED)
i_FF[154]/CLK                           4.00    6.63   -2.63 (VIOLATED)
ANTENNA_i_FF[154]_CLK/I                 4.00    6.63   -2.63 (VIOLATED)
i_FF[155]/CLK                           4.00    6.63   -2.63 (VIOLATED)
ANTENNA_i_FF[91]_CLK/I                  4.00    6.63   -2.63 (VIOLATED)
ANTENNA_i_FF[109]_CLK/I                 4.00    6.63   -2.63 (VIOLATED)
ANTENNA_i_FF[174]_CLK/I                 4.00    6.63   -2.63 (VIOLATED)
ANTENNA_i_FF[150]_CLK/I                 4.00    6.63   -2.63 (VIOLATED)
ANTENNA_i_FF[117]_CLK/I                 4.00    6.62   -2.62 (VIOLATED)
ANTENNA_i_FF[110]_CLK/I                 4.00    6.62   -2.62 (VIOLATED)
i_FF[150]/CLK                           4.00    6.62   -2.62 (VIOLATED)
i_FF[90]/CLK                            4.00    6.62   -2.62 (VIOLATED)
ANTENNA_o_FF[70]_CLK/I                  4.00    6.62   -2.62 (VIOLATED)
ANTENNA_i_FF[175]_CLK/I                 4.00    6.62   -2.62 (VIOLATED)
o_FF[70]/CLK                            4.00    6.62   -2.62 (VIOLATED)
i_FF[91]/CLK                            4.00    6.62   -2.62 (VIOLATED)
i_FF[109]/CLK                           4.00    6.62   -2.62 (VIOLATED)
ANTENNA_i_FF[156]_CLK/I                 4.00    6.62   -2.62 (VIOLATED)
i_FF[174]/CLK                           4.00    6.62   -2.62 (VIOLATED)
ANTENNA_i_FF[183]_CLK/I                 4.00    6.62   -2.62 (VIOLATED)
ANTENNA_i_FF[86]_CLK/I                  4.00    6.62   -2.62 (VIOLATED)
ANTENNA_i_FF[173]_CLK/I                 4.00    6.62   -2.62 (VIOLATED)
ANTENNA_i_FF[111]_CLK/I                 4.00    6.61   -2.61 (VIOLATED)
i_FF[110]/CLK                           4.00    6.61   -2.61 (VIOLATED)
ANTENNA_i_FF[176]_CLK/I                 4.00    6.61   -2.61 (VIOLATED)
i_FF[117]/CLK                           4.00    6.61   -2.61 (VIOLATED)
ANTENNA_i_FF[181]_CLK/I                 4.00    6.61   -2.61 (VIOLATED)
i_FF[182]/CLK                           4.00    6.61   -2.61 (VIOLATED)
i_FF[183]/CLK                           4.00    6.61   -2.61 (VIOLATED)
i_FF[118]/CLK                           4.00    6.61   -2.61 (VIOLATED)
ANTENNA_i_FF[118]_CLK/I                 4.00    6.61   -2.61 (VIOLATED)
ANTENNA_i_FF[182]_CLK/I                 4.00    6.61   -2.61 (VIOLATED)
i_FF[119]/CLK                           4.00    6.61   -2.61 (VIOLATED)
i_FF[184]/CLK                           4.00    6.60   -2.60 (VIOLATED)
ANTENNA_i_FF[119]_CLK/I                 4.00    6.60   -2.60 (VIOLATED)
ANTENNA_i_FF[184]_CLK/I                 4.00    6.60   -2.60 (VIOLATED)
i_FF[120]/CLK                           4.00    6.60   -2.60 (VIOLATED)
i_FF[187]/CLK                           4.00    6.59   -2.59 (VIOLATED)
i_FF[122]/CLK                           4.00    6.59   -2.59 (VIOLATED)
ANTENNA_i_FF[120]_CLK/I                 4.00    6.59   -2.59 (VIOLATED)
o_FF[64]/CLK                            4.00    6.58   -2.58 (VIOLATED)
ANTENNA_o_FF[64]_CLK/I                  4.00    6.58   -2.58 (VIOLATED)
i_FF[185]/CLK                           4.00    6.57   -2.57 (VIOLATED)
o_FF[63]/CLK                            4.00    6.57   -2.57 (VIOLATED)
ANTENNA_o_FF[63]_CLK/I                  4.00    6.55   -2.55 (VIOLATED)
o_FF[56]/CLK                            4.00    6.54   -2.54 (VIOLATED)
o_FF[58]/CLK                            4.00    6.54   -2.54 (VIOLATED)
ANTENNA_o_FF[58]_CLK/I                  4.00    6.54   -2.54 (VIOLATED)
o_FF[57]/CLK                            4.00    6.52   -2.52 (VIOLATED)
ANTENNA_i_FF[185]_CLK/I                 4.00    6.52   -2.52 (VIOLATED)
i_FF[83]/CLK                            4.00    6.51   -2.51 (VIOLATED)
ANTENNA_i_FF[83]_CLK/I                  4.00    6.51   -2.51 (VIOLATED)
ANTENNA_i_FF[122]_CLK/I                 4.00    6.50   -2.50 (VIOLATED)
i_FF[121]/CLK                           4.00    6.50   -2.50 (VIOLATED)
i_FF[209]/CLK                           4.00    6.50   -2.50 (VIOLATED)
ANTENNA_o_FF[56]_CLK/I                  4.00    6.50   -2.50 (VIOLATED)
o_FF[54]/CLK                            4.00    6.50   -2.50 (VIOLATED)
o_FF[55]/CLK                            4.00    6.50   -2.50 (VIOLATED)
ANTENNA_o_FF[57]_CLK/I                  4.00    6.50   -2.50 (VIOLATED)
ANTENNA_o_FF[60]_CLK/I                  4.00    6.50   -2.50 (VIOLATED)
o_FF[60]/CLK                            4.00    6.50   -2.50 (VIOLATED)
i_FF[186]/CLK                           4.00    6.50   -2.50 (VIOLATED)
o_FF[62]/CLK                            4.00    6.50   -2.50 (VIOLATED)
ANTENNA_i_FF[121]_CLK/I                 4.00    6.49   -2.49 (VIOLATED)
ANTENNA_o_FF[62]_CLK/I                  4.00    6.49   -2.49 (VIOLATED)
ANTENNA_i_FF[186]_CLK/I                 4.00    6.48   -2.48 (VIOLATED)
ANTENNA_o_FF[61]_CLK/I                  4.00    6.48   -2.48 (VIOLATED)
o_FF[61]/CLK                            4.00    6.48   -2.48 (VIOLATED)
ANTENNA_i_FF[147]_CLK/I                 4.00    6.47   -2.47 (VIOLATED)
i_FF[82]/CLK                            4.00    6.47   -2.47 (VIOLATED)
i_FF[188]/CLK                           4.00    6.47   -2.47 (VIOLATED)
i_FF[147]/CLK                           4.00    6.47   -2.47 (VIOLATED)
i_FF[136]/CLK                           4.00    6.47   -2.47 (VIOLATED)
i_FF[124]/CLK                           4.00    6.47   -2.47 (VIOLATED)
ANTENNA_i_FF[136]_CLK/I                 4.00    6.47   -2.47 (VIOLATED)
ANTENNA_i_FF[188]_CLK/I                 4.00    6.45   -2.45 (VIOLATED)
ANTENNA_i_FF[82]_CLK/I                  4.00    6.45   -2.45 (VIOLATED)
i_FF[71]/CLK                            4.00    6.44   -2.44 (VIOLATED)
i_FF[65]/CLK                            4.00    6.43   -2.43 (VIOLATED)
i_FF[130]/CLK                           4.00    6.43   -2.43 (VIOLATED)
ANTENNA_i_FF[130]_CLK/I                 4.00    6.43   -2.43 (VIOLATED)
i_FF[66]/CLK                            4.00    6.43   -2.43 (VIOLATED)
ANTENNA_i_FF[66]_CLK/I                  4.00    6.43   -2.43 (VIOLATED)
ANTENNA_i_FF[131]_CLK/I                 4.00    6.43   -2.43 (VIOLATED)
i_FF[132]/CLK                           4.00    6.43   -2.43 (VIOLATED)
ANTENNA_i_FF[132]_CLK/I                 4.00    6.43   -2.43 (VIOLATED)
i_FF[67]/CLK                            4.00    6.43   -2.43 (VIOLATED)
ANTENNA_i_FF[67]_CLK/I                  4.00    6.43   -2.43 (VIOLATED)
i_FF[131]/CLK                           4.00    6.43   -2.43 (VIOLATED)
ANTENNA_i_FF[190]_CLK/I                 4.00    6.43   -2.43 (VIOLATED)
ANTENNA_i_FF[125]_CLK/I                 4.00    6.43   -2.43 (VIOLATED)
ANTENNA_i_FF[138]_CLK/I                 4.00    6.43   -2.43 (VIOLATED)
ANTENNA_i_FF[74]_CLK/I                  4.00    6.43   -2.43 (VIOLATED)
ANTENNA_i_FF[71]_CLK/I                  4.00    6.43   -2.43 (VIOLATED)
i_FF[125]/CLK                           4.00    6.43   -2.43 (VIOLATED)
i_FF[139]/CLK                           4.00    6.43   -2.43 (VIOLATED)
ANTENNA_i_FF[139]_CLK/I                 4.00    6.43   -2.43 (VIOLATED)
i_FF[190]/CLK                           4.00    6.43   -2.43 (VIOLATED)
i_FF[74]/CLK                            4.00    6.43   -2.43 (VIOLATED)
i_FF[138]/CLK                           4.00    6.43   -2.43 (VIOLATED)
i_FF[81]/CLK                            4.00    6.43   -2.43 (VIOLATED)
i_FF[146]/CLK                           4.00    6.43   -2.43 (VIOLATED)
ANTENNA_i_FF[81]_CLK/I                  4.00    6.43   -2.43 (VIOLATED)
i_FF[73]/CLK                            4.00    6.43   -2.43 (VIOLATED)
ANTENNA_i_FF[189]_CLK/I                 4.00    6.43   -2.43 (VIOLATED)
ANTENNA_i_FF[73]_CLK/I                  4.00    6.43   -2.43 (VIOLATED)
ANTENNA_i_FF[146]_CLK/I                 4.00    6.43   -2.43 (VIOLATED)
ANTENNA_i_FF[124]_CLK/I                 4.00    6.42   -2.42 (VIOLATED)
i_FF[191]/CLK                           4.00    6.41   -2.41 (VIOLATED)
i_FF[126]/CLK                           4.00    6.41   -2.41 (VIOLATED)
i_FF[135]/CLK                           4.00    6.40   -2.40 (VIOLATED)
ANTENNA_i_FF[135]_CLK/I                 4.00    6.39   -2.39 (VIOLATED)
ANTENNA_i_FF[70]_CLK/I                  4.00    6.37   -2.37 (VIOLATED)
i_FF[70]/CLK                            4.00    6.37   -2.37 (VIOLATED)
ANTENNA_i_FF[126]_CLK/I                 4.00    6.37   -2.37 (VIOLATED)
ANTENNA_i_FF[191]_CLK/I                 4.00    6.37   -2.37 (VIOLATED)
o_FF[39]/CLK                            4.00    6.36   -2.36 (VIOLATED)
ANTENNA_o_FF[39]_CLK/I                  4.00    6.36   -2.36 (VIOLATED)
o_FF[38]/CLK                            4.00    6.35   -2.35 (VIOLATED)
ANTENNA_o_FF[40]_CLK/I                  4.00    6.34   -2.34 (VIOLATED)
o_FF[45]/CLK                            4.00    6.34   -2.34 (VIOLATED)
ANTENNA_o_FF[45]_CLK/I                  4.00    6.34   -2.34 (VIOLATED)
o_FF[40]/CLK                            4.00    6.33   -2.33 (VIOLATED)
ANTENNA_o_FF[41]_CLK/I                  4.00    6.33   -2.33 (VIOLATED)
o_FF[41]/CLK                            4.00    6.33   -2.33 (VIOLATED)
ANTENNA_o_FF[43]_CLK/I                  4.00    6.32   -2.32 (VIOLATED)
o_FF[152]/CLK                           4.00    6.32   -2.32 (VIOLATED)
ANTENNA_o_FF[152]_CLK/I                 4.00    6.32   -2.32 (VIOLATED)
ANTENNA_o_FF[115]_CLK/I                 4.00    6.32   -2.32 (VIOLATED)
o_FF[115]/CLK                           4.00    6.32   -2.32 (VIOLATED)
o_FF[153]/CLK                           4.00    6.32   -2.32 (VIOLATED)
i_FF[208]/CLK                           4.00    6.32   -2.32 (VIOLATED)
ANTENNA_i_FF[208]_CLK/I                 4.00    6.32   -2.32 (VIOLATED)
ANTENNA_i_FF[127]_CLK/I                 4.00    6.32   -2.32 (VIOLATED)
i_FF[127]/CLK                           4.00    6.32   -2.32 (VIOLATED)
o_FF[120]/CLK                           4.00    6.32   -2.32 (VIOLATED)
ANTENNA_o_FF[120]_CLK/I                 4.00    6.32   -2.32 (VIOLATED)
ANTENNA_o_FF[55]_CLK/I                  4.00    6.32   -2.32 (VIOLATED)
ANTENNA_i_FF[209]_CLK/I                 4.00    6.32   -2.32 (VIOLATED)
ANTENNA_o_FF[54]_CLK/I                  4.00    6.32   -2.32 (VIOLATED)
o_FF[154]/CLK                           4.00    6.32   -2.32 (VIOLATED)
ANTENNA_o_FF[154]_CLK/I                 4.00    6.32   -2.32 (VIOLATED)
o_FF[116]/CLK                           4.00    6.32   -2.32 (VIOLATED)
o_FF[155]/CLK                           4.00    6.32   -2.32 (VIOLATED)
ANTENNA_o_FF[155]_CLK/I                 4.00    6.32   -2.32 (VIOLATED)
ANTENNA_o_FF[116]_CLK/I                 4.00    6.32   -2.32 (VIOLATED)
o_FF[42]/CLK                            4.00    6.31   -2.31 (VIOLATED)
ANTENNA_o_FF[42]_CLK/I                  4.00    6.31   -2.31 (VIOLATED)
o_FF[43]/CLK                            4.00    6.31   -2.31 (VIOLATED)
o_FF[44]/CLK                            4.00    6.31   -2.31 (VIOLATED)
o_FF[53]/CLK                            4.00    6.31   -2.31 (VIOLATED)
ANTENNA_o_FF[44]_CLK/I                  4.00    6.30   -2.30 (VIOLATED)
ANTENNA_o_FF[53]_CLK/I                  4.00    6.29   -2.29 (VIOLATED)
o_FF[117]/CLK                           4.00    6.27   -2.27 (VIOLATED)
o_FF[113]/CLK                           4.00    6.27   -2.27 (VIOLATED)
ANTENNA_o_FF[117]_CLK/I                 4.00    6.27   -2.27 (VIOLATED)
ANTENNA_o_FF[113]_CLK/I                 4.00    6.27   -2.27 (VIOLATED)
o_FF[158]/CLK                           4.00    6.27   -2.27 (VIOLATED)
ANTENNA_i_FF[62]_CLK/I                  4.00    6.27   -2.27 (VIOLATED)
o_FF[52]/CLK                            4.00    6.27   -2.27 (VIOLATED)
ANTENNA_o_FF[52]_CLK/I                  4.00    6.27   -2.27 (VIOLATED)
ANTENNA_o_FF[158]_CLK/I                 4.00    6.27   -2.27 (VIOLATED)
i_FF[62]/CLK                            4.00    6.26   -2.26 (VIOLATED)
ANTENNA_i_FF[30]_CLK/I                  4.00    6.26   -2.26 (VIOLATED)
i_FF[30]/CLK                            4.00    6.26   -2.26 (VIOLATED)
i_FF[63]/CLK                            4.00    6.24   -2.24 (VIOLATED)
ANTENNA_i_FF[63]_CLK/I                  4.00    6.23   -2.23 (VIOLATED)
i_FF[31]/CLK                            4.00    6.23   -2.23 (VIOLATED)
ANTENNA_i_FF[31]_CLK/I                  4.00    6.21   -2.21 (VIOLATED)
o_FF[46]/CLK                            4.00    6.20   -2.20 (VIOLATED)
ANTENNA_o_FF[46]_CLK/I                  4.00    6.19   -2.19 (VIOLATED)
ANTENNA_i_FF[69]_CLK/I                  4.00    6.18   -2.18 (VIOLATED)
i_FF[69]/CLK                            4.00    6.17   -2.17 (VIOLATED)
o_FF[37]/CLK                            4.00    6.17   -2.17 (VIOLATED)
i_FF[68]/CLK                            4.00    6.16   -2.16 (VIOLATED)
ANTENNA_i_FF[68]_CLK/I                  4.00    6.16   -2.16 (VIOLATED)
i_FF[134]/CLK                           4.00    6.16   -2.16 (VIOLATED)
ANTENNA_o_FF[38]_CLK/I                  4.00    6.16   -2.16 (VIOLATED)
i_FF[133]/CLK                           4.00    6.16   -2.16 (VIOLATED)
ANTENNA_i_FF[133]_CLK/I                 4.00    6.16   -2.16 (VIOLATED)
o_FF[47]/CLK                            4.00    6.16   -2.16 (VIOLATED)
ANTENNA_o_FF[47]_CLK/I                  4.00    6.16   -2.16 (VIOLATED)
ANTENNA_i_FF[134]_CLK/I                 4.00    6.16   -2.16 (VIOLATED)
ANTENNA_o_FF[37]_CLK/I                  4.00    6.16   -2.16 (VIOLATED)
i_FF[128]/CLK                           4.00    6.14   -2.14 (VIOLATED)
i_FF[64]/CLK                            4.00    6.14   -2.14 (VIOLATED)
ANTENNA_i_FF[65]_CLK/I                  4.00    6.12   -2.12 (VIOLATED)
i_FF[58]/CLK                            4.00    6.12   -2.12 (VIOLATED)
i_FF[129]/CLK                           4.00    6.12   -2.12 (VIOLATED)
ANTENNA_i_FF[58]_CLK/I                  4.00    6.12   -2.12 (VIOLATED)
ANTENNA_i_FF[129]_CLK/I                 4.00    6.12   -2.12 (VIOLATED)
ANTENNA_i_FF[64]_CLK/I                  4.00    6.12   -2.12 (VIOLATED)
ANTENNA_i_FF[128]_CLK/I                 4.00    6.12   -2.12 (VIOLATED)
o_FF[48]/CLK                            4.00    6.12   -2.12 (VIOLATED)
ANTENNA_o_FF[48]_CLK/I                  4.00    6.11   -2.11 (VIOLATED)
o_FF[36]/CLK                            4.00    6.10   -2.10 (VIOLATED)
ANTENNA_o_FF[36]_CLK/I                  4.00    6.10   -2.10 (VIOLATED)
i_FF[60]/CLK                            4.00    6.08   -2.08 (VIOLATED)
i_FF[61]/CLK                            4.00    6.08   -2.08 (VIOLATED)
ANTENNA_i_FF[29]_CLK/I                  4.00    6.08   -2.08 (VIOLATED)
ANTENNA_o_FF[35]_CLK/I                  4.00    6.08   -2.08 (VIOLATED)
ANTENNA_i_FF[61]_CLK/I                  4.00    6.08   -2.08 (VIOLATED)
o_FF[35]/CLK                            4.00    6.08   -2.08 (VIOLATED)
ANTENNA_i_FF[28]_CLK/I                  4.00    6.08   -2.08 (VIOLATED)
i_FF[28]/CLK                            4.00    6.08   -2.08 (VIOLATED)
i_FF[25]/CLK                            4.00    6.08   -2.08 (VIOLATED)
ANTENNA_i_FF[25]_CLK/I                  4.00    6.08   -2.08 (VIOLATED)
i_FF[26]/CLK                            4.00    6.08   -2.08 (VIOLATED)
ANTENNA_i_FF[26]_CLK/I                  4.00    6.08   -2.08 (VIOLATED)
i_FF[27]/CLK                            4.00    6.06   -2.06 (VIOLATED)
ANTENNA_i_FF[60]_CLK/I                  4.00    6.06   -2.06 (VIOLATED)
i_FF[59]/CLK                            4.00    6.04   -2.04 (VIOLATED)
ANTENNA_i_FF[59]_CLK/I                  4.00    6.03   -2.03 (VIOLATED)
ANTENNA_i_FF[27]_CLK/I                  4.00    6.02   -2.02 (VIOLATED)
i_FF[17]/CLK                            4.00    5.99   -1.99 (VIOLATED)
i_FF[57]/CLK                            4.00    5.98   -1.98 (VIOLATED)
i_FF[24]/CLK                            4.00    5.98   -1.98 (VIOLATED)
ANTENNA_i_FF[57]_CLK/I                  4.00    5.98   -1.98 (VIOLATED)
i_FF[56]/CLK                            4.00    5.98   -1.98 (VIOLATED)
ANTENNA_i_FF[56]_CLK/I                  4.00    5.98   -1.98 (VIOLATED)
ANTENNA_i_FF[24]_CLK/I                  4.00    5.98   -1.98 (VIOLATED)
i_FF[23]/CLK                            4.00    5.98   -1.98 (VIOLATED)
ANTENNA_i_FF[23]_CLK/I                  4.00    5.98   -1.98 (VIOLATED)
i_FF[55]/CLK                            4.00    5.98   -1.98 (VIOLATED)
ANTENNA_i_FF[55]_CLK/I                  4.00    5.98   -1.98 (VIOLATED)
o_FF[29]/CLK                            4.00    5.98   -1.98 (VIOLATED)
ANTENNA_o_FF[29]_CLK/I                  4.00    5.98   -1.98 (VIOLATED)
i_FF[22]/CLK                            4.00    5.98   -1.98 (VIOLATED)
ANTENNA_i_FF[45]_CLK/I                  4.00    5.98   -1.98 (VIOLATED)
i_FF[53]/CLK                            4.00    5.98   -1.98 (VIOLATED)
i_FF[45]/CLK                            4.00    5.98   -1.98 (VIOLATED)
ANTENNA_i_FF[54]_CLK/I                  4.00    5.98   -1.98 (VIOLATED)
ANTENNA_i_FF[18]_CLK/I                  4.00    5.98   -1.98 (VIOLATED)
i_FF[54]/CLK                            4.00    5.98   -1.98 (VIOLATED)
ANTENNA_i_FF[22]_CLK/I                  4.00    5.98   -1.98 (VIOLATED)
i_FF[18]/CLK                            4.00    5.98   -1.98 (VIOLATED)
ANTENNA_i_FF[50]_CLK/I                  4.00    5.98   -1.98 (VIOLATED)
i_FF[50]/CLK                            4.00    5.98   -1.98 (VIOLATED)
ANTENNA_i_FF[17]_CLK/I                  4.00    5.98   -1.98 (VIOLATED)
ANTENNA_o_FF[28]_CLK/I                  4.00    5.98   -1.98 (VIOLATED)
ANTENNA_i_FF[12]_CLK/I                  4.00    5.98   -1.98 (VIOLATED)
i_FF[12]/CLK                            4.00    5.98   -1.98 (VIOLATED)
ANTENNA_i_FF[13]_CLK/I                  4.00    5.98   -1.98 (VIOLATED)
o_FF[25]/CLK                            4.00    5.98   -1.98 (VIOLATED)
ANTENNA_i_FF[46]_CLK/I                  4.00    5.98   -1.98 (VIOLATED)
ANTENNA_o_FF[25]_CLK/I                  4.00    5.98   -1.98 (VIOLATED)
ANTENNA_i_FF[49]_CLK/I                  4.00    5.98   -1.98 (VIOLATED)
i_FF[13]/CLK                            4.00    5.98   -1.98 (VIOLATED)
ANTENNA_o_FF[26]_CLK/I                  4.00    5.98   -1.98 (VIOLATED)
o_FF[26]/CLK                            4.00    5.98   -1.98 (VIOLATED)
i_FF[15]/CLK                            4.00    5.98   -1.98 (VIOLATED)
ANTENNA_i_FF[15]_CLK/I                  4.00    5.98   -1.98 (VIOLATED)
ANTENNA_i_FF[16]_CLK/I                  4.00    5.98   -1.98 (VIOLATED)
i_FF[49]/CLK                            4.00    5.98   -1.98 (VIOLATED)
i_FF[16]/CLK                            4.00    5.98   -1.98 (VIOLATED)
ANTENNA_o_FF[27]_CLK/I                  4.00    5.98   -1.98 (VIOLATED)
ANTENNA_i_FF[48]_CLK/I                  4.00    5.98   -1.98 (VIOLATED)
o_FF[27]/CLK                            4.00    5.98   -1.98 (VIOLATED)
i_FF[48]/CLK                            4.00    5.98   -1.98 (VIOLATED)
o_FF[28]/CLK                            4.00    5.97   -1.97 (VIOLATED)
i_FF[47]/CLK                            4.00    5.96   -1.96 (VIOLATED)
ANTENNA_i_FF[47]_CLK/I                  4.00    5.95   -1.95 (VIOLATED)
o_FF[30]/CLK                            4.00    5.94   -1.94 (VIOLATED)
ANTENNA_o_FF[30]_CLK/I                  4.00    5.94   -1.94 (VIOLATED)
o_FF[24]/CLK                            4.00    5.94   -1.94 (VIOLATED)
i_FF[46]/CLK                            4.00    5.93   -1.93 (VIOLATED)
o_FF[22]/CLK                            4.00    5.93   -1.93 (VIOLATED)
ANTENNA_o_FF[22]_CLK/I                  4.00    5.93   -1.93 (VIOLATED)
ANTENNA_o_FF[24]_CLK/I                  4.00    5.92   -1.92 (VIOLATED)
o_FF[106]/CLK                           4.00    5.92   -1.92 (VIOLATED)
o_FF[17]/CLK                            4.00    5.92   -1.92 (VIOLATED)
ANTENNA_o_FF[106]_CLK/I                 4.00    5.92   -1.92 (VIOLATED)
ANTENNA_o_FF[17]_CLK/I                  4.00    5.92   -1.92 (VIOLATED)
o_FF[19]/CLK                            4.00    5.92   -1.92 (VIOLATED)
ANTENNA_o_FF[19]_CLK/I                  4.00    5.92   -1.92 (VIOLATED)
ANTENNA_i_FF[14]_CLK/I                  4.00    5.92   -1.92 (VIOLATED)
i_FF[14]/CLK                            4.00    5.92   -1.92 (VIOLATED)
ANTENNA_o_FF[21]_CLK/I                  4.00    5.92   -1.92 (VIOLATED)
o_FF[21]/CLK                            4.00    5.90   -1.90 (VIOLATED)
ANTENNA_o_FF[20]_CLK/I                  4.00    5.89   -1.89 (VIOLATED)
o_FF[31]/CLK                            4.00    5.89   -1.89 (VIOLATED)
ANTENNA_o_FF[31]_CLK/I                  4.00    5.89   -1.89 (VIOLATED)
ANTENNA_i_FF[206]_CLK/I                 4.00    5.89   -1.89 (VIOLATED)
o_FF[32]/CLK                            4.00    5.89   -1.89 (VIOLATED)
ANTENNA_o_FF[32]_CLK/I                  4.00    5.89   -1.89 (VIOLATED)
o_FF[23]/CLK                            4.00    5.89   -1.89 (VIOLATED)
o_FF[20]/CLK                            4.00    5.89   -1.89 (VIOLATED)
i_FF[200]/CLK                           4.00    5.89   -1.89 (VIOLATED)
ANTENNA_o_FF[23]_CLK/I                  4.00    5.89   -1.89 (VIOLATED)
ANTENNA_i_FF[200]_CLK/I                 4.00    5.88   -1.88 (VIOLATED)
i_FF[199]/CLK                           4.00    5.86   -1.86 (VIOLATED)
ANTENNA_i_FF[199]_CLK/I                 4.00    5.85   -1.85 (VIOLATED)
ANTENNA_o_FF[145]_CLK/I                 4.00    5.84   -1.84 (VIOLATED)
o_FF[145]/CLK                           4.00    5.84   -1.84 (VIOLATED)
ANTENNA_o_FF[107]_CLK/I                 4.00    5.83   -1.83 (VIOLATED)
o_FF[107]/CLK                           4.00    5.83   -1.83 (VIOLATED)
o_FF[144]/CLK                           4.00    5.82   -1.82 (VIOLATED)
ANTENNA_o_FF[144]_CLK/I                 4.00    5.82   -1.82 (VIOLATED)
ANTENNA_i_FF[198]_CLK/I                 4.00    5.82   -1.82 (VIOLATED)
i_FF[198]/CLK                           4.00    5.82   -1.82 (VIOLATED)
ANTENNA_i_FF[196]_CLK/I                 4.00    5.82   -1.82 (VIOLATED)
i_FF[196]/CLK                           4.00    5.82   -1.82 (VIOLATED)
ANTENNA_i_FF[197]_CLK/I                 4.00    5.82   -1.82 (VIOLATED)
ANTENNA_o_FF[108]_CLK/I                 4.00    5.81   -1.81 (VIOLATED)
o_FF[49]/CLK                            4.00    5.81   -1.81 (VIOLATED)
ANTENNA_o_FF[49]_CLK/I                  4.00    5.81   -1.81 (VIOLATED)
i_FF[29]/CLK                            4.00    5.81   -1.81 (VIOLATED)
o_FF[50]/CLK                            4.00    5.81   -1.81 (VIOLATED)
ANTENNA_o_FF[50]_CLK/I                  4.00    5.81   -1.81 (VIOLATED)
o_FF[51]/CLK                            4.00    5.81   -1.81 (VIOLATED)
ANTENNA_o_FF[51]_CLK/I                  4.00    5.81   -1.81 (VIOLATED)
i_FF[205]/CLK                           4.00    5.81   -1.81 (VIOLATED)
o_FF[119]/CLK                           4.00    5.81   -1.81 (VIOLATED)
ANTENNA_o_FF[119]_CLK/I                 4.00    5.81   -1.81 (VIOLATED)
i_FF[207]/CLK                           4.00    5.81   -1.81 (VIOLATED)
ANTENNA_i_FF[207]_CLK/I                 4.00    5.81   -1.81 (VIOLATED)
i_FF[204]/CLK                           4.00    5.81   -1.81 (VIOLATED)
ANTENNA_i_FF[205]_CLK/I                 4.00    5.81   -1.81 (VIOLATED)
ANTENNA_o_FF[157]_CLK/I                 4.00    5.81   -1.81 (VIOLATED)
o_FF[157]/CLK                           4.00    5.81   -1.81 (VIOLATED)
o_FF[118]/CLK                           4.00    5.81   -1.81 (VIOLATED)
ANTENNA_o_FF[118]_CLK/I                 4.00    5.81   -1.81 (VIOLATED)
o_FF[151]/CLK                           4.00    5.81   -1.81 (VIOLATED)
ANTENNA_o_FF[151]_CLK/I                 4.00    5.81   -1.81 (VIOLATED)
o_FF[156]/CLK                           4.00    5.81   -1.81 (VIOLATED)
ANTENNA_o_FF[156]_CLK/I                 4.00    5.81   -1.81 (VIOLATED)
o_FF[112]/CLK                           4.00    5.81   -1.81 (VIOLATED)
ANTENNA_o_FF[112]_CLK/I                 4.00    5.81   -1.81 (VIOLATED)
o_FF[34]/CLK                            4.00    5.81   -1.81 (VIOLATED)
ANTENNA_o_FF[34]_CLK/I                  4.00    5.81   -1.81 (VIOLATED)
i_FF[206]/CLK                           4.00    5.81   -1.81 (VIOLATED)
o_FF[33]/CLK                            4.00    5.81   -1.81 (VIOLATED)
ANTENNA_o_FF[33]_CLK/I                  4.00    5.81   -1.81 (VIOLATED)
ANTENNA_i_FF[203]_CLK/I                 4.00    5.81   -1.81 (VIOLATED)
i_FF[203]/CLK                           4.00    5.81   -1.81 (VIOLATED)
ANTENNA_i_FF[201]_CLK/I                 4.00    5.81   -1.81 (VIOLATED)
ANTENNA_i_FF[204]_CLK/I                 4.00    5.81   -1.81 (VIOLATED)
i_FF[202]/CLK                           4.00    5.81   -1.81 (VIOLATED)
i_FF[201]/CLK                           4.00    5.81   -1.81 (VIOLATED)
ANTENNA_i_FF[202]_CLK/I                 4.00    5.81   -1.81 (VIOLATED)
o_FF[148]/CLK                           4.00    5.81   -1.81 (VIOLATED)
ANTENNA_o_FF[148]_CLK/I                 4.00    5.81   -1.81 (VIOLATED)
o_FF[110]/CLK                           4.00    5.81   -1.81 (VIOLATED)
o_FF[150]/CLK                           4.00    5.81   -1.81 (VIOLATED)
ANTENNA_o_FF[150]_CLK/I                 4.00    5.81   -1.81 (VIOLATED)
ANTENNA_o_FF[110]_CLK/I                 4.00    5.81   -1.81 (VIOLATED)
ANTENNA_o_FF[109]_CLK/I                 4.00    5.81   -1.81 (VIOLATED)
o_FF[109]/CLK                           4.00    5.81   -1.81 (VIOLATED)
o_FF[141]/CLK                           4.00    5.81   -1.81 (VIOLATED)
ANTENNA_o_FF[111]_CLK/I                 4.00    5.81   -1.81 (VIOLATED)
o_FF[111]/CLK                           4.00    5.81   -1.81 (VIOLATED)
o_FF[147]/CLK                           4.00    5.81   -1.81 (VIOLATED)
ANTENNA_o_FF[147]_CLK/I                 4.00    5.81   -1.81 (VIOLATED)
o_FF[149]/CLK                           4.00    5.81   -1.81 (VIOLATED)
o_FF[143]/CLK                           4.00    5.81   -1.81 (VIOLATED)
ANTENNA_o_FF[149]_CLK/I                 4.00    5.81   -1.81 (VIOLATED)
i_FF[197]/CLK                           4.00    5.81   -1.81 (VIOLATED)
ANTENNA_o_FF[141]_CLK/I                 4.00    5.81   -1.81 (VIOLATED)
o_FF[108]/CLK                           4.00    5.81   -1.81 (VIOLATED)
o_FF[146]/CLK                           4.00    5.79   -1.79 (VIOLATED)
ANTENNA_o_FF[143]_CLK/I                 4.00    5.78   -1.78 (VIOLATED)
o_FF[103]/CLK                           4.00    5.78   -1.78 (VIOLATED)
ANTENNA_o_FF[146]_CLK/I                 4.00    5.78   -1.78 (VIOLATED)
ANTENNA_o_FF[103]_CLK/I                 4.00    5.77   -1.77 (VIOLATED)
i_FF[195]/CLK                           4.00    5.77   -1.77 (VIOLATED)
ANTENNA_i_FF[195]_CLK/I                 4.00    5.77   -1.77 (VIOLATED)
i_FF[194]/CLK                           4.00    5.76   -1.76 (VIOLATED)
o_FF[142]/CLK                           4.00    5.76   -1.76 (VIOLATED)
o_FF[104]/CLK                           4.00    5.75   -1.75 (VIOLATED)
ANTENNA_o_FF[104]_CLK/I                 4.00    5.75   -1.75 (VIOLATED)
ANTENNA_o_FF[142]_CLK/I                 4.00    5.75   -1.75 (VIOLATED)
ANTENNA_i_FF[194]_CLK/I                 4.00    5.74   -1.74 (VIOLATED)
o_FF[102]/CLK                           4.00    5.73   -1.73 (VIOLATED)
ANTENNA_o_FF[102]_CLK/I                 4.00    5.73   -1.73 (VIOLATED)
i_FF[193]/CLK                           4.00    5.72   -1.72 (VIOLATED)
ANTENNA_i_FF[193]_CLK/I                 4.00    5.72   -1.72 (VIOLATED)
o_FF[100]/CLK                           4.00    5.71   -1.71 (VIOLATED)
ANTENNA_o_FF[100]_CLK/I                 4.00    5.71   -1.71 (VIOLATED)
o_FF[18]/CLK                            4.00    5.71   -1.71 (VIOLATED)
o_FF[16]/CLK                            4.00    5.71   -1.71 (VIOLATED)
ANTENNA_o_FF[18]_CLK/I                  4.00    5.71   -1.71 (VIOLATED)
ANTENNA_o_FF[16]_CLK/I                  4.00    5.71   -1.71 (VIOLATED)
o_FF[15]/CLK                            4.00    5.71   -1.71 (VIOLATED)
ANTENNA_o_FF[15]_CLK/I                  4.00    5.71   -1.71 (VIOLATED)
i_FF[39]/CLK                            4.00    5.71   -1.71 (VIOLATED)
ANTENNA_o_FF[140]_CLK/I                 4.00    5.71   -1.71 (VIOLATED)
o_FF[105]/CLK                           4.00    5.71   -1.71 (VIOLATED)
ANTENNA_o_FF[105]_CLK/I                 4.00    5.71   -1.71 (VIOLATED)
o_FF[140]/CLK                           4.00    5.71   -1.71 (VIOLATED)
ANTENNA_i_FF[41]_CLK/I                  4.00    5.71   -1.71 (VIOLATED)
i_FF[41]/CLK                            4.00    5.71   -1.71 (VIOLATED)
ANTENNA_i_FF[9]_CLK/I                   4.00    5.71   -1.71 (VIOLATED)
i_FF[9]/CLK                             4.00    5.71   -1.71 (VIOLATED)
ANTENNA_o_FF[14]_CLK/I                  4.00    5.71   -1.71 (VIOLATED)
o_FF[14]/CLK                            4.00    5.71   -1.71 (VIOLATED)
i_FF[8]/CLK                             4.00    5.71   -1.71 (VIOLATED)
ANTENNA_o_FF[13]_CLK/I                  4.00    5.71   -1.71 (VIOLATED)
o_FF[13]/CLK                            4.00    5.71   -1.71 (VIOLATED)
i_FF[40]/CLK                            4.00    5.71   -1.71 (VIOLATED)
ANTENNA_i_FF[8]_CLK/I                   4.00    5.71   -1.71 (VIOLATED)
i_FF[7]/CLK                             4.00    5.71   -1.71 (VIOLATED)
ANTENNA_i_FF[40]_CLK/I                  4.00    5.71   -1.71 (VIOLATED)
o_FF[2]/CLK                             4.00    5.71   -1.71 (VIOLATED)
o_FF[11]/CLK                            4.00    5.71   -1.71 (VIOLATED)
ANTENNA_o_FF[11]_CLK/I                  4.00    5.71   -1.71 (VIOLATED)
o_FF[1]/CLK                             4.00    5.71   -1.71 (VIOLATED)
ANTENNA_i_FF[7]_CLK/I                   4.00    5.71   -1.71 (VIOLATED)
ANTENNA_o_FF[1]_CLK/I                   4.00    5.71   -1.71 (VIOLATED)
ANTENNA_o_FF[2]_CLK/I                   4.00    5.71   -1.71 (VIOLATED)
ANTENNA_o_FF[4]_CLK/I                   4.00    5.71   -1.71 (VIOLATED)
ANTENNA_o_FF[3]_CLK/I                   4.00    5.71   -1.71 (VIOLATED)
o_FF[4]/CLK                             4.00    5.71   -1.71 (VIOLATED)
o_FF[3]/CLK                             4.00    5.71   -1.71 (VIOLATED)
o_FF[12]/CLK                            4.00    5.71   -1.71 (VIOLATED)
ANTENNA_o_FF[12]_CLK/I                  4.00    5.71   -1.71 (VIOLATED)
ANTENNA_i_FF[39]_CLK/I                  4.00    5.71   -1.71 (VIOLATED)
o_FF[101]/CLK                           4.00    5.71   -1.71 (VIOLATED)
ANTENNA_o_FF[101]_CLK/I                 4.00    5.71   -1.71 (VIOLATED)
o_FF[139]/CLK                           4.00    5.70   -1.70 (VIOLATED)
ANTENNA_o_FF[139]_CLK/I                 4.00    5.70   -1.70 (VIOLATED)
i_FF[192]/CLK                           4.00    5.69   -1.69 (VIOLATED)
o_FF[138]/CLK                           4.00    5.68   -1.68 (VIOLATED)
ANTENNA_o_FF[138]_CLK/I                 4.00    5.67   -1.67 (VIOLATED)
o_FF[99]/CLK                            4.00    5.66   -1.66 (VIOLATED)
ANTENNA_i_FF[192]_CLK/I                 4.00    5.65   -1.65 (VIOLATED)
ANTENNA_o_FF[99]_CLK/I                  4.00    5.64   -1.64 (VIOLATED)
o_FF[137]/CLK                           4.00    5.63   -1.63 (VIOLATED)
ANTENNA_o_FF[8]_CLK/I                   4.00    5.63   -1.63 (VIOLATED)
o_FF[9]/CLK                             4.00    5.63   -1.63 (VIOLATED)
ANTENNA_o_FF[9]_CLK/I                   4.00    5.63   -1.63 (VIOLATED)
o_FF[8]/CLK                             4.00    5.63   -1.63 (VIOLATED)
o_FF[7]/CLK                             4.00    5.63   -1.63 (VIOLATED)
ANTENNA_o_FF[7]_CLK/I                   4.00    5.63   -1.63 (VIOLATED)
o_FF[10]/CLK                            4.00    5.63   -1.63 (VIOLATED)
ANTENNA_o_FF[10]_CLK/I                  4.00    5.62   -1.62 (VIOLATED)
ANTENNA_o_FF[6]_CLK/I                   4.00    5.62   -1.62 (VIOLATED)
ANTENNA_o_FF[5]_CLK/I                   4.00    5.62   -1.62 (VIOLATED)
ANTENNA_o_FF[137]_CLK/I                 4.00    5.61   -1.61 (VIOLATED)
o_FF[6]/CLK                             4.00    5.61   -1.61 (VIOLATED)
o_FF[5]/CLK                             4.00    5.61   -1.61 (VIOLATED)
o_FF[0]/CLK                             4.00    5.61   -1.61 (VIOLATED)
o_FF[175]/CLK                           4.00    5.61   -1.61 (VIOLATED)
ANTENNA_o_FF[0]_CLK/I                   4.00    5.60   -1.60 (VIOLATED)
ANTENNA_o_FF[175]_CLK/I                 4.00    5.60   -1.60 (VIOLATED)
ANTENNA_i_FF[234]_CLK/I                 4.00    5.60   -1.60 (VIOLATED)
ANTENNA_i_FF[235]_CLK/I                 4.00    5.60   -1.60 (VIOLATED)
ANTENNA_i_FF[236]_CLK/I                 4.00    5.60   -1.60 (VIOLATED)
ANTENNA_i_FF[32]_CLK/I                  4.00    5.60   -1.60 (VIOLATED)
ANTENNA_i_FF[0]_CLK/I                   4.00    5.60   -1.60 (VIOLATED)
i_FF[0]/CLK                             4.00    5.60   -1.60 (VIOLATED)
i_FF[32]/CLK                            4.00    5.59   -1.59 (VIOLATED)
i_FF[236]/CLK                           4.00    5.59   -1.59 (VIOLATED)
i_FF[234]/CLK                           4.00    5.59   -1.59 (VIOLATED)
i_FF[235]/CLK                           4.00    5.59   -1.59 (VIOLATED)
ANTENNA_i_FF[230]_CLK/I                 4.00    5.58   -1.58 (VIOLATED)
i_FF[230]/CLK                           4.00    5.58   -1.58 (VIOLATED)
i_FF[33]/CLK                            4.00    5.58   -1.58 (VIOLATED)
ANTENNA_i_FF[33]_CLK/I                  4.00    5.58   -1.58 (VIOLATED)
i_FF[1]/CLK                             4.00    5.58   -1.58 (VIOLATED)
ANTENNA_i_FF[6]_CLK/I                   4.00    5.58   -1.58 (VIOLATED)
ANTENNA_i_FF[1]_CLK/I                   4.00    5.58   -1.58 (VIOLATED)
i_FF[2]/CLK                             4.00    5.58   -1.58 (VIOLATED)
ANTENNA_i_FF[2]_CLK/I                   4.00    5.58   -1.58 (VIOLATED)
i_FF[34]/CLK                            4.00    5.58   -1.58 (VIOLATED)
ANTENNA_i_FF[34]_CLK/I                  4.00    5.58   -1.58 (VIOLATED)
ANTENNA_i_FF[232]_CLK/I                 4.00    5.58   -1.58 (VIOLATED)
i_FF[231]/CLK                           4.00    5.58   -1.58 (VIOLATED)
ANTENNA_i_FF[231]_CLK/I                 4.00    5.58   -1.58 (VIOLATED)
i_FF[232]/CLK                           4.00    5.58   -1.58 (VIOLATED)
ANTENNA_i_FF[36]_CLK/I                  4.00    5.58   -1.58 (VIOLATED)
i_FF[36]/CLK                            4.00    5.58   -1.58 (VIOLATED)
i_FF[35]/CLK                            4.00    5.57   -1.57 (VIOLATED)
i_FF[233]/CLK                           4.00    5.57   -1.57 (VIOLATED)
i_FF[3]/CLK                             4.00    5.57   -1.57 (VIOLATED)
i_FF[6]/CLK                             4.00    5.57   -1.57 (VIOLATED)
i_FF[42]/CLK                            4.00    5.57   -1.57 (VIOLATED)
ANTENNA_i_FF[42]_CLK/I                  4.00    5.57   -1.57 (VIOLATED)
ANTENNA_i_FF[233]_CLK/I                 4.00    5.57   -1.57 (VIOLATED)
ANTENNA_i_FF[35]_CLK/I                  4.00    5.57   -1.57 (VIOLATED)
ANTENNA_i_FF[3]_CLK/I                   4.00    5.57   -1.57 (VIOLATED)
i_FF[38]/CLK                            4.00    5.57   -1.57 (VIOLATED)
ANTENNA_i_FF[38]_CLK/I                  4.00    5.57   -1.57 (VIOLATED)
i_FF[4]/CLK                             4.00    5.57   -1.57 (VIOLATED)
ANTENNA_i_FF[4]_CLK/I                   4.00    5.57   -1.57 (VIOLATED)
ANTENNA_i_FF[37]_CLK/I                  4.00    5.56   -1.56 (VIOLATED)
i_FF[37]/CLK                            4.00    5.56   -1.56 (VIOLATED)
i_FF[5]/CLK                             4.00    5.56   -1.56 (VIOLATED)
ANTENNA_i_FF[5]_CLK/I                   4.00    5.56   -1.56 (VIOLATED)
i_FF[51]/CLK                            4.00    5.56   -1.56 (VIOLATED)
i_FF[44]/CLK                            4.00    5.56   -1.56 (VIOLATED)
i_FF[19]/CLK                            4.00    5.56   -1.56 (VIOLATED)
i_FF[21]/CLK                            4.00    5.56   -1.56 (VIOLATED)
ANTENNA_i_FF[53]_CLK/I                  4.00    5.56   -1.56 (VIOLATED)
ANTENNA_i_FF[51]_CLK/I                  4.00    5.56   -1.56 (VIOLATED)
ANTENNA_i_FF[21]_CLK/I                  4.00    5.56   -1.56 (VIOLATED)
ANTENNA_i_FF[44]_CLK/I                  4.00    5.56   -1.56 (VIOLATED)
i_FF[20]/CLK                            4.00    5.56   -1.56 (VIOLATED)
ANTENNA_i_FF[19]_CLK/I                  4.00    5.56   -1.56 (VIOLATED)
i_FF[52]/CLK                            4.00    5.56   -1.56 (VIOLATED)
ANTENNA_i_FF[20]_CLK/I                  4.00    5.56   -1.56 (VIOLATED)
ANTENNA_i_FF[52]_CLK/I                  4.00    5.56   -1.56 (VIOLATED)
ANTENNA_i_FF[10]_CLK/I                  4.00    5.56   -1.56 (VIOLATED)
i_FF[10]/CLK                            4.00    5.56   -1.56 (VIOLATED)
ANTENNA_i_FF[43]_CLK/I                  4.00    5.56   -1.56 (VIOLATED)
i_FF[43]/CLK                            4.00    5.56   -1.56 (VIOLATED)
ANTENNA_i_FF[11]_CLK/I                  4.00    5.56   -1.56 (VIOLATED)
i_FF[11]/CLK                            4.00    5.56   -1.56 (VIOLATED)
CLK_BUF[1]/Z                            4.00    5.56   -1.56 (VIOLATED)

max fanout

Pin                                   Limit Fanout  Slack
---------------------------------------------------------
CLK_BUF[1]/Z                              4    826   -822 (VIOLATED)

max capacitance

Pin                                    Limit     Cap   Slack
------------------------------------------------------------
CLK_BUF[1]/Z                            1.82    2.78   -0.96 (VIOLATED)


===========================================================================
max slew violation count 827
max fanout violation count 1
max cap violation count 1
============================================================================
