Information: Setting timing_save_pin_arrival_and_slack to TRUE and updating timing. (PTE-076)
Information: It is recommended that the variable timing_save_pin_arrival_and_slack be set before the initial timing update for optimal performance of this command. (PTE-077)
****************************************
Report : si_bottleneck
	-cost_type delta_delay
	-slack_lesser_than 10
	-all_nets
	-significant_digits 4
	-nosplit
	-minimum_active_aggressors 1
	-min
	-max
Design : user_project_wrapper
Version: T-2022.03-SP3
Date   : Sun Dec 11 06:23:22 2022
****************************************

 Bottleneck Cost:  delta_delay
 net                                                         cost
 ---------------------------------------------------------------------
 la_data_out[13]                                               6.8367
 la_data_out[17]                                               6.6775
 la_data_out[15]                                               6.5431
 la_data_out[16]                                               6.5107
 la_data_in[12]                                                6.0349
 io_oeb[1]                                                     5.2035
 la_data_in[0]                                                 4.4544
 wbs_dat_i[7]                                                  3.8148
 la_data_out[14]                                               3.5936
 la_oenb[4]                                                    3.5750
 la_oenb[7]                                                    3.5412
 la_data_in[22]                                                3.4853
 la_oenb[20]                                                   3.4223
 io_in[10]                                                     3.3659
 io_out[26]                                                    3.2678
 io_out[25]                                                    3.2157
 la_data_out[24]                                               3.1795
 la_data_in[8]                                                 3.1690
 la_oenb[0]                                                    3.1019
 la_data_out[19]                                               3.1001
 la_oenb[11]                                                   3.0831
 la_data_in[26]                                                3.0182
 io_out[0]                                                     2.9346
 la_oenb[21]                                                   2.9345
 la_data_in[21]                                                2.8866
 la_oenb[37]                                                   2.8596
 la_oenb[25]                                                   2.8501
 la_oenb[22]                                                   2.8425
 la_oenb[36]                                                   2.8191
 la_data_out[20]                                               2.8034
 la_data_out[18]                                               2.7213
 la_data_out[23]                                               2.7166
 io_in[30]                                                     2.7038
 io_in[24]                                                     2.6712
 la_data_out[36]                                               2.6654
 la_data_out[25]                                               2.6524
 la_data_out[27]                                               2.6411
 io_oeb[15]                                                    2.5931
 la_oenb[41]                                                   2.5766
 la_oenb[26]                                                   2.4595
 la_oenb[23]                                                   2.4581
 la_oenb[35]                                                   2.4091
 la_oenb[13]                                                   2.4018
 la_data_in[13]                                                2.3779
 wbs_dat_o[30]                                                 2.3674
 la_data_in[16]                                                2.2998
 la_data_in[3]                                                 2.2994
 wbs_dat_o[8]                                                  2.2783
 la_data_in[15]                                                2.2692
 la_data_in[24]                                                2.2406
 io_in[22]                                                     2.2315
 io_in[15]                                                     2.2016
 wbs_dat_o[6]                                                  2.1947
 la_data_in[17]                                                2.1690
 la_oenb[12]                                                   2.1628
 la_oenb[19]                                                   2.1511
 la_data_in[27]                                                2.1472
 la_data_in[23]                                                2.1000
 la_data_in[25]                                                2.0941
 la_oenb[16]                                                   2.0684
 la_oenb[15]                                                   2.0622
 la_oenb[14]                                                   2.0236
 io_oeb[37]                                                    1.9998
 la_data_in[60]                                                1.9986
 wbs_adr_i[13]                                                 1.9776
 wbs_dat_i[31]                                                 1.9699
 wbs_adr_i[1]                                                  1.9595
 wbs_adr_i[10]                                                 1.9562
 io_in[9]                                                      1.8741
 io_in[28]                                                     1.8589
 wbs_adr_i[16]                                                 1.8182
 wbs_adr_i[15]                                                 1.7781
 la_data_in[10]                                                1.6889
 wbs_adr_i[14]                                                 1.6677
 la_data_out[4]                                                1.6637
 la_data_in[54]                                                1.6518
 wbs_adr_i[12]                                                 1.6061
 la_data_in[51]                                                1.5939
 io_out[23]                                                    1.5670
 io_out[27]                                                    1.5509
 la_data_in[55]                                                1.5169
 la_data_in[57]                                                1.4850
 io_oeb[28]                                                    1.4786
 la_data_in[52]                                                1.4771
 la_oenb[18]                                                   1.4697
 la_data_out[6]                                                1.4460
 wbs_adr_i[18]                                                 1.4106
 wbs_dat_i[13]                                                 1.3856
 wbs_adr_i[2]                                                  1.3852
 la_data_in[50]                                                1.3754
 wbs_adr_i[20]                                                 1.3488
 wbs_dat_i[6]                                                  1.3176
 wbs_dat_i[20]                                                 1.3077
 la_data_out[3]                                                1.2905
 wbs_adr_i[9]                                                  1.2808
 wbs_adr_i[17]                                                 1.2689
 io_out[33]                                                    1.2674
 io_in[21]                                                     1.2635
 wbs_dat_i[17]                                                 1.2541
 wbs_adr_i[6]                                                  1.2237
 io_out[28]                                                    1.2215
 la_data_out[50]                                               1.1941
 la_data_in[49]                                                1.1844
 la_data_out[11]                                               1.1702
 io_in[13]                                                     1.1502
 wbs_adr_i[5]                                                  1.1476
 wbs_dat_i[16]                                                 1.1463
 io_in[33]                                                     1.1442
 la_data_in[46]                                                1.1424
 wbs_dat_i[9]                                                  1.1338
 io_oeb[9]                                                     1.1283
 la_data_in[48]                                                1.1183
 la_data_out[57]                                               1.1176
 io_in[0]                                                      1.1120
 la_oenb[63]                                                   1.1037
 wbs_dat_i[28]                                                 1.0772
 io_out[29]                                                    1.0764
 la_data_out[2]                                                1.0758
 wbs_dat_i[11]                                                 1.0757
 la_data_in[53]                                                1.0713
 wbs_dat_o[2]                                                  1.0632
 la_data_in[47]                                                1.0590
 wbs_adr_i[4]                                                  1.0525
 wbs_dat_i[30]                                                 1.0264
 wbs_dat_o[19]                                                 1.0115
 wbs_dat_i[15]                                                 1.0086
 la_data_out[63]                                               1.0065
 la_data_in[39]                                                0.9938
 la_data_in[45]                                                0.9932
 wbs_dat_i[3]                                                  0.9625
 wbs_dat_i[2]                                                  0.9615
 wbs_adr_i[31]                                                 0.9510
 la_data_in[34]                                                0.9478
 la_data_in[44]                                                0.9458
 wbs_sel_i[3]                                                  0.9430
 la_oenb[10]                                                   0.9403
 wbs_adr_i[30]                                                 0.9391
 la_data_out[49]                                               0.9391
 la_oenb[6]                                                    0.9352
 la_data_out[9]                                                0.9296
 la_data_in[59]                                                0.9247
 wbs_dat_i[14]                                                 0.9215
 wbs_dat_i[12]                                                 0.9175
 la_oenb[3]                                                    0.9153
 la_data_in[42]                                                0.9042
 io_in[5]                                                      0.9040
 la_data_out[51]                                               0.9007
 io_in[32]                                                     0.8856
 la_data_out[61]                                               0.8833
 wbs_dat_o[27]                                                 0.8695
 la_data_out[62]                                               0.8678
 io_oeb[4]                                                     0.8667
 wbs_dat_o[16]                                                 0.8652
 la_oenb[1]                                                    0.8597
 wbs_dat_o[1]                                                  0.8569
 la_data_out[40]                                               0.8384
 wbs_adr_i[8]                                                  0.8369
 la_data_out[54]                                               0.8362
 la_oenb[39]                                                   0.8356
 io_in[14]                                                     0.8180
 la_oenb[61]                                                   0.8080
 la_data_in[58]                                                0.7945
 la_oenb[45]                                                   0.7911
 la_oenb[43]                                                   0.7910
 wbs_dat_i[1]                                                  0.7892
 la_data_out[45]                                               0.7854
 io_in[27]                                                     0.7832
 wbs_dat_i[25]                                                 0.7742
 la_data_in[19]                                                0.7714
 io_out[37]                                                    0.7689
 io_in[23]                                                     0.7667
 wbs_dat_i[4]                                                  0.7622
 wbs_adr_i[21]                                                 0.7605
 la_oenb[59]                                                   0.7596
 wbs_adr_i[19]                                                 0.7592
 wbs_adr_i[0]                                                  0.7494
 wbs_adr_i[27]                                                 0.7463
 wbs_adr_i[23]                                                 0.7456
 wbs_sel_i[2]                                                  0.7355
 wbs_dat_i[23]                                                 0.7220
 wbs_adr_i[22]                                                 0.7220
 la_data_out[31]                                               0.7145
 la_oenb[49]                                                   0.7121
 la_oenb[55]                                                   0.7120
 wbs_ack_o                                                     0.7070
 la_data_out[46]                                               0.7007
 io_oeb[27]                                                    0.6978
 user_irq[0]                                                   0.6969
 io_oeb[31]                                                    0.6963
 la_data_out[33]                                               0.6836
 wbs_dat_i[24]                                                 0.6827
 io_oeb[3]                                                     0.6735
 la_data_in[62]                                                0.6721
 la_oenb[5]                                                    0.6712
 la_data_out[52]                                               0.6706
 wbs_dat_i[27]                                                 0.6694
 la_oenb[38]                                                   0.6630
 io_out[3]                                                     0.6625
 la_oenb[54]                                                   0.6597
 la_data_out[60]                                               0.6523
 wbs_dat_i[0]                                                  0.6523
 io_oeb[5]                                                     0.6478
 la_data_in[20]                                                0.6326
 wbs_dat_o[11]                                                 0.6275
 la_data_out[28]                                               0.6247
 io_in[29]                                                     0.6237
 la_data_in[11]                                                0.6222
 la_data_out[39]                                               0.6197
 wbs_adr_i[3]                                                  0.6151
 la_oenb[62]                                                   0.6082
 io_oeb[8]                                                     0.6072
 la_oenb[30]                                                   0.6027
 wbs_adr_i[26]                                                 0.5906
 wbs_stb_i                                                     0.5814
 wbs_dat_i[10]                                                 0.5708
 la_oenb[34]                                                   0.5675
 la_data_in[56]                                                0.5592
 la_data_out[53]                                               0.5591
 wbs_dat_o[29]                                                 0.5565
 io_in[11]                                                     0.5526
 la_data_in[5]                                                 0.5510
 wbs_dat_o[23]                                                 0.5505
 la_data_out[8]                                                0.5485
 wbs_adr_i[29]                                                 0.5419
 wbs_dat_i[8]                                                  0.5405
 wbs_adr_i[25]                                                 0.5380
 la_data_out[47]                                               0.5370
 io_out[11]                                                    0.5368
 wbs_adr_i[24]                                                 0.5285
 wbs_adr_i[7]                                                  0.5232
 io_out[9]                                                     0.5174
 io_out[35]                                                    0.5168
 la_data_in[29]                                                0.5167
 la_data_in[33]                                                0.5155
 wbs_dat_o[28]                                                 0.5151
 la_data_in[1]                                                 0.5136
 la_data_out[44]                                               0.5132
 io_in[16]                                                     0.5024
 io_oeb[10]                                                    0.5009
 io_out[8]                                                     0.4964
 la_data_out[10]                                               0.4942
 la_data_in[41]                                                0.4923
 la_data_in[14]                                                0.4915
 la_data_in[6]                                                 0.4908
 la_oenb[8]                                                    0.4890
 la_data_in[38]                                                0.4839
 io_oeb[0]                                                     0.4818
 la_data_in[2]                                                 0.4776
 la_data_out[12]                                               0.4671
 wbs_adr_i[28]                                                 0.4580
 la_data_out[0]                                                0.4576
 la_data_out[5]                                                0.4440
 io_oeb[14]                                                    0.4428
 la_data_out[7]                                                0.4394
 la_data_in[35]                                                0.4314
 la_data_out[41]                                               0.4310
 la_data_out[32]                                               0.4290
 wbs_dat_o[18]                                                 0.4287
 io_out[36]                                                    0.4192
 io_in[17]                                                     0.4158
 la_data_out[43]                                               0.4150
 la_data_in[43]                                                0.4149
 user_irq[1]                                                   0.4066
 wbs_dat_o[20]                                                 0.4048
 la_data_out[1]                                                0.4034
 la_oenb[2]                                                    0.3995
 la_data_in[36]                                                0.3985
 la_oenb[9]                                                    0.3974
 la_data_in[30]                                                0.3974
 la_data_in[40]                                                0.3950
 la_data_out[58]                                               0.3928
 la_data_in[37]                                                0.3823
 la_data_out[56]                                               0.3816
 la_data_in[4]                                                 0.3800
 la_data_in[32]                                                0.3634
 wbs_dat_o[10]                                                 0.3633
 la_data_out[59]                                               0.3502
 wbs_dat_o[17]                                                 0.3436
 la_data_out[42]                                               0.3347
 wbs_adr_i[11]                                                 0.3256
 la_oenb[24]                                                   0.3206
 io_out[22]                                                    0.3203
 la_oenb[27]                                                   0.3184
 io_out[30]                                                    0.3162
 wbs_dat_o[25]                                                 0.3138
 la_data_out[55]                                               0.3092
 la_data_out[38]                                               0.3067
 io_oeb[33]                                                    0.3049
 io_oeb[23]                                                    0.2995
 la_data_out[22]                                               0.2983
 wbs_dat_o[21]                                                 0.2972
 la_data_out[37]                                               0.2954
 la_data_out[21]                                               0.2934
 wbs_dat_o[24]                                                 0.2928
 la_data_out[35]                                               0.2793
 wbs_dat_o[26]                                                 0.2788
 io_oeb[12]                                                    0.2749
 wbs_we_i                                                      0.2745
 wbs_dat_i[26]                                                 0.2744
 la_oenb[33]                                                   0.2710
 wbs_dat_i[22]                                                 0.2507
 la_data_in[61]                                                0.2431
 la_data_in[28]                                                0.2386
 la_oenb[28]                                                   0.2359
 la_oenb[40]                                                   0.2251
 wbs_dat_i[21]                                                 0.2158
 la_data_out[34]                                               0.2078
 la_data_in[31]                                                0.2057
 wbs_dat_o[4]                                                  0.2046
 wbs_dat_i[19]                                                 0.2030
 io_in[18]                                                     0.2005
 wbs_dat_o[14]                                                 0.1990
 wbs_dat_o[15]                                                 0.1978
 wbs_cyc_i                                                     0.1932
 io_in[12]                                                     0.1924
 io_oeb[36]                                                    0.1869
 la_oenb[52]                                                   0.1865
 la_data_out[26]                                               0.1834
 io_oeb[26]                                                    0.1828
 io_out[21]                                                    0.1792
 la_data_out[30]                                               0.1759
 io_in[1]                                                      0.1746
 wbs_dat_o[12]                                                 0.1687
 wbs_dat_i[5]                                                  0.1654
 io_oeb[11]                                                    0.1616
 wbs_dat_i[18]                                                 0.1602
 la_oenb[31]                                                   0.1586
 io_in[8]                                                      0.1565
 wbs_dat_o[22]                                                 0.1494
 io_oeb[32]                                                    0.1409
 la_data_in[63]                                                0.1365
 wbs_sel_i[0]                                                  0.1364
 mprj/o_q_dly[121]                                             0.1285
 io_oeb[19]                                                    0.1266
 io_out[19]                                                    0.1263
 io_oeb[34]                                                    0.1228
 la_oenb[53]                                                   0.1169
 wbs_dat_o[5]                                                  0.1158
 user_irq[2]                                                   0.1131
 mprj/o_q[173]                                                 0.1117
 wbs_dat_o[13]                                                 0.1101
 mprj/o_q_dly[57]                                              0.1048
 io_oeb[17]                                                    0.0998
 mprj/o_q[135]                                                 0.0975
 wbs_dat_i[29]                                                 0.0952
 la_oenb[47]                                                   0.0945
 la_oenb[46]                                                   0.0926
 wbs_dat_o[0]                                                  0.0905
 io_oeb[16]                                                    0.0905
 mprj/o_q_dly[104]                                             0.0891
 mprj/o_q_dly[88]                                              0.0886
 mprj/o_q_dly[91]                                              0.0873
 la_data_in[7]                                                 0.0868
 mprj/o_q_dly[92]                                              0.0833
 mprj/o_q_dly[142]                                             0.0822
 io_out[5]                                                     0.0820
 la_data_out[29]                                               0.0804
 mprj/o_q_dly[15]                                              0.0793
 io_in[6]                                                      0.0750
 wbs_dat_o[9]                                                  0.0744
 wbs_dat_o[7]                                                  0.0706
 mprj/buf_i[188]                                               0.0687
 mprj/o_q_dly[71]                                              0.0639
 la_data_out[48]                                               0.0632
 mprj/o_q_dly[162]                                             0.0608
 mprj/o_q_dly[2]                                               0.0599
 la_oenb[51]                                                   0.0590
 io_oeb[22]                                                    0.0579
 mprj/o_q_dly[95]                                              0.0558
 mprj/buf_i[126]                                               0.0550
 mprj/o_q[91]                                                  0.0543
 mprj/buf_i[171]                                               0.0522
 mprj/o_q_dly[6]                                               0.0513
 io_out[18]                                                    0.0498
 mprj/o_q_dly[17]                                              0.0492
 mprj/o_q_dly[8]                                               0.0491
 mprj/buf_i[154]                                               0.0484
 mprj/o_q_dly[53]                                              0.0480
 la_oenb[44]                                                   0.0474
 mprj/o_q[57]                                                  0.0469
 mprj/o_q_dly[129]                                             0.0455
 io_oeb[18]                                                    0.0455
 mprj/o_q_dly[130]                                             0.0453
 mprj/buf_i[120]                                               0.0448
 io_in[25]                                                     0.0446
 mprj/o_q[84]                                                  0.0445
 la_oenb[32]                                                   0.0443
 mprj/o_q_dly[133]                                             0.0431
 mprj/o_q_dly[79]                                              0.0428
 mprj/buf_i[183]                                               0.0426
 mprj/buf_i[156]                                               0.0426
 mprj/o_q_dly[169]                                             0.0421
 mprj/o_q[55]                                                  0.0420
 mprj/o_q_dly[3]                                               0.0420
 mprj/o_q_dly[123]                                             0.0406
 mprj/o_q_dly[1]                                               0.0405
 io_oeb[24]                                                    0.0401
 mprj/o_q_dly[10]                                              0.0401
 mprj/o_q_dly[89]                                              0.0399
 mprj/o_q[102]                                                 0.0398
 mprj/buf_i[158]                                               0.0396
 mprj/o_q_dly[128]                                             0.0394
 mprj/o_q[101]                                                 0.0389
 mprj/o_q[29]                                                  0.0388
 mprj/o_q_dly[54]                                              0.0377
 mprj/o_q_dly[124]                                             0.0374
 mprj/buf_i[92]                                                0.0373
 mprj/o_q_dly[16]                                              0.0347
 mprj/buf_i[109]                                               0.0338
 mprj/o_q_dly[52]                                              0.0336
 mprj/buf_i[114]                                               0.0332
 mprj/buf_i[175]                                               0.0332
 mprj/buf_i[9]                                                 0.0329
 io_out[24]                                                    0.0326
 mprj/o_q_dly[65]                                              0.0326
 mprj/o_q_dly[158]                                             0.0324
 mprj/o_q_dly[77]                                              0.0322
 mprj/buf_i[185]                                               0.0321
 mprj/buf_i[34]                                                0.0320
 mprj/buf_i[48]                                                0.0318
 mprj/o_q_dly[84]                                              0.0312
 mprj/o_q_dly[135]                                             0.0312
 mprj/o_q_dly[85]                                              0.0306
 mprj/buf_i[216]                                               0.0303
 mprj/o_q[19]                                                  0.0299
 mprj/buf_i[110]                                               0.0294
 mprj/o_q[7]                                                   0.0292
 mprj/o_q_dly[122]                                             0.0292
 mprj/buf_i[190]                                               0.0288
 mprj/buf_i[160]                                               0.0286
 mprj/buf_i[35]                                                0.0285
 mprj/o_q[16]                                                  0.0284
 mprj/buf_i[187]                                               0.0283
 mprj/o_q_dly[0]                                               0.0277
 mprj/buf_i[182]                                               0.0275
 mprj/buf_i[152]                                               0.0272
 mprj/buf_i[123]                                               0.0270
 mprj/o_q[129]                                                 0.0270
 mprj/o_q[5]                                                   0.0269
 mprj/o_q[52]                                                  0.0265
 mprj/o_q_dly[69]                                              0.0259
 mprj/buf_i[38]                                                0.0258
 mprj/o_q[56]                                                  0.0257
 mprj/buf_i[102]                                               0.0253
 mprj/buf_i[32]                                                0.0253
 mprj/buf_i[224]                                               0.0251
 mprj/o_q_dly[170]                                             0.0251
 mprj/o_q_dly[132]                                             0.0248
 mprj/o_q_dly[83]                                              0.0247
 mprj/o_q_dly[120]                                             0.0241
 mprj/o_q_dly[168]                                             0.0241
 mprj/buf_i[41]                                                0.0241
 mprj/o_q_dly[163]                                             0.0241
 mprj/o_q_dly[131]                                             0.0240
 mprj/o_q_dly[127]                                             0.0239
 mprj/o_q_dly[165]                                             0.0239
 mprj/o_q_dly[81]                                              0.0239
 mprj/buf_i[184]                                               0.0237
 mprj/buf_i[111]                                               0.0237
 mprj/o_q[134]                                                 0.0237
 mprj/o_q_dly[66]                                              0.0237
 mprj/buf_i[235]                                               0.0236
 mprj/buf_i[118]                                               0.0234
 mprj/buf_i[89]                                                0.0230
 mprj/o_q[86]                                                  0.0227
 mprj/buf_i[179]                                               0.0224
 mprj/o_q[168]                                                 0.0221
 mprj/o_q[54]                                                  0.0220
 mprj/buf_i[16]                                                0.0220
 mprj/o_q_dly[157]                                             0.0220
 mprj/buf_i[0]                                                 0.0217
 mprj/o_q_dly[67]                                              0.0217
 mprj/o_q[21]                                                  0.0217
 mprj/buf_i[79]                                                0.0216
 mprj/o_q_dly[78]                                              0.0210
 io_in[19]                                                     0.0208
 mprj/buf_i[113]                                               0.0206
 mprj/buf_i[223]                                               0.0199
 mprj/o_q[169]                                                 0.0199
 mprj/o_q[22]                                                  0.0197
 mprj/o_q[132]                                                 0.0197
 mprj/buf_i[33]                                                0.0196
 mprj/buf_i[108]                                               0.0196
 mprj/o_q_dly[94]                                              0.0193
 mprj/o_q_dly[5]                                               0.0190
 mprj/buf_i[51]                                                0.0189
 mprj/o_q_dly[146]                                             0.0186
 mprj/buf_i[178]                                               0.0182
 mprj/o_q[20]                                                  0.0182
 mprj/buf_i[2]                                                 0.0175
 mprj/buf_i[155]                                               0.0174
 mprj/o_q_dly[90]                                              0.0172
 la_oenb[50]                                                   0.0169
 mprj/o_q[94]                                                  0.0166
 mprj/o_q_dly[60]                                              0.0156
 mprj/o_q[137]                                                 0.0155
 mprj/buf_i[105]                                               0.0153
 mprj/buf_i[90]                                                0.0149
 mprj/buf_i[116]                                               0.0145
 la_data_in[9]                                                 0.0143
 mprj/buf_i[99]                                                0.0142
 mprj/buf_i[186]                                               0.0142
 mprj/buf_i[157]                                               0.0141
 mprj/buf_i[12]                                                0.0141
 mprj/o_q[130]                                                 0.0141
 mprj/buf_i[176]                                               0.0137
 mprj/buf_i[8]                                                 0.0137
 mprj/buf_i[230]                                               0.0134
 mprj/o_q[100]                                                 0.0132
 mprj/buf_i[153]                                               0.0128
 mprj/o_q_dly[119]                                             0.0126
 mprj/buf_i[14]                                                0.0126
 mprj/buf_i[169]                                               0.0125
 mprj/buf_i[15]                                                0.0125
 mprj/o_q_dly[93]                                              0.0124
 mprj/buf_i[231]                                               0.0124
 mprj/o_q[9]                                                   0.0123
 la_oenb[56]                                                   0.0122
 mprj/o_q[4]                                                   0.0122
 mprj/buf_i[232]                                               0.0120
 mprj/buf_i[93]                                                0.0119
 mprj/buf_i[177]                                               0.0119
 mprj/o_q[41]                                                  0.0119
 mprj/buf_i[88]                                                0.0118
 mprj/o_q[23]                                                  0.0117
 mprj/buf_i[197]                                               0.0115
 mprj/buf_i[87]                                                0.0114
 mprj/buf_i[191]                                               0.0113
 la_oenb[42]                                                   0.0112
 mprj/buf_i[189]                                               0.0109
 mprj/o_q[46]                                                  0.0105
 mprj/buf_i[122]                                               0.0102
 mprj/buf_i[194]                                               0.0102
 mprj/o_q_dly[160]                                             0.0100
 mprj/buf_i[144]                                               0.0100
 mprj/buf_i[91]                                                0.0098
 mprj/buf_i[115]                                               0.0097
 mprj/o_q_dly[164]                                             0.0094
 mprj/o_q[30]                                                  0.0091
 mprj/o_q[172]                                                 0.0089
 mprj/o_q_dly[48]                                              0.0088
 mprj/buf_i[7]                                                 0.0082
 mprj/buf_i[4]                                                 0.0080
 mprj/buf_i[94]                                                0.0077
 mprj/o_q[28]                                                  0.0073
 mprj/buf_i[119]                                               0.0073
 mprj/buf_i[159]                                               0.0072
 mprj/o_q[99]                                                  0.0069
 mprj/buf_i[125]                                               0.0068
 mprj/o_q[47]                                                  0.0068
 mprj/buf_i[5]                                                 0.0066
 mprj/o_q_dly[58]                                              0.0065
 mprj/o_q_dly[14]                                              0.0064
 mprj/o_q[95]                                                  0.0061
 mprj/buf_i[225]                                               0.0057
 mprj/buf_i[127]                                               0.0056
 mprj/o_q[139]                                                 0.0056
 mprj/buf_i[214]                                               0.0056
 mprj/buf_i[45]                                                0.0056
 mprj/buf_i[227]                                               0.0055
 mprj/o_q[92]                                                  0.0052
 mprj/buf_i[234]                                               0.0051
 mprj/o_q[142]                                                 0.0051
 mprj/buf_i[131]                                               0.0048
 mprj/buf_i[103]                                               0.0048
 mprj/buf_i[180]                                               0.0047
 mprj/buf_i[205]                                               0.0046
 mprj/buf_i[47]                                                0.0045
 mprj/buf_i[39]                                                0.0043
 mprj/buf_i[37]                                                0.0041
 mprj/buf_i[112]                                               0.0040
 mprj/buf_i[164]                                               0.0039
 mprj/buf_i[66]                                                0.0038
 mprj/buf_i[162]                                               0.0038
 mprj/buf_i[68]                                                0.0037
 mprj/buf_i[172]                                               0.0037
 mprj/buf_i[168]                                               0.0036
 mprj/buf_i[166]                                               0.0036
 mprj/o_q[93]                                                  0.0035
 mprj/buf_i[43]                                                0.0034
 mprj/buf_i[236]                                               0.0034
 mprj/buf_i[170]                                               0.0030
 mprj/buf_i[101]                                               0.0029
 mprj/buf_i[107]                                               0.0029
 mprj/buf_i[150]                                               0.0027
 mprj/buf_i[198]                                               0.0027
 mprj/buf_i[46]                                                0.0026
 mprj/buf_i[193]                                               0.0026
 mprj/buf_i[85]                                                0.0024
 mprj/buf_i[173]                                               0.0022
 mprj/buf_i[86]                                                0.0021
 mprj/buf_i[78]                                                0.0021
 mprj/buf_i[151]                                               0.0020
 mprj/buf_i[36]                                                0.0017
 mprj/buf_i[132]                                               0.0015
 mprj/buf_i[65]                                                0.0014
 mprj/buf_i[124]                                               0.0011
 mprj/buf_i[96]                                                0.0005
 mprj/buf_i[106]                                               0.0005
 mprj/buf_i[97]                                                0.0004
 mprj/o_q[96]                                                  0.0002
 mprj/o_q_dly[136]                                             0.0000
 mprj/o_q_dly[82]                                              0.0000
 mprj/o_q_dly[175]                                            -0.0000
 mprj/o_q_dly[174]                                             0.0000
 mprj/buf_i[50]                                               -0.0000
 mprj/o_q_dly[41]                                              0.0000
 mprj/buf_i[222]                                              -0.0000
 mprj/buf_i[10]                                               -0.0000
 mprj/o_q[85]                                                  0.0000
 mprj/o_q_dly[80]                                              0.0000
 mprj/o_q[140]                                                 0.0000
 mprj/o_q_dly[40]                                              0.0000
 mprj/o_q[8]                                                   0.0000
 mprj/buf_i[29]                                               -0.0000
 mprj/o_q[45]                                                 -0.0000
 mprj/o_q_dly[59]                                              0.0000
 mprj/o_q_dly[19]                                              0.0000
 mprj/o_q_dly[98]                                              0.0000
 mprj/o_q_dly[171]                                             0.0000
 mprj/o_q[159]                                                 0.0000
 mprj/o_q[44]                                                  0.0000
 mprj/o_q[119]                                                 0.0000
 mprj/buf_i[27]                                               -0.0000
 mprj/o_q_dly[18]                                              0.0000
 mprj/o_q[83]                                                  0.0000
 mprj/o_q[6]                                                  -0.0000
 mprj/o_q[43]                                                  0.0000
 mprj/o_q[118]                                                 0.0000
 mprj/o_q_dly[56]                                              0.0000
 mprj/o_q_dly[149]                                             0.0000
 mprj/o_q[157]                                                 0.0000
 mprj/o_q[42]                                                  0.0000
 mprj/o_q_dly[9]                                               0.0000
 mprj/buf_i[64]                                               -0.0000
 mprj/o_q[117]                                                 0.0000
 mprj/o_q_dly[55]                                              0.0000
 mprj/o_q[155]                                                 0.0000
 mprj/o_q_dly[108]                                             0.0000
 mprj/o_q_dly[147]                                             0.0000
 mprj/o_q[40]                                                  0.0000
 mprj/o_q[1]                                                  -0.0000
 io_in[4]                                                     -0.0000
 mprj/o_q_dly[107]                                             0.0000
 mprj/o_q[97]                                                  0.0000
 mprj/o_q_dly[7]                                               0.0000
 mprj/buf_i[62]                                               -0.0000
 mprj/o_q[0]                                                   0.0000
 mprj/buf_i[22]                                               -0.0000
 mprj/o_q[17]                                                  0.0000
 mprj/o_q_dly[13]                                              0.0000
 mprj/o_q_dly[106]                                             0.0000
 mprj/o_q_dly[145]                                             0.0000
 mprj/o_q[111]                                                 0.0000
 mprj/o_q_dly[12]                                              0.0000
 mprj/o_q_dly[105]                                             0.0000
 mprj/o_q_dly[144]                                             0.0000
 mprj/o_q_dly[11]                                              0.0000
 mprj/o_q_dly[4]                                               0.0000
 mprj/o_q_dly[50]                                              0.0000
 mprj/o_q[15]                                                  0.0000
 mprj/o_q[14]                                                  0.0000
 mprj/o_q_dly[143]                                             0.0000
 mprj/o_q_dly[103]                                             0.0000
 mprj/buf_i[163]                                              -0.0000
 mprj/buf_i[77]                                               -0.0000
 mprj/o_q_dly[68]                                              0.0000
 mprj/o_q[128]                                                 0.0000
 mprj/o_q_dly[141]                                             0.0000
 mprj/buf_i[81]                                               -0.0000
 mprj/o_q_dly[28]                                              0.0000
 mprj/o_q_dly[101]                                             0.0000
 mprj/buf_i[104]                                              -0.0000
 mprj/buf_i[95]                                               -0.0000
 mprj/o_q_dly[27]                                              0.0000
 mprj/buf_i[121]                                              -0.0000
 la_oenb[17]                                                  -0.0000
 mprj/o_q_dly[159]                                             0.0000
 mprj/o_q_dly[26]                                              0.0000
 mprj/o_q[167]                                                 0.0000
 wbs_sel_i[1]                                                 -0.0000
 io_in[31]                                                    -0.0000
 la_oenb[29]                                                  -0.0000
 mprj/o_q_dly[25]                                              0.0000
 la_oenb[48]                                                  -0.0000
 la_oenb[57]                                                  -0.0000
 mprj/o_q_dly[118]                                             0.0000
 la_oenb[58]                                                  -0.0000
 la_data_in[18]                                               -0.0000
 mprj/o_q_dly[117]                                             0.0000
 mprj/o_q_dly[63]                                              0.0000
 io_in[20]                                                    -0.0000
 io_in[26]                                                    -0.0000
 wbs_dat_o[3]                                                  0.0000
 mprj/o_q_dly[156]                                             0.0000
 mprj/o_q_dly[23]                                              0.0000
 mprj/o_q_dly[62]                                              0.0000
 mprj/o_q_dly[22]                                              0.0000
 mprj/o_q_dly[61]                                              0.0000
 mprj/o_q_dly[21]                                              0.0000
 mprj/buf_i[202]                                              -0.0000
 mprj/o_q_dly[114]                                             0.0000
 mprj/o_q_dly[20]                                              0.0000
 mprj/buf_i[201]                                              -0.0000
 mprj/o_q_dly[113]                                             0.0000
 mprj/o_q_dly[152]                                             0.0000
 mprj/o_q_dly[39]                                              0.0000
 mprj/o_q_dly[151]                                             0.0000
 mprj/o_q_dly[111]                                             0.0000
 mprj/o_q_dly[110]                                             0.0000
 mprj/buf_i[130]                                              -0.0000
 mprj/o_q_dly[36]                                              0.0000
 io_out[4]                                                     0.0000
 mprj/buf_i[84]                                               -0.0000
 mprj/o_q_dly[35]                                              0.0000
 mprj/buf_i[83]                                               -0.0000
 io_out[6]                                                     0.0000
 io_out[7]                                                     0.0000
 mprj/o_q_dly[167]                                             0.0000
 io_out[10]                                                    0.0000
 io_out[14]                                                    0.0000
 io_out[17]                                                    0.0000
 mprj/o_q_dly[34]                                              0.0000
 mprj/buf_i[82]                                               -0.0000
 mprj/o_q_dly[73]                                              0.0000
 mprj/o_q_dly[166]                                             0.0000
 io_out[31]                                                    0.0000
 io_out[32]                                                    0.0000
 io_out[34]                                                    0.0000
 mprj/o_q[127]                                                 0.0000
 mprj/o_q[11]                                                  0.0000
 mprj/o_q[126]                                                 0.0000
 mprj/o_q[50]                                                  0.0000
 io_oeb[6]                                                     0.0000
 io_oeb[7]                                                     0.0000
 mprj/o_q[10]                                                  0.0000
 mprj/o_q[125]                                                 0.0000
 mprj/o_q[164]                                                 0.0000
 mprj/o_q[68]                                                  0.0000
 io_oeb[20]                                                    0.0000
 io_oeb[21]                                                    0.0000
 mprj/o_q[67]                                                  0.0000
 mprj/o_q[27]                                                  0.0000
 mprj/o_q[121]                                                 0.0000
 mprj/o_q[26]                                                  0.0000
 io_oeb[29]                                                    0.0000
 io_oeb[30]                                                    0.0000
 mprj/o_q[65]                                                  0.0000
 mprj/o_q[120]                                                 0.0000
 mprj/o_q_dly[126]                                             0.0000
 mprj/o_q[64]                                                  0.0000
 mprj/o_q[24]                                                  0.0000
 mprj/o_q[63]                                                  0.0000
 mprj/o_q_dly[32]                                              0.0000
 mprj/buf_i[6]                                                -0.0000
 mprj/o_q_dly[125]                                             0.0000
 mprj/o_q[138]                                                 0.0000
 mprj/buf_i[40]                                               -0.0000
 mprj/o_q_dly[31]                                              0.0000
 mprj/o_q[62]                                                  0.0000
 mprj/o_q_dly[30]                                              0.0000
 mprj/o_q[39]                                                  0.0000
 mprj/o_q[78]                                                  0.0000
 mprj/o_q_dly[49]                                              0.0000
 mprj/buf_i[18]                                               -0.0000
 mprj/o_q_dly[161]                                             0.0000
 mprj/o_q[133]                                                 0.0000
 mprj/o_q[38]                                                  0.0000
 mprj/o_q[77]                                                  0.0000
 mprj/buf_i[229]                                              -0.0000
 mprj/buf_i[181]                                              -0.0000
 mprj/buf_i[228]                                              -0.0000
 mprj/o_q[35]                                                  0.0000
 mprj/o_q[74]                                                  0.0000
 mprj/o_q[148]                                                 0.0000
 mprj/o_q_dly[86]                                              0.0000
 mprj/o_q[108]                                                 0.0000
 mprj/o_q_dly[139]                                             0.0000
 mprj/o_q[72]                                                  0.0000
 mprj/o_q[147]                                                 0.0000
 mprj/buf_i[54]                                               -0.0000
 mprj/o_q_dly[45]                                             -0.0000
 mprj/o_q[146]                                                 0.0000
 mprj/o_q_dly[138]                                             0.0000
 mprj/o_q[31]                                                  0.0000
 mprj/o_q_dly[137]                                             0.0000
 mprj/o_q_dly[43]                                              0.0000
 mprj/o_q[70]                                                  0.0000
 mprj/o_q[49]                                                 -0.0000
 mprj/o_q[104]                                                 0.0000
 mprj/o_q[143]                                                 0.0000
 mprj/o_q[87]                                                  0.0000
 io_in[34]                                                    -0.0000

1
