Information: Setting timing_save_pin_arrival_and_slack to TRUE and updating timing. (PTE-076)
Information: It is recommended that the variable timing_save_pin_arrival_and_slack be set before the initial timing update for optimal performance of this command. (PTE-077)
****************************************
Report : si_bottleneck
	-cost_type delta_delay
	-slack_lesser_than 10
	-all_nets
	-significant_digits 4
	-nosplit
	-minimum_active_aggressors 1
	-min
	-max
Design : user_project_wrapper
Version: T-2022.03-SP3
Date   : Sun Dec 11 11:31:56 2022
****************************************

 Bottleneck Cost:  delta_delay
 net                                                         cost
 ---------------------------------------------------------------------
 io_oeb[24]                                                    7.4010
 wbs_sel_i[2]                                                  7.0798
 io_in[0]                                                      6.8400
 la_data_out[21]                                               6.4522
 io_in[1]                                                      6.3728
 io_oeb[2]                                                     5.1524
 wbs_dat_o[9]                                                  4.1748
 la_data_out[17]                                               4.1024
 la_data_in[3]                                                 4.0199
 wbs_sel_i[0]                                                  3.8510
 io_oeb[23]                                                    3.8025
 la_data_out[5]                                                3.7838
 la_data_in[31]                                                3.5724
 la_oenb[55]                                                   3.5361
 la_data_in[24]                                                3.4862
 la_data_in[25]                                                3.4107
 la_oenb[21]                                                   3.4092
 la_data_out[27]                                               3.3799
 la_oenb[43]                                                   3.2909
 io_oeb[32]                                                    3.2764
 la_oenb[13]                                                   3.2646
 wbs_adr_i[8]                                                  3.1608
 la_oenb[24]                                                   3.0952
 la_data_out[10]                                               3.0458
 io_oeb[15]                                                    3.0261
 io_out[35]                                                    2.9958
 la_data_out[12]                                               2.9708
 la_data_in[21]                                                2.9600
 la_oenb[20]                                                   2.9574
 io_out[24]                                                    2.9530
 wbs_sel_i[1]                                                  2.9487
 la_oenb[12]                                                   2.9358
 la_oenb[22]                                                   2.9327
 io_out[6]                                                     2.9220
 la_oenb[23]                                                   2.9107
 la_oenb[60]                                                   2.8837
 la_data_in[19]                                                2.8812
 la_data_out[33]                                               2.8375
 la_data_out[34]                                               2.8277
 la_data_out[19]                                               2.8247
 la_data_out[26]                                               2.8247
 la_oenb[16]                                                   2.7947
 la_data_out[16]                                               2.7783
 la_oenb[11]                                                   2.7766
 io_in[37]                                                     2.7652
 la_data_out[29]                                               2.7095
 wbs_adr_i[2]                                                  2.6965
 user_irq[0]                                                   2.6961
 io_oeb[31]                                                    2.6786
 la_data_in[34]                                                2.6678
 la_data_out[32]                                               2.6501
 la_oenb[27]                                                   2.5233
 la_oenb[4]                                                    2.5117
 la_data_in[15]                                                2.5085
 la_data_out[31]                                               2.5054
 la_oenb[0]                                                    2.4848
 la_data_in[22]                                                2.4756
 wbs_adr_i[11]                                                 2.4500
 io_out[2]                                                     2.4063
 wbs_dat_i[10]                                                 2.3706
 la_data_out[61]                                               2.3638
 la_oenb[9]                                                    2.3524
 la_data_in[13]                                                2.3381
 la_oenb[33]                                                   2.3306
 io_in[33]                                                     2.3203
 la_oenb[56]                                                   2.3085
 wbs_dat_o[15]                                                 2.2999
 la_oenb[32]                                                   2.2935
 io_in[2]                                                      2.2932
 io_oeb[1]                                                     2.2851
 io_out[34]                                                    2.2803
 la_oenb[36]                                                   2.2706
 la_data_in[33]                                                2.2680
 io_in[31]                                                     2.2462
 io_oeb[7]                                                     2.2449
 la_oenb[31]                                                   2.2401
 wbs_dat_i[31]                                                 2.2306
 wbs_dat_i[16]                                                 2.1745
 la_oenb[58]                                                   2.1643
 la_oenb[48]                                                   2.1572
 la_data_in[6]                                                 2.1100
 la_oenb[2]                                                    2.0752
 la_oenb[25]                                                   2.0749
 io_in[3]                                                      2.0670
 io_in[32]                                                     2.0667
 la_data_in[28]                                                2.0660
 io_out[5]                                                     2.0462
 la_oenb[14]                                                   2.0401
 io_in[6]                                                      2.0304
 wbs_dat_o[30]                                                 2.0299
 io_oeb[5]                                                     2.0180
 la_data_out[35]                                               2.0149
 la_data_in[35]                                                2.0134
 io_oeb[6]                                                     2.0029
 io_in[35]                                                     2.0023
 io_in[5]                                                      1.9893
 la_data_in[27]                                                1.9685
 la_oenb[34]                                                   1.8904
 wbs_adr_i[13]                                                 1.8812
 io_out[23]                                                    1.8765
 wbs_adr_i[18]                                                 1.8610
 io_in[15]                                                     1.8528
 la_oenb[7]                                                    1.8483
 wbs_dat_i[15]                                                 1.8454
 io_in[4]                                                      1.8413
 io_out[3]                                                     1.8340
 la_oenb[1]                                                    1.8324
 io_oeb[4]                                                     1.8163
 io_out[27]                                                    1.8104
 wbs_adr_i[1]                                                  1.8063
 io_oeb[8]                                                     1.7961
 la_data_in[8]                                                 1.7561
 la_oenb[39]                                                   1.7466
 io_oeb[30]                                                    1.7161
 la_oenb[35]                                                   1.6958
 la_data_out[2]                                                1.6446
 la_data_out[57]                                               1.6273
 wbs_adr_i[17]                                                 1.6065
 io_oeb[27]                                                    1.6063
 la_data_out[41]                                               1.5941
 la_oenb[15]                                                   1.5742
 io_oeb[33]                                                    1.5644
 wbs_dat_o[16]                                                 1.5602
 wbs_adr_i[12]                                                 1.5485
 la_data_out[18]                                               1.5329
 io_out[10]                                                    1.5305
 la_data_in[10]                                                1.4693
 la_data_out[36]                                               1.4574
 la_data_out[42]                                               1.4571
 wbs_adr_i[22]                                                 1.4496
 wbs_adr_i[16]                                                 1.4429
 la_oenb[41]                                                   1.4222
 wbs_dat_o[19]                                                 1.4152
 io_out[29]                                                    1.3849
 wbs_we_i                                                      1.3786
 wbs_dat_i[24]                                                 1.3632
 la_oenb[19]                                                   1.3433
 la_data_out[6]                                                1.3332
 wbs_dat_i[28]                                                 1.3329
 la_data_in[39]                                                1.3084
 io_out[37]                                                    1.2960
 io_in[28]                                                     1.2679
 io_out[8]                                                     1.2435
 la_oenb[51]                                                   1.2194
 la_data_out[52]                                               1.2028
 la_data_out[7]                                                1.2015
 la_data_in[20]                                                1.1984
 la_data_out[38]                                               1.1968
 la_oenb[61]                                                   1.1926
 wbs_adr_i[5]                                                  1.1879
 io_in[11]                                                     1.1834
 la_data_out[8]                                                1.1808
 la_data_in[46]                                                1.1746
 io_out[33]                                                    1.1615
 io_out[7]                                                     1.1535
 io_out[4]                                                     1.1525
 wbs_dat_i[7]                                                  1.1482
 la_data_in[16]                                                1.1402
 io_in[22]                                                     1.1392
 wbs_dat_i[4]                                                  1.1245
 la_data_out[60]                                               1.1151
 la_data_out[43]                                               1.1084
 la_oenb[10]                                                   1.1083
 wbs_dat_i[17]                                                 1.1051
 io_oeb[36]                                                    1.1040
 la_data_in[1]                                                 1.0933
 la_data_in[44]                                                1.0874
 la_oenb[42]                                                   1.0853
 wbs_adr_i[28]                                                 1.0787
 wbs_dat_i[20]                                                 1.0501
 io_oeb[28]                                                    1.0476
 la_data_in[9]                                                 1.0407
 la_data_out[50]                                               1.0322
 wbs_adr_i[0]                                                  1.0320
 la_data_in[30]                                                1.0291
 wbs_dat_o[12]                                                 1.0274
 wbs_dat_i[8]                                                  1.0259
 la_data_in[18]                                                1.0237
 wbs_cyc_i                                                     1.0197
 la_data_in[38]                                                1.0104
 la_data_in[4]                                                 1.0074
 la_data_out[3]                                                1.0052
 wbs_dat_i[2]                                                  1.0041
 wbs_dat_o[1]                                                  1.0029
 la_data_in[0]                                                 0.9854
 wbs_adr_i[14]                                                 0.9835
 io_in[34]                                                     0.9791
 wbs_dat_i[6]                                                  0.9774
 la_data_out[62]                                               0.9670
 wbs_dat_o[8]                                                  0.9562
 wbs_adr_i[30]                                                 0.9470
 io_out[11]                                                    0.9452
 io_oeb[14]                                                    0.9331
 wbs_dat_o[27]                                                 0.9329
 la_data_out[40]                                               0.9326
 wbs_adr_i[21]                                                 0.9321
 la_data_out[9]                                                0.9309
 wbs_adr_i[10]                                                 0.9212
 io_oeb[10]                                                    0.9147
 io_oeb[35]                                                    0.9087
 wbs_dat_o[28]                                                 0.9078
 wbs_adr_i[19]                                                 0.9001
 la_data_in[36]                                                0.8875
 la_data_in[42]                                                0.8798
 wbs_dat_o[6]                                                  0.8769
 io_in[7]                                                      0.8716
 io_oeb[29]                                                    0.8656
 io_in[27]                                                     0.8635
 io_out[32]                                                    0.8606
 wbs_dat_i[14]                                                 0.8601
 la_data_out[51]                                               0.8535
 io_in[29]                                                     0.8478
 la_data_out[44]                                               0.8429
 wbs_adr_i[24]                                                 0.8388
 wbs_dat_i[21]                                                 0.8204
 la_data_in[53]                                                0.8195
 wbs_adr_i[20]                                                 0.8188
 wbs_adr_i[23]                                                 0.8148
 la_oenb[8]                                                    0.8000
 la_data_in[47]                                                0.7930
 io_out[30]                                                    0.7929
 io_out[1]                                                     0.7925
 wbs_dat_o[4]                                                  0.7924
 la_data_in[45]                                                0.7890
 io_in[9]                                                      0.7878
 io_in[8]                                                      0.7828
 la_data_in[41]                                                0.7810
 io_in[30]                                                     0.7771
 la_data_out[15]                                               0.7744
 io_out[31]                                                    0.7730
 wbs_dat_i[22]                                                 0.7640
 wbs_adr_i[25]                                                 0.7623
 io_oeb[11]                                                    0.7566
 la_data_in[32]                                                0.7472
 la_data_out[0]                                                0.7385
 wbs_dat_i[29]                                                 0.7367
 la_data_in[2]                                                 0.7258
 wbs_dat_o[20]                                                 0.7243
 wbs_dat_i[23]                                                 0.7229
 io_in[16]                                                     0.7222
 la_oenb[49]                                                   0.7111
 la_data_out[56]                                               0.7068
 wbs_adr_i[6]                                                  0.7058
 wbs_dat_i[13]                                                 0.7053
 io_in[10]                                                     0.6953
 la_data_in[62]                                                0.6950
 wbs_dat_i[1]                                                  0.6942
 la_data_in[55]                                                0.6940
 user_irq[2]                                                   0.6937
 la_data_in[52]                                                0.6908
 wbs_adr_i[15]                                                 0.6897
 la_data_in[49]                                                0.6875
 wbs_adr_i[26]                                                 0.6813
 io_out[28]                                                    0.6806
 la_data_out[59]                                               0.6670
 la_oenb[6]                                                    0.6540
 io_in[14]                                                     0.6470
 wbs_dat_o[24]                                                 0.6426
 la_oenb[18]                                                   0.6362
 la_oenb[47]                                                   0.6346
 la_oenb[62]                                                   0.6247
 wbs_adr_i[4]                                                  0.6223
 la_data_out[45]                                               0.6063
 la_oenb[5]                                                    0.6062
 wbs_dat_o[26]                                                 0.5951
 la_data_out[47]                                               0.5939
 wbs_adr_i[29]                                                 0.5930
 la_oenb[44]                                                   0.5801
 wbs_dat_i[3]                                                  0.5677
 la_data_in[43]                                                0.5676
 user_irq[1]                                                   0.5624
 la_data_out[49]                                               0.5497
 la_data_in[48]                                                0.5409
 wbs_dat_i[27]                                                 0.5408
 la_data_in[26]                                                0.5360
 io_oeb[3]                                                     0.5226
 io_in[23]                                                     0.5181
 wbs_adr_i[31]                                                 0.5143
 la_data_in[11]                                                0.5115
 la_oenb[40]                                                   0.5018
 la_oenb[3]                                                    0.4998
 io_oeb[26]                                                    0.4990
 io_in[13]                                                     0.4979
 la_data_in[40]                                                0.4918
 la_data_in[63]                                                0.4905
 la_data_in[58]                                                0.4899
 wbs_dat_o[23]                                                 0.4789
 wbs_dat_i[26]                                                 0.4786
 la_oenb[63]                                                   0.4697
 wbs_dat_i[30]                                                 0.4673
 la_data_in[60]                                                0.4652
 wbs_dat_o[31]                                                 0.4551
 la_data_out[4]                                                0.4540
 io_in[21]                                                     0.4456
 la_oenb[57]                                                   0.4438
 wbs_dat_o[18]                                                 0.4390
 wbs_sel_i[3]                                                  0.4317
 la_data_out[14]                                               0.4181
 la_oenb[38]                                                   0.4150
 la_oenb[50]                                                   0.4117
 la_data_in[14]                                                0.4051
 la_oenb[26]                                                   0.4025
 wbs_dat_o[11]                                                 0.4013
 la_data_in[37]                                                0.3960
 la_data_in[7]                                                 0.3917
 wbs_adr_i[27]                                                 0.3831
 io_out[20]                                                    0.3811
 la_oenb[37]                                                   0.3781
 wbs_dat_i[5]                                                  0.3731
 io_out[13]                                                    0.3587
 la_oenb[53]                                                   0.3439
 wbs_dat_o[7]                                                  0.3361
 la_data_out[23]                                               0.3322
 wbs_dat_o[17]                                                 0.3293
 la_data_out[22]                                               0.3110
 io_out[17]                                                    0.3022
 io_out[9]                                                     0.3014
 mprj/o_q[89]                                                  0.2990
 la_data_out[24]                                               0.2929
 la_data_out[13]                                               0.2888
 la_data_in[17]                                                0.2788
 la_data_out[25]                                               0.2787
 io_out[16]                                                    0.2718
 mprj/o_q[69]                                                  0.2713
 la_data_in[23]                                                0.2692
 la_data_out[39]                                               0.2685
 wbs_dat_o[14]                                                 0.2617
 la_data_in[5]                                                 0.2548
 la_data_out[11]                                               0.2470
 la_data_out[55]                                               0.2440
 la_data_out[63]                                               0.2423
 wbs_dat_o[29]                                                 0.2411
 mprj/o_q[71]                                                  0.2405
 mprj/o_q_dly[30]                                              0.2367
 la_oenb[17]                                                   0.2362
 la_data_out[54]                                               0.2346
 mprj/o_q_dly[134]                                             0.2313
 la_oenb[54]                                                   0.2307
 mprj/o_q[70]                                                  0.2307
 la_oenb[46]                                                   0.2289
 mprj/o_q[88]                                                  0.2269
 wbs_dat_o[10]                                                 0.2267
 wbs_dat_i[25]                                                 0.2247
 la_data_out[58]                                               0.2243
 wbs_dat_o[25]                                                 0.2140
 mprj/o_q[76]                                                  0.2130
 mprj/o_q_dly[117]                                             0.2128
 mprj/o_q[72]                                                  0.2128
 mprj/o_q_dly[106]                                             0.2123
 wbs_adr_i[7]                                                  0.2110
 la_data_out[48]                                               0.2101
 mprj/o_q[84]                                                  0.2082
 mprj/o_q[85]                                                  0.2041
 wbs_dat_o[22]                                                 0.2035
 la_data_out[46]                                               0.1990
 la_data_out[1]                                                0.1952
 wbs_dat_o[3]                                                  0.1951
 mprj/o_q_dly[57]                                              0.1938
 mprj/o_q[60]                                                  0.1928
 mprj/o_q_dly[56]                                              0.1919
 wbs_dat_i[19]                                                 0.1878
 io_oeb[22]                                                    0.1852
 mprj/o_q_dly[80]                                              0.1850
 mprj/o_q_dly[136]                                             0.1809
 la_data_in[51]                                                0.1803
 mprj/o_q_dly[174]                                             0.1802
 mprj/buf_i[124]                                               0.1677
 mprj/o_q_dly[9]                                               0.1650
 wbs_dat_o[2]                                                  0.1641
 io_oeb[0]                                                     0.1638
 la_oenb[28]                                                   0.1631
 mprj/o_q_dly[14]                                              0.1622
 wbs_stb_i                                                     0.1607
 wbs_dat_o[13]                                                 0.1571
 mprj/o_q[78]                                                  0.1559
 mprj/o_q_dly[7]                                               0.1551
 wbs_dat_o[5]                                                  0.1548
 mprj/o_q[87]                                                  0.1527
 mprj/o_q_dly[143]                                             0.1524
 mprj/o_q_dly[0]                                               0.1519
 wbs_dat_i[12]                                                 0.1515
 mprj/o_q[74]                                                  0.1453
 mprj/buf_i[191]                                               0.1442
 mprj/o_q[59]                                                  0.1442
 mprj/o_q_dly[6]                                               0.1433
 mprj/o_q_dly[28]                                              0.1363
 mprj/o_q_dly[146]                                             0.1321
 mprj/o_q_dly[11]                                              0.1309
 wbs_dat_o[21]                                                 0.1276
 mprj/buf_i[119]                                               0.1247
 mprj/buf_i[123]                                               0.1239
 mprj/o_q_dly[29]                                              0.1221
 mprj/buf_i[190]                                               0.1217
 mprj/o_q_dly[23]                                              0.1209
 io_oeb[9]                                                     0.1189
 wbs_dat_i[11]                                                 0.1189
 mprj/o_q[73]                                                  0.1178
 io_in[18]                                                     0.1177
 mprj/o_q_dly[140]                                             0.1172
 mprj/buf_i[175]                                               0.1159
 wbs_adr_i[9]                                                  0.1149
 mprj/o_q_dly[172]                                             0.1130
 la_data_out[20]                                               0.1114
 mprj/o_q[83]                                                  0.1110
 la_oenb[45]                                                   0.1108
 la_data_in[61]                                                0.1103
 la_data_out[53]                                               0.1093
 mprj/o_q_dly[76]                                              0.1090
 mprj/o_q_dly[79]                                              0.1088
 mprj/o_q[63]                                                  0.1064
 mprj/o_q[75]                                                  0.1063
 la_data_in[29]                                                0.1063
 io_oeb[12]                                                    0.1039
 wbs_adr_i[3]                                                  0.1031
 mprj/o_q[64]                                                  0.1025
 mprj/buf_i[120]                                               0.1025
 mprj/o_q[25]                                                  0.1024
 mprj/o_q[68]                                                  0.1012
 mprj/o_q_dly[87]                                              0.0973
 mprj/o_q[86]                                                  0.0969
 mprj/buf_i[111]                                               0.0959
 mprj/o_q_dly[163]                                             0.0933
 mprj/o_q_dly[34]                                              0.0923
 mprj/o_q_dly[123]                                             0.0920
 io_oeb[16]                                                    0.0909
 mprj/o_q_dly[153]                                             0.0902
 mprj/o_q_dly[142]                                             0.0892
 mprj/buf_i[174]                                               0.0889
 wbs_dat_i[18]                                                 0.0880
 mprj/o_q_dly[36]                                              0.0872
 mprj/buf_i[187]                                               0.0871
 mprj/o_q_dly[155]                                             0.0869
 mprj/o_q_dly[40]                                              0.0845
 mprj/o_q_dly[89]                                              0.0837
 mprj/buf_i[110]                                               0.0825
 la_data_in[57]                                                0.0821
 io_out[14]                                                    0.0778
 mprj/buf_i[122]                                               0.0773
 mprj/o_q_dly[8]                                               0.0770
 mprj/o_q_dly[27]                                              0.0764
 mprj/o_q_dly[18]                                              0.0755
 la_data_out[30]                                               0.0752
 mprj/buf_i[173]                                               0.0743
 mprj/o_q_dly[42]                                              0.0743
 io_out[26]                                                    0.0721
 mprj/buf_i[188]                                               0.0707
 mprj/o_q_dly[62]                                              0.0700
 mprj/buf_i[234]                                               0.0679
 mprj/o_q_dly[104]                                             0.0669
 mprj/o_q_dly[45]                                              0.0667
 mprj/buf_i[182]                                               0.0666
 mprj/o_q_dly[24]                                              0.0657
 mprj/o_q[77]                                                  0.0654
 io_out[19]                                                    0.0644
 mprj/o_q_dly[132]                                             0.0642
 mprj/buf_i[115]                                               0.0632
 mprj/o_q_dly[20]                                              0.0631
 mprj/o_q[96]                                                  0.0631
 mprj/buf_i[126]                                               0.0626
 mprj/o_q_dly[133]                                             0.0618
 mprj/o_q_dly[159]                                             0.0618
 mprj/o_q[97]                                                  0.0603
 mprj/buf_i[172]                                               0.0603
 mprj/o_q_dly[120]                                             0.0603
 mprj/o_q_dly[86]                                              0.0576
 mprj/o_q_dly[43]                                              0.0568
 mprj/o_q[91]                                                  0.0566
 mprj/buf_i[180]                                               0.0560
 mprj/o_q_dly[77]                                              0.0559
 mprj/buf_i[116]                                               0.0554
 mprj/buf_i[176]                                               0.0551
 mprj/buf_i[107]                                               0.0544
 mprj/o_q[66]                                                  0.0538
 mprj/buf_i[179]                                               0.0536
 mprj/buf_i[127]                                               0.0528
 mprj/o_q_dly[74]                                              0.0525
 mprj/o_q_dly[51]                                              0.0524
 mprj/o_q[58]                                                  0.0523
 mprj/o_q[81]                                                  0.0522
 mprj/buf_i[177]                                               0.0520
 la_data_out[28]                                               0.0511
 mprj/buf_i[117]                                               0.0509
 mprj/o_q_dly[2]                                               0.0509
 la_oenb[29]                                                   0.0506
 mprj/buf_i[121]                                               0.0491
 mprj/buf_i[186]                                               0.0489
 mprj/o_q_dly[138]                                             0.0489
 mprj/o_q_dly[53]                                              0.0469
 mprj/o_q[3]                                                   0.0460
 mprj/buf_i[168]                                               0.0459
 mprj/o_q[18]                                                  0.0456
 mprj/o_q[17]                                                  0.0452
 mprj/o_q_dly[64]                                              0.0450
 mprj/o_q_dly[4]                                               0.0446
 mprj/o_q_dly[33]                                              0.0446
 mprj/buf_i[91]                                                0.0434
 mprj/buf_i[178]                                               0.0422
 mprj/o_q[106]                                                 0.0420
 la_oenb[59]                                                   0.0409
 mprj/o_q[121]                                                 0.0406
 mprj/o_q[79]                                                  0.0401
 mprj/buf_i[170]                                               0.0393
 mprj/o_q[37]                                                  0.0385
 mprj/buf_i[235]                                               0.0382
 mprj/o_q[125]                                                 0.0380
 mprj/buf_i[100]                                               0.0375
 mprj/o_q_dly[95]                                              0.0374
 mprj/o_q_dly[55]                                              0.0373
 mprj/o_q_dly[25]                                              0.0370
 mprj/o_q_dly[82]                                              0.0364
 mprj/o_q[109]                                                 0.0362
 mprj/o_q_dly[19]                                              0.0362
 mprj/o_q[61]                                                  0.0359
 mprj/o_q[111]                                                 0.0355
 mprj/buf_i[8]                                                 0.0354
 mprj/o_q[51]                                                  0.0352
 mprj/buf_i[113]                                               0.0344
 mprj/o_q_dly[147]                                             0.0344
 mprj/o_q_dly[175]                                             0.0341
 mprj/buf_i[171]                                               0.0340
 mprj/buf_i[84]                                                0.0338
 mprj/o_q_dly[92]                                              0.0335
 mprj/o_q_dly[98]                                              0.0334
 mprj/o_q[150]                                                 0.0334
 mprj/o_q[67]                                                  0.0334
 mprj/o_q[7]                                                   0.0332
 mprj/buf_i[105]                                               0.0331
 mprj/o_q[166]                                                 0.0331
 mprj/o_q_dly[139]                                             0.0327
 mprj/buf_i[31]                                                0.0327
 mprj/o_q_dly[17]                                              0.0323
 mprj/o_q[160]                                                 0.0320
 mprj/o_q[131]                                                 0.0319
 mprj/o_q[110]                                                 0.0314
 mprj/o_q_dly[12]                                              0.0307
 io_out[22]                                                    0.0302
 mprj/o_q_dly[88]                                              0.0301
 mprj/buf_i[108]                                               0.0300
 mprj/o_q_dly[171]                                             0.0297
 mprj/buf_i[36]                                                0.0294
 mprj/o_q[174]                                                 0.0290
 mprj/buf_i[78]                                                0.0289
 mprj/o_q[90]                                                  0.0288
 mprj/buf_i[147]                                               0.0286
 mprj/buf_i[96]                                                0.0285
 mprj/o_q_dly[101]                                             0.0285
 mprj/buf_i[76]                                                0.0284
 mprj/o_q_dly[35]                                              0.0283
 mprj/o_q[122]                                                 0.0283
 mprj/o_q_dly[170]                                             0.0283
 mprj/o_q_dly[115]                                             0.0281
 mprj/o_q[105]                                                 0.0279
 mprj/o_q_dly[93]                                              0.0278
 mprj/o_q[107]                                                 0.0277
 mprj/buf_i[86]                                                0.0277
 mprj/buf_i[227]                                               0.0274
 mprj/buf_i[75]                                                0.0273
 mprj/buf_i[118]                                               0.0272
 mprj/buf_i[97]                                                0.0272
 mprj/o_q_dly[135]                                             0.0272
 mprj/o_q[39]                                                  0.0271
 mprj/buf_i[155]                                               0.0271
 mprj/o_q[108]                                                 0.0270
 mprj/o_q_dly[108]                                             0.0269
 mprj/o_q[134]                                                 0.0266
 mprj/o_q_dly[37]                                              0.0264
 mprj/buf_i[201]                                               0.0262
 mprj/buf_i[85]                                                0.0261
 mprj/buf_i[148]                                               0.0261
 mprj/o_q[95]                                                  0.0260
 mprj/o_q_dly[162]                                             0.0260
 mprj/o_q[12]                                                  0.0257
 mprj/o_q_dly[107]                                             0.0256
 mprj/o_q_dly[105]                                             0.0255
 mprj/o_q_dly[94]                                              0.0255
 mprj/o_q_dly[75]                                              0.0255
 mprj/buf_i[33]                                                0.0252
 mprj/o_q_dly[21]                                              0.0250
 mprj/o_q[27]                                                  0.0249
 mprj/o_q_dly[72]                                              0.0248
 mprj/o_q_dly[154]                                             0.0248
 mprj/buf_i[2]                                                 0.0247
 mprj/o_q_dly[164]                                             0.0245
 mprj/o_q_dly[10]                                              0.0241
 mprj/buf_i[156]                                               0.0238
 mprj/o_q[82]                                                  0.0237
 mprj/o_q[171]                                                 0.0236
 mprj/o_q[49]                                                  0.0232
 mprj/o_q_dly[44]                                              0.0232
 mprj/o_q_dly[145]                                             0.0231
 mprj/o_q_dly[122]                                             0.0230
 mprj/buf_i[34]                                                0.0228
 mprj/o_q_dly[5]                                               0.0227
 mprj/buf_i[149]                                               0.0226
 mprj/o_q[20]                                                  0.0225
 mprj/o_q_dly[160]                                             0.0224
 mprj/buf_i[196]                                               0.0223
 mprj/o_q[42]                                                  0.0222
 mprj/buf_i[143]                                               0.0222
 mprj/o_q_dly[116]                                             0.0222
 mprj/o_q[93]                                                  0.0222
 mprj/o_q[136]                                                 0.0220
 mprj/o_q_dly[15]                                              0.0219
 mprj/o_q_dly[121]                                             0.0217
 mprj/buf_i[153]                                               0.0215
 mprj/o_q[159]                                                 0.0214
 mprj/o_q_dly[22]                                              0.0213
 mprj/o_q_dly[71]                                              0.0212
 mprj/o_q_dly[66]                                              0.0212
 mprj/o_q[48]                                                  0.0207
 mprj/buf_i[53]                                                0.0207
 mprj/buf_i[18]                                                0.0204
 mprj/buf_i[136]                                               0.0203
 mprj/buf_i[89]                                                0.0201
 mprj/buf_i[82]                                                0.0200
 mprj/o_q[99]                                                  0.0198
 mprj/buf_i[63]                                                0.0198
 mprj/buf_i[51]                                                0.0198
 mprj/buf_i[132]                                               0.0196
 mprj/o_q_dly[173]                                             0.0195
 mprj/o_q[34]                                                  0.0195
 mprj/buf_i[17]                                                0.0193
 mprj/buf_i[50]                                                0.0191
 mprj/o_q[162]                                                 0.0191
 mprj/buf_i[13]                                                0.0190
 mprj/o_q[35]                                                  0.0190
 mprj/o_q_dly[148]                                             0.0188
 mprj/buf_i[181]                                               0.0187
 mprj/o_q_dly[109]                                             0.0187
 mprj/o_q[145]                                                 0.0187
 mprj/buf_i[200]                                               0.0186
 la_oenb[52]                                                   0.0182
 mprj/o_q_dly[91]                                              0.0182
 mprj/o_q[5]                                                   0.0181
 mprj/buf_i[112]                                               0.0180
 mprj/o_q[94]                                                  0.0179
 mprj/o_q[28]                                                  0.0177
 mprj/buf_i[226]                                               0.0174
 mprj/o_q_dly[52]                                              0.0171
 io_in[24]                                                     0.0171
 mprj/o_q[141]                                                 0.0170
 mprj/buf_i[106]                                               0.0167
 mprj/o_q[92]                                                  0.0164
 mprj/o_q_dly[126]                                             0.0164
 mprj/buf_i[102]                                               0.0163
 mprj/o_q[2]                                                   0.0159
 mprj/o_q_dly[103]                                             0.0159
 mprj/o_q[165]                                                 0.0158
 mprj/buf_i[42]                                                0.0157
 mprj/o_q_dly[127]                                             0.0156
 mprj/o_q_dly[102]                                             0.0156
 mprj/o_q_dly[124]                                             0.0155
 mprj/o_q_dly[48]                                              0.0151
 mprj/buf_i[138]                                               0.0151
 mprj/o_q[146]                                                 0.0150
 io_out[18]                                                    0.0150
 mprj/o_q[169]                                                 0.0148
 mprj/o_q[137]                                                 0.0147
 mprj/buf_i[32]                                                0.0146
 mprj/o_q_dly[169]                                             0.0146
 mprj/o_q[104]                                                 0.0144
 mprj/o_q_dly[50]                                              0.0142
 mprj/buf_i[167]                                               0.0142
 mprj/o_q_dly[85]                                              0.0139
 mprj/o_q[133]                                                 0.0138
 mprj/o_q[46]                                                  0.0138
 mprj/o_q[38]                                                  0.0135
 mprj/buf_i[150]                                               0.0133
 mprj/buf_i[20]                                                0.0131
 mprj/o_q_dly[165]                                             0.0130
 mprj/buf_i[151]                                               0.0129
 mprj/o_q[11]                                                  0.0127
 mprj/buf_i[229]                                               0.0124
 mprj/buf_i[184]                                               0.0124
 mprj/buf_i[7]                                                 0.0124
 mprj/buf_i[193]                                               0.0123
 mprj/o_q_dly[68]                                              0.0122
 mprj/buf_i[0]                                                 0.0122
 mprj/o_q[170]                                                 0.0120
 mprj/buf_i[231]                                               0.0120
 mprj/buf_i[109]                                               0.0120
 mprj/o_q[132]                                                 0.0120
 mprj/o_q_dly[141]                                             0.0119
 mprj/o_q[149]                                                 0.0119
 mprj/buf_i[98]                                                0.0116
 mprj/buf_i[164]                                               0.0115
 mprj/buf_i[54]                                                0.0115
 mprj/buf_i[103]                                               0.0114
 la_data_in[12]                                                0.0114
 mprj/o_q[4]                                                   0.0113
 mprj/o_q[24]                                                  0.0113
 mprj/o_q_dly[167]                                             0.0110
 mprj/buf_i[134]                                               0.0110
 mprj/o_q[163]                                                 0.0109
 mprj/buf_i[166]                                               0.0108
 mprj/o_q[62]                                                  0.0108
 mprj/buf_i[92]                                                0.0104
 mprj/o_q_dly[65]                                              0.0104
 mprj/o_q_dly[156]                                             0.0103
 mprj/buf_i[77]                                                0.0103
 mprj/o_q_dly[97]                                              0.0099
 mprj/buf_i[230]                                               0.0097
 mprj/buf_i[199]                                               0.0097
 mprj/buf_i[4]                                                 0.0097
 mprj/buf_i[154]                                               0.0097
 mprj/buf_i[93]                                                0.0097
 mprj/buf_i[183]                                               0.0091
 mprj/buf_i[88]                                                0.0089
 mprj/buf_i[228]                                               0.0089
 mprj/buf_i[202]                                               0.0088
 mprj/buf_i[83]                                                0.0087
 mprj/buf_i[221]                                               0.0086
 mprj/buf_i[222]                                               0.0086
 mprj/o_q[123]                                                 0.0085
 mprj/buf_i[52]                                                0.0084
 mprj/buf_i[3]                                                 0.0083
 mprj/buf_i[62]                                                0.0083
 mprj/buf_i[35]                                                0.0082
 mprj/buf_i[79]                                                0.0081
 mprj/o_q[127]                                                 0.0080
 mprj/o_q[157]                                                 0.0079
 mprj/buf_i[64]                                                0.0078
 mprj/o_q_dly[81]                                              0.0077
 mprj/o_q_dly[1]                                               0.0075
 mprj/buf_i[131]                                               0.0075
 mprj/o_q_dly[78]                                              0.0074
 mprj/buf_i[158]                                               0.0074
 mprj/o_q[129]                                                 0.0073
 mprj/buf_i[46]                                                0.0073
 mprj/buf_i[104]                                               0.0072
 mprj/o_q[158]                                                 0.0070
 mprj/o_q_dly[41]                                              0.0069
 mprj/buf_i[9]                                                 0.0067
 mprj/o_q_dly[73]                                              0.0062
 mprj/o_q[6]                                                   0.0060
 mprj/buf_i[44]                                                0.0060
 mprj/buf_i[21]                                                0.0060
 mprj/buf_i[207]                                               0.0060
 mprj/buf_i[197]                                               0.0059
 mprj/buf_i[66]                                                0.0056
 mprj/buf_i[48]                                                0.0053
 mprj/buf_i[198]                                               0.0052
 mprj/o_q[135]                                                 0.0050
 mprj/buf_i[5]                                                 0.0049
 mprj/buf_i[1]                                                 0.0048
 mprj/buf_i[232]                                               0.0046
 mprj/buf_i[19]                                                0.0044
 mprj/buf_i[194]                                               0.0042
 mprj/o_q_dly[32]                                              0.0041
 mprj/buf_i[80]                                                0.0040
 mprj/buf_i[30]                                                0.0040
 mprj/buf_i[72]                                                0.0039
 mprj/buf_i[23]                                                0.0039
 mprj/buf_i[140]                                               0.0039
 mprj/buf_i[60]                                                0.0032
 mprj/buf_i[43]                                                0.0032
 mprj/buf_i[224]                                               0.0032
 mprj/o_q_dly[39]                                              0.0031
 mprj/buf_i[73]                                                0.0030
 mprj/buf_i[55]                                                0.0028
 mprj/buf_i[141]                                               0.0028
 mprj/buf_i[12]                                                0.0027
 mprj/buf_i[14]                                                0.0025
 mprj/buf_i[74]                                                0.0024
 mprj/o_q[65]                                                  0.0023
 mprj/buf_i[45]                                                0.0022
 mprj/buf_i[10]                                                0.0021
 mprj/buf_i[146]                                               0.0020
 mprj/buf_i[90]                                                0.0019
 mprj/buf_i[214]                                               0.0018
 mprj/buf_i[69]                                                0.0016
 mprj/o_q[113]                                                 0.0013
 mprj/buf_i[94]                                                0.0011
 mprj/buf_i[145]                                               0.0011
 mprj/buf_i[114]                                               0.0010
 mprj/buf_i[169]                                               0.0009
 mprj/buf_i[165]                                               0.0008
 mprj/o_q[23]                                                  0.0006
 mprj/buf_i[101]                                               0.0005
 mprj/buf_i[37]                                                0.0004
 mprj/buf_i[81]                                                0.0004
 mprj/o_q_dly[130]                                             0.0000
 mprj/o_q_dly[96]                                              0.0000
 mprj/o_q_dly[16]                                             -0.0000
 mprj/buf_i[236]                                              -0.0000
 mprj/o_q[30]                                                  0.0000
 mprj/o_q[144]                                                 0.0000
 mprj/buf_i[128]                                              -0.0000
 mprj/o_q[143]                                                 0.0000
 mprj/o_q[47]                                                 -0.0000
 mprj/o_q_dly[13]                                              0.0000
 mprj/o_q[9]                                                   0.0000
 mprj/o_q[101]                                                -0.0000
 mprj/buf_i[233]                                              -0.0000
 mprj/o_q[45]                                                  0.0000
 mprj/o_q_dly[144]                                             0.0000
 mprj/buf_i[125]                                              -0.0000
 mprj/o_q_dly[90]                                              0.0000
 mprj/o_q[43]                                                  0.0000
 mprj/o_q[118]                                                 0.0000
 mprj/buf_i[39]                                               -0.0000
 mprj/buf_i[212]                                              -0.0000
 mprj/buf_i[211]                                              -0.0000
 mprj/buf_i[210]                                              -0.0000
 mprj/buf_i[142]                                              -0.0000
 mprj/o_q_dly[3]                                              -0.0000
 mprj/buf_i[163]                                              -0.0000
 mprj/buf_i[38]                                               -0.0000
 mprj/buf_i[157]                                              -0.0000
 mprj/o_q[41]                                                  0.0000
 mprj/buf_i[67]                                               -0.0000
 mprj/buf_i[162]                                              -0.0000
 mprj/o_q[116]                                                 0.0000
 mprj/o_q[40]                                                  0.0000
 mprj/buf_i[139]                                              -0.0000
 mprj/o_q[115]                                                 0.0000
 mprj/buf_i[189]                                              -0.0000
 mprj/o_q_dly[67]                                              0.0000
 mprj/o_q[154]                                                 0.0000
 la_oenb[30]                                                  -0.0000
 mprj/o_q[114]                                                 0.0000
 mprj/o_q[19]                                                  0.0000
 mprj/o_q[153]                                                 0.0000
 mprj/o_q_dly[26]                                             -0.0000
 mprj/buf_i[206]                                              -0.0000
 la_data_in[50]                                               -0.0000
 mprj/o_q_dly[157]                                            -0.0000
 mprj/o_q[0]                                                   0.0000
 la_data_in[54]                                               -0.0000
 la_data_in[59]                                               -0.0000
 io_in[19]                                                    -0.0000
 mprj/o_q[152]                                                 0.0000
 mprj/o_q[57]                                                  0.0000
 mprj/buf_i[203]                                              -0.0000
 mprj/o_q_dly[61]                                              0.0000
 mprj/o_q[112]                                                -0.0000
 mprj/o_q[56]                                                  0.0000
 mprj/o_q[16]                                                  0.0000
 mprj/o_q_dly[60]                                              0.0000
 mprj/o_q[14]                                                  0.0000
 mprj/buf_i[133]                                              -0.0000
 mprj/o_q[168]                                                 0.0000
 la_data_out[37]                                               0.0000
 mprj/buf_i[87]                                               -0.0000
 mprj/o_q_dly[111]                                            -0.0000
 mprj/o_q[128]                                                 0.0000
 io_out[12]                                                   -0.0000
 io_out[21]                                                    0.0000
 io_out[36]                                                    0.0000
 io_oeb[18]                                                    0.0000
 io_oeb[19]                                                   -0.0000
 mprj/o_q[126]                                                 0.0000
 mprj/o_q[50]                                                 -0.0000
 mprj/o_q[10]                                                  0.0000
 mprj/o_q[167]                                                 0.0000
 io_oeb[34]                                                    0.0000
 wbs_ack_o                                                    -0.0000
 mprj/o_q[164]                                                 0.0000
 mprj/buf_i[6]                                                -0.0000
 mprj/o_q[124]                                                 0.0000
 mprj/o_q_dly[125]                                             0.0000
 mprj/o_q_dly[31]                                             -0.0000
 mprj/buf_i[144]                                              -0.0000
 mprj/buf_i[59]                                               -0.0000
 mprj/o_q[161]                                                 0.0000
 mprj/o_q[26]                                                  0.0000
 mprj/o_q_dly[49]                                             -0.0000
 mprj/o_q_dly[47]                                              0.0000
 mprj/buf_i[16]                                               -0.0000
 mprj/o_q_dly[46]                                              0.0000
 mprj/o_q[22]                                                  0.0000
 mprj/o_q[21]                                                 -0.0000
 mprj/o_q[175]                                                -0.0000
 mprj/o_q_dly[84]                                              0.0000
 mprj/o_q[173]                                                 0.0000
 mprj/buf_i[195]                                              -0.0000
 mprj/o_q[172]                                                 0.0000
 mprj/o_q[36]                                                 -0.0000
 mprj/o_q[130]                                                 0.0000
 mprj/o_q_dly[99]                                             -0.0000
 mprj/buf_i[68]                                               -0.0000
 mprj/o_q_dly[59]                                              0.0000
 mprj/o_q_dly[58]                                              0.0000
 mprj/buf_i[27]                                               -0.0000
 mprj/o_q[148]                                                 0.0000
 mprj/o_q[147]                                                 0.0000
 mprj/o_q[32]                                                 -0.0000
 wbs_dat_i[0]                                                 -0.0000
 io_in[36]                                                    -0.0000

1
